<html>
<body>
<pre>
<h1>礦ision Build Log</h1>
<h2>Tool Versions:</h2>
IDE-Version: μVision V5.29.0.0
Copyright (C) 2019 ARM Ltd and ARM Germany GmbH. All rights reserved.
License Information: Li Huiever, scu, LIC=SDA0P-MML9V-NN7AF-6H5MF-6XJRW-1FU2X
 
Tool Versions:
Toolchain:       MDK-ARM Plus  Version: 5.29.0.0
Toolchain Path:  C:\Keil_v5\ARM\ARMCC\Bin
C Compiler:      Armcc.exe V5.06 update 6 (build 750)
Assembler:       Armasm.exe V5.06 update 6 (build 750)
Linker/Locator:  ArmLink.exe V5.06 update 6 (build 750)
Library Manager: ArmAr.exe V5.06 update 6 (build 750)
Hex Converter:   FromElf.exe V5.06 update 6 (build 750)
CPU DLL:         SARMCM3.DLL V5.29.0.0
Dialog DLL:      DCM.DLL V1.17.3.0
Target DLL:      STLink\ST-LINKIII-KEIL_SWO.dll V3.0.7.0
Dialog DLL:      TCM.DLL V1.36.5.0
 
<h2>Project:</h2>
D:\OneDrive\脑电采集系统设计\EEG\MDK_Project\实验25 SPI实验\USER\SPI.uvprojx
Project File Date:  04/18/2020

<h2>Output:</h2>
*** Using Compiler 'V5.06 update 6 (build 750)', folder: 'C:\Keil_v5\ARM\ARMCC\Bin'
Build target 'SPI'
compiling ads1299.c...
..\HARDWARE\ADS1299\ads1299.h(57): warning:  #1295-D: Deprecated declaration ads1299_init - give arg types
  void ads1299_init();
..\HARDWARE\ADS1299\ads1299.h(58): warning:  #1295-D: Deprecated declaration ads_data_process - give arg types
  void ads_data_process();
..\HARDWARE\ADS1299\ads1299.c(55): warning:  #550-D: variable "buffer"  was set but never used
  {	u8 buffer;
..\HARDWARE\ADS1299\ads1299.c(154): warning:  #1-D: last line of file ends without a newline
  }
..\HARDWARE\ADS1299\ads1299.c(129): warning:  #177-D: variable "j"  was declared but never referenced
      int j = 0;
..\HARDWARE\ADS1299\ads1299.c(131): warning:  #177-D: variable "HEX"  was declared but never referenced
      static uint32_t HEX[8] = {0};//未转换的电压值u16 Data = 0;
..\HARDWARE\ADS1299\ads1299.c: 6 warnings, 0 errors
linking...
Program Size: Code=7812 RO-data=424 RW-data=48 ZI-data=1896  
FromELF: creating hex file...
"..\OBJ\SPI.axf" - 0 Error(s), 6 Warning(s).

<h2>Software Packages used:</h2>

Package Vendor: Keil
                http://www.keil.com/pack/Keil.STM32F4xx_DFP.2.14.0.pack
                Keil.STM32F4xx_DFP.2.14.0
                STMicroelectronics STM32F4 Series Device Support, Drivers and Examples

<h2>Collection of Component include folders:</h2>
  .\RTE\_SPI
  D:\Program cache\KeilPacks\Keil\STM32F4xx_DFP\2.14.0\Drivers\CMSIS\Device\ST\STM32F4xx\Include

<h2>Collection of Component Files used:</h2>
Build Time Elapsed:  00:00:02
</pre>
</body>
</html>
