Component: ARM Compiler 5.06 update 6 (build 750) Tool: armlink [4d35ed]

==============================================================================

Section Cross References

    main.o(.text) refers to misc.o(.text) for NVIC_PriorityGroupConfig
    main.o(.text) refers to delay.o(.text) for delay_init
    main.o(.text) refers to usart.o(.text) for uart_init
    main.o(.text) refers to led.o(.text) for LED_Init
    main.o(.text) refers to ads1299.o(.text) for ads1299_init
    main.o(.text) refers to exti.o(.text) for EXTIX_Init
    system_stm32f4xx.o(.text) refers to system_stm32f4xx.o(.data) for SystemCoreClock
    led.o(.text) refers to stm32f4xx_rcc.o(.text) for RCC_AHB1PeriphClockCmd
    led.o(.text) refers to stm32f4xx_gpio.o(.text) for GPIO_Init
    lcd.o(.text) refers to _printf_percent.o(.ARM.Collect$$_printf_percent$$00000000) for _printf_percent
    lcd.o(.text) refers to _printf_x.o(.ARM.Collect$$_printf_percent$$0000000C) for _printf_x
    lcd.o(.text) refers to _printf_hex_int.o(.text) for _printf_longlong_hex
    lcd.o(.text) refers to delay.o(.text) for delay_us
    lcd.o(.text) refers to lcd.o(.bss) for lcddev
    lcd.o(.text) refers to lcd.o(.data) for POINT_COLOR
    lcd.o(.text) refers to stm32f4xx_rcc.o(.text) for RCC_AHB1PeriphClockCmd
    lcd.o(.text) refers to stm32f4xx_gpio.o(.text) for GPIO_Init
    lcd.o(.text) refers to stm32f4xx_fsmc.o(.text) for FSMC_NORSRAMInit
    lcd.o(.text) refers to noretval__2printf.o(.text) for __2printf
    lcd.o(.text) refers to lcd.o(.constdata) for asc2_1206
    key.o(.text) refers to stm32f4xx_rcc.o(.text) for RCC_AHB1PeriphClockCmd
    key.o(.text) refers to stm32f4xx_gpio.o(.text) for GPIO_Init
    key.o(.text) refers to delay.o(.text) for delay_ms
    key.o(.text) refers to key.o(.data) for key_up
    spi.o(.text) refers to stm32f4xx_rcc.o(.text) for RCC_AHB1PeriphClockCmd
    spi.o(.text) refers to stm32f4xx_gpio.o(.text) for GPIO_Init
    spi.o(.text) refers to stm32f4xx_spi.o(.text) for SPI_Init
    ads1299.o(.text) refers to stm32f4xx_spi.o(.text) for SPI_I2S_GetFlagStatus
    ads1299.o(.text) refers to noretval__2printf.o(.text) for __2printf
    ads1299.o(.text) refers to delay.o(.text) for delay_ms
    ads1299.o(.text) refers to spi.o(.text) for SPI3_Init
    ads1299.o(.text) refers to stm32f4xx_rcc.o(.text) for RCC_AHB1PeriphClockCmd
    ads1299.o(.text) refers to stm32f4xx_gpio.o(.text) for GPIO_Init
    ads1299.o(.text) refers to rt_memcpy_v6.o(.text) for __aeabi_memcpy
    ads1299.o(.text) refers to usart.o(.text) for MYDMA_Enable
    ads1299.o(.text) refers to ads1299.o(.bss) for DATA_REC
    ads1299.o(.text) refers to ads1299.o(.data) for ads_data
    ads1299.o(.text) refers to usart.o(.bss) for uart_send_data
    exti.o(.text) refers to stm32f4xx_exti.o(.text) for EXTI_GetFlagStatus
    exti.o(.text) refers to ads1299.o(.text) for ads_data_process
    exti.o(.text) refers to stm32f4xx_rcc.o(.text) for RCC_APB2PeriphClockCmd
    exti.o(.text) refers to stm32f4xx_syscfg.o(.text) for SYSCFG_EXTILineConfig
    exti.o(.text) refers to misc.o(.text) for NVIC_Init
    delay.o(.text) refers to misc.o(.text) for SysTick_CLKSourceConfig
    delay.o(.text) refers to delay.o(.data) for fac_us
    usart.o(.rev16_text) refers (Special) to use_no_semi_2.o(.text) for __use_no_semihosting
    usart.o(.revsh_text) refers (Special) to use_no_semi_2.o(.text) for __use_no_semihosting
    usart.o(.text) refers (Special) to use_no_semi_2.o(.text) for __use_no_semihosting
    usart.o(.text) refers to stm32f4xx_rcc.o(.text) for RCC_AHB1PeriphClockCmd
    usart.o(.text) refers to stm32f4xx_dma.o(.text) for DMA_DeInit
    usart.o(.text) refers to misc.o(.text) for NVIC_Init
    usart.o(.text) refers to stm32f4xx_gpio.o(.text) for GPIO_PinAFConfig
    usart.o(.text) refers to stm32f4xx_usart.o(.text) for USART_Init
    usart.o(.text) refers to ads1299.o(.text) for processChar
    usart.o(.text) refers to usart.o(.bss) for uart_send_data
    usart.o(.bss) refers (Special) to use_no_semi_2.o(.text) for __use_no_semihosting
    usart.o(.data) refers (Special) to use_no_semi_2.o(.text) for __use_no_semihosting
    startup_stm32f40_41xxx.o(STACK) refers (Special) to heapauxi.o(.text) for __use_two_region_memory
    startup_stm32f40_41xxx.o(HEAP) refers (Special) to heapauxi.o(.text) for __use_two_region_memory
    startup_stm32f40_41xxx.o(RESET) refers (Special) to heapauxi.o(.text) for __use_two_region_memory
    startup_stm32f40_41xxx.o(RESET) refers to startup_stm32f40_41xxx.o(STACK) for __initial_sp
    startup_stm32f40_41xxx.o(RESET) refers to startup_stm32f40_41xxx.o(.text) for Reset_Handler
    startup_stm32f40_41xxx.o(RESET) refers to stm32f4xx_it.o(.text) for NMI_Handler
    startup_stm32f40_41xxx.o(RESET) refers to exti.o(.text) for EXTI9_5_IRQHandler
    startup_stm32f40_41xxx.o(RESET) refers to usart.o(.text) for USART1_IRQHandler
    startup_stm32f40_41xxx.o(.text) refers (Special) to heapauxi.o(.text) for __use_two_region_memory
[...]
    __rtentry2.o(.ARM.Collect$$rtentry$$00000008) refers to boardinit2.o(.text) for _platform_post_stackheap_init
    __rtentry2.o(.ARM.Collect$$rtentry$$0000000A) refers to libinit.o(.ARM.Collect$$libinit$$00000000) for __rt_lib_init
    __rtentry2.o(.ARM.Collect$$rtentry$$0000000B) refers to boardinit3.o(.text) for _platform_post_lib_init
    __rtentry2.o(.ARM.Collect$$rtentry$$0000000D) refers to main.o(.text) for main
    __rtentry2.o(.ARM.Collect$$rtentry$$0000000D) refers to exit.o(.text) for exit
    __rtentry2.o(.ARM.exidx) refers to __rtentry2.o(.ARM.Collect$$rtentry$$00000001) for .ARM.Collect$$rtentry$$00000001
    __rtentry2.o(.ARM.exidx) refers to __rtentry2.o(.ARM.Collect$$rtentry$$00000008) for .ARM.Collect$$rtentry$$00000008
    __rtentry2.o(.ARM.exidx) refers to __rtentry2.o(.ARM.Collect$$rtentry$$0000000A) for .ARM.Collect$$rtentry$$0000000A
    __rtentry2.o(.ARM.exidx) refers to __rtentry2.o(.ARM.Collect$$rtentry$$0000000B) for .ARM.Collect$$rtentry$$0000000B
    __rtentry2.o(.ARM.exidx) refers to __rtentry2.o(.ARM.Collect$$rtentry$$0000000D) for .ARM.Collect$$rtentry$$0000000D
    __rtentry4.o(.ARM.Collect$$rtentry$$00000004) refers to sys_stackheap_outer.o(.text) for __user_setup_stackheap
    __rtentry4.o(.ARM.exidx) refers to __rtentry4.o(.ARM.Collect$$rtentry$$00000004) for .ARM.Collect$$rtentry$$00000004
    _printf_char_common.o(.text) refers to __printf.o(.text) for __printf
    sys_stackheap_outer.o(.text) refers to libspace.o(.text) for __user_perproc_libspace
    sys_stackheap_outer.o(.text) refers to startup_stm32f40_41xxx.o(.text) for __user_initial_stackheap
    exit.o(.text) refers to rtexit.o(.ARM.Collect$$rtexit$$00000000) for __rt_exit
    libinit.o(.ARM.Collect$$libinit$$00000000) refers (Special) to libinit2.o(.ARM.Collect$$libinit$$0000002E) for __rt_lib_init_alloca_1
    libinit.o(.ARM.Collect$$libinit$$00000000) refers (Special) to libinit2.o(.ARM.Collect$$libinit$$0000002C) for __rt_lib_init_argv_1
    libinit.o(.ARM.Collect$$libinit$$00000000) refers (Special) to libinit2.o(.ARM.Collect$$libinit$$0000001B) for __rt_lib_init_atexit_1
    libinit.o(.ARM.Collect$$libinit$$00000000) refers (Special) to libinit2.o(.ARM.Collect$$libinit$$00000021) for __rt_lib_init_clock_1
    libinit.o(.ARM.Collect$$libinit$$00000000) refers (Special) to libinit2.o(.ARM.Collect$$libinit$$00000032) for __rt_lib_init_cpp_1
    libinit.o(.ARM.Collect$$libinit$$00000000) refers (Special) to libinit2.o(.ARM.Collect$$libinit$$00000030) for __rt_lib_init_exceptions_1
    libinit.o(.ARM.Collect$$libinit$$00000000) refers (Special) to libinit2.o(.ARM.Collect$$libinit$$00000001) for __rt_lib_init_fp_1
    libinit.o(.ARM.Collect$$libinit$$00000000) refers (Special) to libinit2.o(.ARM.Collect$$libinit$$0000001F) for __rt_lib_init_fp_trap_1
    libinit.o(.ARM.Collect$$libinit$$00000000) refers (Special) to libinit2.o(.ARM.Collect$$libinit$$00000023) for __rt_lib_init_getenv_1
    libinit.o(.ARM.Collect$$libinit$$00000000) refers (Special) to libinit2.o(.ARM.Collect$$libinit$$0000000A) for __rt_lib_init_heap_1
    libinit.o(.ARM.Collect$$libinit$$00000000) refers (Special) to libinit2.o(.ARM.Collect$$libinit$$00000011) for __rt_lib_init_lc_collate_1
    libinit.o(.ARM.Collect$$libinit$$00000000) refers (Special) to libinit2.o(.ARM.Collect$$libinit$$00000013) for __rt_lib_init_lc_ctype_1
    libinit.o(.ARM.Collect$$libinit$$00000000) refers (Special) to libinit2.o(.ARM.Collect$$libinit$$00000015) for __rt_lib_init_lc_monetary_1
    libinit.o(.ARM.Collect$$libinit$$00000000) refers (Special) to libinit2.o(.ARM.Collect$$libinit$$00000017) for __rt_lib_init_lc_numeric_1
    libinit.o(.ARM.Collect$$libinit$$00000000) refers (Special) to libinit2.o(.ARM.Collect$$libinit$$00000019) for __rt_lib_init_lc_time_1
    libinit.o(.ARM.Collect$$libinit$$00000000) refers (Special) to libinit2.o(.ARM.Collect$$libinit$$00000004) for __rt_lib_init_preinit_1
    libinit.o(.ARM.Collect$$libinit$$00000000) refers (Special) to libinit2.o(.ARM.Collect$$libinit$$0000000E) for __rt_lib_init_rand_1
    libinit.o(.ARM.Collect$$libinit$$00000000) refers (Special) to libinit2.o(.ARM.Collect$$libinit$$00000033) for __rt_lib_init_return
    libinit.o(.ARM.Collect$$libinit$$00000000) refers (Special) to libinit2.o(.ARM.Collect$$libinit$$0000001D) for __rt_lib_init_signal_1
    libinit.o(.ARM.Collect$$libinit$$00000000) refers (Special) to libinit2.o(.ARM.Collect$$libinit$$00000025) for __rt_lib_init_stdio_1
    libinit.o(.ARM.Collect$$libinit$$00000000) refers (Special) to libinit2.o(.ARM.Collect$$libinit$$0000000C) for __rt_lib_init_user_alloc_1
    libspace.o(.text) refers to libspace.o(.bss) for __libspace_start
    rtexit.o(.ARM.Collect$$rtexit$$00000000) refers (Special) to rtexit2.o(.ARM.Collect$$rtexit$$00000004) for __rt_exit_exit
    rtexit.o(.ARM.Collect$$rtexit$$00000000) refers (Special) to rtexit2.o(.ARM.Collect$$rtexit$$00000003) for __rt_exit_ls
    rtexit.o(.ARM.Collect$$rtexit$$00000000) refers (Special) to rtexit2.o(.ARM.Collect$$rtexit$$00000002) for __rt_exit_prels_1
    rtexit.o(.ARM.exidx) refers (Special) to rtexit2.o(.ARM.Collect$$rtexit$$00000004) for __rt_exit_exit
    rtexit.o(.ARM.exidx) refers (Special) to rtexit2.o(.ARM.Collect$$rtexit$$00000003) for __rt_exit_ls
    rtexit.o(.ARM.exidx) refers (Special) to rtexit2.o(.ARM.Collect$$rtexit$$00000002) for __rt_exit_prels_1
    rtexit.o(.ARM.exidx) refers to rtexit.o(.ARM.Collect$$rtexit$$00000000) for .ARM.Collect$$rtexit$$00000000
    libinit2.o(.ARM.Collect$$libinit$$00000001) refers to fpinit.o(x$fpl$fpinit) for _fp_init
    libinit2.o(.ARM.Collect$$libinit$$00000010) refers to libinit2.o(.ARM.Collect$$libinit$$0000000F) for .ARM.Collect$$libinit$$0000000F
    libinit2.o(.ARM.Collect$$libinit$$00000012) refers to libinit2.o(.ARM.Collect$$libinit$$0000000F) for .ARM.Collect$$libinit$$0000000F
    libinit2.o(.ARM.Collect$$libinit$$00000014) refers to libinit2.o(.ARM.Collect$$libinit$$0000000F) for .ARM.Collect$$libinit$$0000000F
    libinit2.o(.ARM.Collect$$libinit$$00000016) refers to libinit2.o(.ARM.Collect$$libinit$$0000000F) for .ARM.Collect$$libinit$$0000000F
    libinit2.o(.ARM.Collect$$libinit$$00000018) refers to libinit2.o(.ARM.Collect$$libinit$$0000000F) for .ARM.Collect$$libinit$$0000000F
    libinit2.o(.ARM.Collect$$libinit$$00000026) refers to argv_veneer.o(.emb_text) for __ARM_argv_veneer
    libinit2.o(.ARM.Collect$$libinit$$00000027) refers to argv_veneer.o(.emb_text) for __ARM_argv_veneer
    rtexit2.o(.ARM.Collect$$rtexit$$00000003) refers to libshutdown.o(.ARM.Collect$$libshutdown$$00000000) for __rt_lib_shutdown
    rtexit2.o(.ARM.Collect$$rtexit$$00000004) refers to usart.o(.text) for _sys_exit
    rtexit2.o(.ARM.exidx) refers to rtexit2.o(.ARM.Collect$$rtexit$$00000001) for .ARM.Collect$$rtexit$$00000001
    rtexit2.o(.ARM.exidx) refers to rtexit2.o(.ARM.Collect$$rtexit$$00000003) for .ARM.Collect$$rtexit$$00000003
    rtexit2.o(.ARM.exidx) refers to rtexit2.o(.ARM.Collect$$rtexit$$00000004) for .ARM.Collect$$rtexit$$00000004
    argv_veneer.o(.emb_text) refers to no_argv.o(.text) for __ARM_get_argv
    _get_argv_nomalloc.o(.text) refers (Special) to hrguard.o(.text) for __heap_region$guard
    _get_argv_nomalloc.o(.text) refers to defsig_rtmem_outer.o(.text) for __rt_SIGRTMEM
    _get_argv_nomalloc.o(.text) refers to sys_command.o(.text) for _sys_command_string
    libshutdown.o(.ARM.Collect$$libshutdown$$00000000) refers (Special) to libshutdown2.o(.ARM.Collect$$libshutdown$$00000002) for __rt_lib_shutdown_cpp_1
    libshutdown.o(.ARM.Collect$$libshutdown$$00000000) refers (Special) to libshutdown2.o(.ARM.Collect$$libshutdown$$00000007) for __rt_lib_shutdown_fp_trap_1
    libshutdown.o(.ARM.Collect$$libshutdown$$00000000) refers (Special) to libshutdown2.o(.ARM.Collect$$libshutdown$$0000000F) for __rt_lib_shutdown_heap_1
    libshutdown.o(.ARM.Collect$$libshutdown$$00000000) refers (Special) to libshutdown2.o(.ARM.Collect$$libshutdown$$00000010) for __rt_lib_shutdown_return
    libshutdown.o(.ARM.Collect$$libshutdown$$00000000) refers (Special) to libshutdown2.o(.ARM.Collect$$libshutdown$$0000000A) for __rt_lib_shutdown_signal_1
    libshutdown.o(.ARM.Collect$$libshutdown$$00000000) refers (Special) to libshutdown2.o(.ARM.Collect$$libshutdown$$00000004) for __rt_lib_shutdown_stdio_1
    libshutdown.o(.ARM.Collect$$libshutdown$$00000000) refers (Special) to libshutdown2.o(.ARM.Collect$$libshutdown$$0000000C) for __rt_lib_shutdown_user_alloc_1
    sys_command.o(.text) refers (Special) to use_no_semi.o(.text) for __I$use$semihosting
    sys_command.o(.text) refers (Special) to indicate_semi.o(.text) for __semihosting_library_function
    defsig_rtmem_outer.o(.text) refers to defsig_rtmem_inner.o(.text) for __rt_SIGRTMEM_inner
    defsig_rtmem_outer.o(.text) refers to defsig_exit.o(.text) for __sig_exit
    defsig_rtmem_formal.o(.text) refers to rt_raise.o(.text) for __rt_raise
    rt_raise.o(.text) refers to __raise.o(.text) for __raise
    rt_raise.o(.text) refers to usart.o(.text) for _sys_exit
    defsig_exit.o(.text) refers to usart.o(.text) for _sys_exit
    defsig_rtmem_inner.o(.text) refers to defsig_general.o(.text) for __default_signal_display
    __raise.o(.text) refers to defsig.o(CL$$defsig) for __default_signal_handler
    defsig_general.o(.text) refers to sys_wrch.o(.text) for _ttywrch
    sys_wrch.o(.text) refers (Special) to use_no_semi.o(.text) for __I$use$semihosting
    sys_wrch.o(.text) refers (Special) to indicate_semi.o(.text) for __semihosting_library_function
    defsig.o(CL$$defsig) refers to defsig_rtmem_inner.o(.text) for __rt_SIGRTMEM_inner
    defsig_abrt_inner.o(.text) refers to defsig_general.o(.text) for __default_signal_display
    defsig_fpe_inner.o(.text) refers to defsig_general.o(.text) for __default_signal_display
    defsig_rtred_inner.o(.text) refers to defsig_general.o(.text) for __default_signal_display
    defsig_stak_inner.o(.text) refers to defsig_general.o(.text) for __default_signal_display
    defsig_pvfn_inner.o(.text) refers to defsig_general.o(.text) for __default_signal_display
    defsig_cppl_inner.o(.text) refers to defsig_general.o(.text) for __default_signal_display
    defsig_segv_inner.o(.text) refers to defsig_general.o(.text) for __default_signal_display
    defsig_other.o(.text) refers to defsig_general.o(.text) for __default_signal_display


==============================================================================

Removing Unused input sections from the image.

    Removing main.o(.rev16_text), (4 bytes).
    Removing main.o(.revsh_text), (4 bytes).
    Removing stm32f4xx_it.o(.rev16_text), (4 bytes).
    Removing stm32f4xx_it.o(.revsh_text), (4 bytes).
    Removing system_stm32f4xx.o(.rev16_text), (4 bytes).
    Removing system_stm32f4xx.o(.revsh_text), (4 bytes).
    Removing led.o(.rev16_text), (4 bytes).
    Removing led.o(.revsh_text), (4 bytes).
    Removing lcd.o(.rev16_text), (4 bytes).
    Removing lcd.o(.revsh_text), (4 bytes).
    Removing lcd.o(.text), (18460 bytes).
    Removing lcd.o(.bss), (14 bytes).
    Removing lcd.o(.constdata), (6080 bytes).
    Removing lcd.o(.data), (4 bytes).
    Removing key.o(.rev16_text), (4 bytes).
    Removing key.o(.revsh_text), (4 bytes).
    Removing key.o(.text), (260 bytes).
    Removing key.o(.data), (1 bytes).
    Removing spi.o(.rev16_text), (4 bytes).
    Removing spi.o(.revsh_text), (4 bytes).
    Removing ads1299.o(.rev16_text), (4 bytes).
    Removing ads1299.o(.revsh_text), (4 bytes).
    Removing exti.o(.rev16_text), (4 bytes).
    Removing exti.o(.revsh_text), (4 bytes).
    Removing delay.o(.rev16_text), (4 bytes).
    Removing delay.o(.revsh_text), (4 bytes).
    Removing sys.o(.rev16_text), (4 bytes).
    Removing sys.o(.revsh_text), (4 bytes).
    Removing sys.o(.emb_text), (16 bytes).
    Removing usart.o(.rev16_text), (4 bytes).
    Removing usart.o(.revsh_text), (4 bytes).
    Removing misc.o(.rev16_text), (4 bytes).
    Removing misc.o(.revsh_text), (4 bytes).
    Removing stm32f4xx_gpio.o(.rev16_text), (4 bytes).
    Removing stm32f4xx_gpio.o(.revsh_text), (4 bytes).
    Removing stm32f4xx_fsmc.o(.rev16_text), (4 bytes).
    Removing stm32f4xx_fsmc.o(.revsh_text), (4 bytes).
    Removing stm32f4xx_fsmc.o(.text), (1480 bytes).
    Removing stm32f4xx_fsmc.o(.constdata), (28 bytes).
    Removing stm32f4xx_rcc.o(.rev16_text), (4 bytes).
    Removing stm32f4xx_rcc.o(.revsh_text), (4 bytes).
    Removing stm32f4xx_spi.o(.rev16_text), (4 bytes).
    Removing stm32f4xx_spi.o(.revsh_text), (4 bytes).
    Removing stm32f4xx_syscfg.o(.rev16_text), (4 bytes).
    Removing stm32f4xx_syscfg.o(.revsh_text), (4 bytes).
    Removing stm32f4xx_usart.o(.rev16_text), (4 bytes).
    Removing stm32f4xx_usart.o(.revsh_text), (4 bytes).
    Removing stm32f4xx_exti.o(.rev16_text), (4 bytes).
    Removing stm32f4xx_exti.o(.revsh_text), (4 bytes).
    Removing stm32f4xx_dma.o(.rev16_text), (4 bytes).
    Removing stm32f4xx_dma.o(.revsh_text), (4 bytes).

51 unused section(s) (total 26511 bytes) removed from the image.

==============================================================================

Image Symbol Table

    Local Symbols

    Symbol Name                              Value     Ov Type        Size  Object(Section)

    ../clib/angel/boardlib.s                 0x00000000   Number         0  boardinit1.o ABSOLUTE
    ../clib/angel/boardlib.s                 0x00000000   Number         0  boardshut.o ABSOLUTE
    ../clib/angel/boardlib.s                 0x00000000   Number         0  boardinit2.o ABSOLUTE
    ../clib/angel/boardlib.s                 0x00000000   Number         0  boardinit3.o ABSOLUTE
    ../clib/angel/handlers.s                 0x00000000   Number         0  __scatter_copy.o ABSOLUTE
    ../clib/angel/handlers.s                 0x00000000   Number         0  __scatter_zi.o ABSOLUTE
    ../clib/angel/kernel.s                   0x00000000   Number         0  __rtentry4.o ABSOLUTE
    ../clib/angel/kernel.s                   0x00000000   Number         0  rtexit2.o ABSOLUTE
    ../clib/angel/kernel.s                   0x00000000   Number         0  __rtentry.o ABSOLUTE
    ../clib/angel/kernel.s                   0x00000000   Number         0  __rtentry2.o ABSOLUTE
    ../clib/angel/kernel.s                   0x00000000   Number         0  rtexit.o ABSOLUTE
    ../clib/angel/rt.s                       0x00000000   Number         0  rt_raise.o ABSOLUTE
    ../clib/angel/scatter.s                  0x00000000   Number         0  __scatter.o ABSOLUTE
    ../clib/angel/startup.s                  0x00000000   Number         0  __main.o ABSOLUTE
    ../clib/angel/sys.s                      0x00000000   Number         0  use_no_semi.o ABSOLUTE
    ../clib/angel/sys.s                      0x00000000   Number         0  use_no_semi_2.o ABSOLUTE
    ../clib/angel/sys.s                      0x00000000   Number         0  libspace.o ABSOLUTE
    ../clib/angel/sys.s                      0x00000000   Number         0  indicate_semi.o ABSOLUTE
    ../clib/angel/sys.s                      0x00000000   Number         0  sys_stackheap_outer.o ABSOLUTE
    ../clib/angel/sysapp.c                   0x00000000   Number         0  sys_wrch.o ABSOLUTE
    ../clib/angel/sysapp.c                   0x00000000   Number         0  sys_command.o ABSOLUTE
    ../clib/armsys.c                         0x00000000   Number         0  argv_veneer.o ABSOLUTE
    ../clib/armsys.c                         0x00000000   Number         0  argv_veneer.o ABSOLUTE
    ../clib/armsys.c                         0x00000000   Number         0  _get_argv_nomalloc.o ABSOLUTE
    ../clib/armsys.c                         0x00000000   Number         0  no_argv.o ABSOLUTE
    ../clib/heapalloc.c                      0x00000000   Number         0  hrguard.o ABSOLUTE
    ../clib/heapaux.c                        0x00000000   Number         0  heapauxi.o ABSOLUTE
    ../clib/libinit.s                        0x00000000   Number         0  libinit2.o ABSOLUTE
    ../clib/libinit.s                        0x00000000   Number         0  libinit.o ABSOLUTE
    ../clib/libinit.s                        0x00000000   Number         0  libshutdown2.o ABSOLUTE
    ../clib/libinit.s                        0x00000000   Number         0  libshutdown.o ABSOLUTE
    ../clib/memcpset.s                       0x00000000   Number         0  rt_memcpy_w.o ABSOLUTE
    ../clib/memcpset.s                       0x00000000   Number         0  rt_memcpy_v6.o ABSOLUTE
    ../clib/printf.c                         0x00000000   Number         0  __printf_ss_wp.o ABSOLUTE
    ../clib/printf.c                         0x00000000   Number         0  __printf_flags_ss_wp.o ABSOLUTE
    ../clib/printf.c                         0x00000000   Number         0  __printf_flags.o ABSOLUTE
    ../clib/printf.c                         0x00000000   Number         0  _printf_char_common.o ABSOLUTE
    ../clib/printf.c                         0x00000000   Number         0  __printf_nopercent.o ABSOLUTE
    ../clib/printf.c                         0x00000000   Number         0  _printf_char_file.o ABSOLUTE
    ../clib/printf.c                         0x00000000   Number         0  __2printf.o ABSOLUTE
    ../clib/printf.c                         0x00000000   Number         0  noretval__2printf.o ABSOLUTE
    ../clib/printf.c                         0x00000000   Number         0  _printf_intcommon.o ABSOLUTE
    ../clib/printf.c                         0x00000000   Number         0  __printf.o ABSOLUTE
    ../clib/printf.c                         0x00000000   Number         0  _printf_hex_ll.o ABSOLUTE
    ../clib/printf.c                         0x00000000   Number         0  _printf_hex_int.o ABSOLUTE
    ../clib/printf.c                         0x00000000   Number         0  _printf_hex_int_ll.o ABSOLUTE
    ../clib/printf.c                         0x00000000   Number         0  _printf_hex_ptr.o ABSOLUTE
    ../clib/printf.c                         0x00000000   Number         0  _printf_hex_int_ptr.o ABSOLUTE
    ../clib/printf.c                         0x00000000   Number         0  _printf_hex_ll_ptr.o ABSOLUTE
    ../clib/printf.c                         0x00000000   Number         0  _printf_hex_int_ll_ptr.o ABSOLUTE
    ../clib/printf.c                         0x00000000   Number         0  __printf_ss.o ABSOLUTE
    ../clib/printf.c                         0x00000000   Number         0  __printf_flags_ss.o ABSOLUTE
    ../clib/printf.c                         0x00000000   Number         0  __printf_wp.o ABSOLUTE
    ../clib/printf.c                         0x00000000   Number         0  __printf_flags_wp.o ABSOLUTE
    ../clib/printf_percent.s                 0x00000000   Number         0  _printf_percent_end.o ABSOLUTE
    ../clib/printf_percent.s                 0x00000000   Number         0  _printf_x.o ABSOLUTE
    ../clib/printf_percent.s                 0x00000000   Number         0  _printf_percent.o ABSOLUTE
    ../clib/signal.c                         0x00000000   Number         0  defsig_fpe_inner.o ABSOLUTE
    ../clib/signal.c                         0x00000000   Number         0  defsig_other.o ABSOLUTE
    ../clib/signal.c                         0x00000000   Number         0  defsig_segv_inner.o ABSOLUTE
    ../clib/signal.c                         0x00000000   Number         0  defsig_cppl_inner.o ABSOLUTE
    ../clib/signal.c                         0x00000000   Number         0  defsig_pvfn_inner.o ABSOLUTE
    ../clib/signal.c                         0x00000000   Number         0  defsig_stak_inner.o ABSOLUTE
    ../clib/signal.c                         0x00000000   Number         0  defsig_rtred_inner.o ABSOLUTE
    ../clib/signal.c                         0x00000000   Number         0  defsig_rtmem_outer.o ABSOLUTE
    ../clib/signal.c                         0x00000000   Number         0  defsig_abrt_inner.o ABSOLUTE
    ../clib/signal.c                         0x00000000   Number         0  defsig_exit.o ABSOLUTE
    ../clib/signal.c                         0x00000000   Number         0  defsig_rtmem_inner.o ABSOLUTE
    ../clib/signal.c                         0x00000000   Number         0  __raise.o ABSOLUTE
    ../clib/signal.c                         0x00000000   Number         0  defsig_general.o ABSOLUTE
    ../clib/signal.c                         0x00000000   Number         0  defsig_rtmem_formal.o ABSOLUTE
    ../clib/signal.s                         0x00000000   Number         0  defsig.o ABSOLUTE
    ../clib/stdio.c                          0x00000000   Number         0  ferror.o ABSOLUTE
    ../clib/stdio.c                          0x00000000   Number         0  ferror_locked.o ABSOLUTE
    ../clib/stdlib.c                         0x00000000   Number         0  exit.o ABSOLUTE
    ../fplib/fpinit.s                        0x00000000   Number         0  fpinit.o ABSOLUTE
    ..\CORE\startup_stm32f40_41xxx.s         0x00000000   Number         0  startup_stm32f40_41xxx.o ABSOLUTE
    ..\FWLIB\src\misc.c                      0x00000000   Number         0  misc.o ABSOLUTE
    ..\FWLIB\src\stm32f4xx_dma.c             0x00000000   Number         0  stm32f4xx_dma.o ABSOLUTE
    ..\FWLIB\src\stm32f4xx_exti.c            0x00000000   Number         0  stm32f4xx_exti.o ABSOLUTE
    ..\FWLIB\src\stm32f4xx_fsmc.c            0x00000000   Number         0  stm32f4xx_fsmc.o ABSOLUTE
    ..\FWLIB\src\stm32f4xx_gpio.c            0x00000000   Number         0  stm32f4xx_gpio.o ABSOLUTE
    ..\FWLIB\src\stm32f4xx_rcc.c             0x00000000   Number         0  stm32f4xx_rcc.o ABSOLUTE
    ..\FWLIB\src\stm32f4xx_spi.c             0x00000000   Number         0  stm32f4xx_spi.o ABSOLUTE
    ..\FWLIB\src\stm32f4xx_syscfg.c          0x00000000   Number         0  stm32f4xx_syscfg.o ABSOLUTE
    ..\FWLIB\src\stm32f4xx_usart.c           0x00000000   Number         0  stm32f4xx_usart.o ABSOLUTE
    ..\HARDWARE\ADS1299\ads1299.c            0x00000000   Number         0  ads1299.o ABSOLUTE
    ..\HARDWARE\EXTI\exti.c                  0x00000000   Number         0  exti.o ABSOLUTE
    ..\HARDWARE\KEY\key.c                    0x00000000   Number         0  key.o ABSOLUTE
    ..\HARDWARE\LCD\lcd.c                    0x00000000   Number         0  lcd.o ABSOLUTE
    ..\HARDWARE\LED\led.c                    0x00000000   Number         0  led.o ABSOLUTE
    ..\HARDWARE\SPI\spi.c                    0x00000000   Number         0  spi.o ABSOLUTE
    ..\SYSTEM\delay\delay.c                  0x00000000   Number         0  delay.o ABSOLUTE
    ..\SYSTEM\sys\sys.c                      0x00000000   Number         0  sys.o ABSOLUTE
    ..\SYSTEM\usart\usart.c                  0x00000000   Number         0  usart.o ABSOLUTE
    ..\\FWLIB\\src\\misc.c                   0x00000000   Number         0  misc.o ABSOLUTE
    ..\\FWLIB\\src\\stm32f4xx_dma.c          0x00000000   Number         0  stm32f4xx_dma.o ABSOLUTE
    ..\\FWLIB\\src\\stm32f4xx_exti.c         0x00000000   Number         0  stm32f4xx_exti.o ABSOLUTE
    ..\\FWLIB\\src\\stm32f4xx_fsmc.c         0x00000000   Number         0  stm32f4xx_fsmc.o ABSOLUTE
    ..\\FWLIB\\src\\stm32f4xx_gpio.c         0x00000000   Number         0  stm32f4xx_gpio.o ABSOLUTE
    ..\\FWLIB\\src\\stm32f4xx_rcc.c          0x00000000   Number         0  stm32f4xx_rcc.o ABSOLUTE
    ..\\FWLIB\\src\\stm32f4xx_spi.c          0x00000000   Number         0  stm32f4xx_spi.o ABSOLUTE
    ..\\FWLIB\\src\\stm32f4xx_syscfg.c       0x00000000   Number         0  stm32f4xx_syscfg.o ABSOLUTE
    ..\\FWLIB\\src\\stm32f4xx_usart.c        0x00000000   Number         0  stm32f4xx_usart.o ABSOLUTE
    ..\\HARDWARE\\ADS1299\\ads1299.c         0x00000000   Number         0  ads1299.o ABSOLUTE
    ..\\HARDWARE\\EXTI\\exti.c               0x00000000   Number         0  exti.o ABSOLUTE
    ..\\HARDWARE\\KEY\\key.c                 0x00000000   Number         0  key.o ABSOLUTE
    ..\\HARDWARE\\LCD\\lcd.c                 0x00000000   Number         0  lcd.o ABSOLUTE
    ..\\HARDWARE\\LED\\led.c                 0x00000000   Number         0  led.o ABSOLUTE
    ..\\HARDWARE\\SPI\\spi.c                 0x00000000   Number         0  spi.o ABSOLUTE
    ..\\SYSTEM\\delay\\delay.c               0x00000000   Number         0  delay.o ABSOLUTE
    ..\\SYSTEM\\sys\\sys.c                   0x00000000   Number         0  sys.o ABSOLUTE
    ..\\SYSTEM\\usart\\usart.c               0x00000000   Number         0  usart.o ABSOLUTE
    dc.s                                     0x00000000   Number         0  dc.o ABSOLUTE
    main.c                                   0x00000000   Number         0  main.o ABSOLUTE
    main.c                                   0x00000000   Number         0  main.o ABSOLUTE
    stm32f4xx_it.c                           0x00000000   Number         0  stm32f4xx_it.o ABSOLUTE
    stm32f4xx_it.c                           0x00000000   Number         0  stm32f4xx_it.o ABSOLUTE
    system_stm32f4xx.c                       0x00000000   Number         0  system_stm32f4xx.o ABSOLUTE
    system_stm32f4xx.c                       0x00000000   Number         0  system_stm32f4xx.o ABSOLUTE
    RESET                                    0x08000000   Section      392  startup_stm32f40_41xxx.o(RESET)
    !!!main                                  0x08000188   Section        8  __main.o(!!!main)
    !!!scatter                               0x08000190   Section       52  __scatter.o(!!!scatter)
    !!handler_copy                           0x080001c4   Section       26  __scatter_copy.o(!!handler_copy)
    !!handler_zi                             0x080001e0   Section       28  __scatter_zi.o(!!handler_zi)
    .ARM.Collect$$_printf_percent$$00000000  0x080001fc   Section        0  _printf_percent.o(.ARM.Collect$$_printf_percent$$00000000)
    .ARM.Collect$$_printf_percent$$00000017  0x080001fc   Section        4  _printf_percent_end.o(.ARM.Collect$$_printf_percent$$00000017)
    .ARM.Collect$$libinit$$00000000          0x08000200   Section        2  libinit.o(.ARM.Collect$$libinit$$00000000)
    .ARM.Collect$$libinit$$00000001          0x08000202   Section        4  libinit2.o(.ARM.Collect$$libinit$$00000001)
    .ARM.Collect$$libinit$$00000004          0x08000206   Section        0  libinit2.o(.ARM.Collect$$libinit$$00000004)
    .ARM.Collect$$libinit$$0000000A          0x08000206   Section        0  libinit2.o(.ARM.Collect$$libinit$$0000000A)
    .ARM.Collect$$libinit$$0000000C          0x08000206   Section        0  libinit2.o(.ARM.Collect$$libinit$$0000000C)
    .ARM.Collect$$libinit$$0000000E          0x08000206   Section        0  libinit2.o(.ARM.Collect$$libinit$$0000000E)
    .ARM.Collect$$libinit$$00000011          0x08000206   Section        0  libinit2.o(.ARM.Collect$$libinit$$00000011)
    .ARM.Collect$$libinit$$00000013          0x08000206   Section        0  libinit2.o(.ARM.Collect$$libinit$$00000013)
    .ARM.Collect$$libinit$$00000015          0x08000206   Section        0  libinit2.o(.ARM.Collect$$libinit$$00000015)
    .ARM.Collect$$libinit$$00000017          0x08000206   Section        0  libinit2.o(.ARM.Collect$$libinit$$00000017)
    .ARM.Collect$$libinit$$00000019          0x08000206   Section        0  libinit2.o(.ARM.Collect$$libinit$$00000019)
    .ARM.Collect$$libinit$$0000001B          0x08000206   Section        0  libinit2.o(.ARM.Collect$$libinit$$0000001B)
    .ARM.Collect$$libinit$$0000001D          0x08000206   Section        0  libinit2.o(.ARM.Collect$$libinit$$0000001D)
    .ARM.Collect$$libinit$$0000001F          0x08000206   Section        0  libinit2.o(.ARM.Collect$$libinit$$0000001F)
    .ARM.Collect$$libinit$$00000021          0x08000206   Section        0  libinit2.o(.ARM.Collect$$libinit$$00000021)
    .ARM.Collect$$libinit$$00000023          0x08000206   Section        0  libinit2.o(.ARM.Collect$$libinit$$00000023)
    .ARM.Collect$$libinit$$00000025          0x08000206   Section        0  libinit2.o(.ARM.Collect$$libinit$$00000025)
    .ARM.Collect$$libinit$$0000002C          0x08000206   Section        0  libinit2.o(.ARM.Collect$$libinit$$0000002C)
    .ARM.Collect$$libinit$$0000002E          0x08000206   Section        0  libinit2.o(.ARM.Collect$$libinit$$0000002E)
    .ARM.Collect$$libinit$$00000030          0x08000206   Section        0  libinit2.o(.ARM.Collect$$libinit$$00000030)
    .ARM.Collect$$libinit$$00000032          0x08000206   Section        0  libinit2.o(.ARM.Collect$$libinit$$00000032)
    .ARM.Collect$$libinit$$00000033          0x08000206   Section        2  libinit2.o(.ARM.Collect$$libinit$$00000033)
    .ARM.Collect$$libshutdown$$00000000      0x08000208   Section        2  libshutdown.o(.ARM.Collect$$libshutdown$$00000000)
    .ARM.Collect$$libshutdown$$00000002      0x0800020a   Section        0  libshutdown2.o(.ARM.Collect$$libshutdown$$00000002)
    .ARM.Collect$$libshutdown$$00000004      0x0800020a   Section        0  libshutdown2.o(.ARM.Collect$$libshutdown$$00000004)
    .ARM.Collect$$libshutdown$$00000007      0x0800020a   Section        0  libshutdown2.o(.ARM.Collect$$libshutdown$$00000007)
    .ARM.Collect$$libshutdown$$0000000A      0x0800020a   Section        0  libshutdown2.o(.ARM.Collect$$libshutdown$$0000000A)
    .ARM.Collect$$libshutdown$$0000000C      0x0800020a   Section        0  libshutdown2.o(.ARM.Collect$$libshutdown$$0000000C)
    .ARM.Collect$$libshutdown$$0000000F      0x0800020a   Section        0  libshutdown2.o(.ARM.Collect$$libshutdown$$0000000F)
    .ARM.Collect$$libshutdown$$00000010      0x0800020a   Section        2  libshutdown2.o(.ARM.Collect$$libshutdown$$00000010)
    .ARM.Collect$$rtentry$$00000000          0x0800020c   Section        0  __rtentry.o(.ARM.Collect$$rtentry$$00000000)
    .ARM.Collect$$rtentry$$00000002          0x0800020c   Section        0  __rtentry2.o(.ARM.Collect$$rtentry$$00000002)
    .ARM.Collect$$rtentry$$00000004          0x0800020c   Section        6  __rtentry4.o(.ARM.Collect$$rtentry$$00000004)
    .ARM.Collect$$rtentry$$00000009          0x08000212   Section        0  __rtentry2.o(.ARM.Collect$$rtentry$$00000009)
    .ARM.Collect$$rtentry$$0000000A          0x08000212   Section        4  __rtentry2.o(.ARM.Collect$$rtentry$$0000000A)
    .ARM.Collect$$rtentry$$0000000C          0x08000216   Section        0  __rtentry2.o(.ARM.Collect$$rtentry$$0000000C)
    .ARM.Collect$$rtentry$$0000000D          0x08000216   Section        8  __rtentry2.o(.ARM.Collect$$rtentry$$0000000D)
    .ARM.Collect$$rtexit$$00000000           0x0800021e   Section        2  rtexit.o(.ARM.Collect$$rtexit$$00000000)
    .ARM.Collect$$rtexit$$00000002           0x08000220   Section        0  rtexit2.o(.ARM.Collect$$rtexit$$00000002)
    .ARM.Collect$$rtexit$$00000003           0x08000220   Section        4  rtexit2.o(.ARM.Collect$$rtexit$$00000003)
    .ARM.Collect$$rtexit$$00000004           0x08000224   Section        6  rtexit2.o(.ARM.Collect$$rtexit$$00000004)
    .text                                    0x0800022a   Section        0  main.o(.text)
    .text                                    0x08000256   Section        0  stm32f4xx_it.o(.text)
    .text                                    0x08000270   Section        0  system_stm32f4xx.o(.text)
    SetSysClock                              0x08000271   Thumb Code   220  system_stm32f4xx.o(.text)
    .text                                    0x08000480   Section        0  led.o(.text)
    .text                                    0x080004bc   Section        0  spi.o(.text)
    .text                                    0x080005cc   Section        0  ads1299.o(.text)
    .text                                    0x080009bc   Section        0  exti.o(.text)
    .text                                    0x08000a24   Section        0  delay.o(.text)
    .text                                    0x08000b28   Section        0  usart.o(.text)
    USART1_DMA_Tx_Config                     0x08000b71   Thumb Code   172  usart.o(.text)
    .text                                    0x08000d50   Section       64  startup_stm32f40_41xxx.o(.text)
    $v0                                      0x08000d50   Number         0  startup_stm32f40_41xxx.o(.text)
    .text                                    0x08000d90   Section        0  misc.o(.text)
    .text                                    0x08000e70   Section        0  stm32f4xx_gpio.o(.text)
    .text                                    0x08001104   Section        0  stm32f4xx_rcc.o(.text)
    .text                                    0x08001760   Section        0  stm32f4xx_spi.o(.text)
    .text                                    0x08001be0   Section        0  stm32f4xx_syscfg.o(.text)
    .text                                    0x08001c74   Section        0  stm32f4xx_usart.o(.text)
    .text                                    0x080020c8   Section        0  stm32f4xx_exti.o(.text)
    .text                                    0x080021d8   Section        0  stm32f4xx_dma.o(.text)
    .text                                    0x08002580   Section        2  use_no_semi_2.o(.text)
    .text                                    0x08002584   Section        0  noretval__2printf.o(.text)
    .text                                    0x0800259c   Section        0  __printf.o(.text)
    .text                                    0x08002604   Section      138  rt_memcpy_v6.o(.text)
    .text                                    0x0800268e   Section        0  heapauxi.o(.text)
    .text                                    0x08002694   Section        2  use_no_semi.o(.text)
    .text                                    0x08002698   Section        0  _printf_char_file.o(.text)
    .text                                    0x080026bc   Section      100  rt_memcpy_w.o(.text)
    .text                                    0x08002720   Section        0  _printf_char_common.o(.text)
    _printf_input_char                       0x08002721   Thumb Code    10  _printf_char_common.o(.text)
    .text                                    0x08002750   Section        0  ferror.o(.text)
    .text                                    0x08002758   Section       74  sys_stackheap_outer.o(.text)
    .text                                    0x080027a2   Section        0  exit.o(.text)
    .text                                    0x080027b4   Section        8  libspace.o(.text)
    x$fpl$fpinit                             0x080027bc   Section       10  fpinit.o(x$fpl$fpinit)
    $v0                                      0x080027bc   Number         0  fpinit.o(x$fpl$fpinit)
    .data                                    0x20000000   Section       20  system_stm32f4xx.o(.data)
    .data                                    0x20000014   Section       40  ads1299.o(.data)
    count                                    0x20000038   Data           4  ads1299.o(.data)
    .data                                    0x2000003c   Section        4  delay.o(.data)
    fac_us                                   0x2000003c   Data           1  delay.o(.data)
    fac_ms                                   0x2000003e   Data           2  delay.o(.data)
    .data                                    0x20000040   Section        6  usart.o(.data)
    .data                                    0x20000046   Section       16  stm32f4xx_rcc.o(.data)
    APBAHBPrescTable                         0x20000046   Data          16  stm32f4xx_rcc.o(.data)
    .bss                                     0x20000058   Section       87  ads1299.o(.bss)
    DATA_ADS                                 0x20000058   Data          27  ads1299.o(.bss)
    HEX                                      0x20000074   Data          32  ads1299.o(.bss)
    DATA_REC                                 0x20000094   Data          27  ads1299.o(.bss)
    .bss                                     0x200000af   Section      233  usart.o(.bss)
    .bss                                     0x20000198   Section       96  libspace.o(.bss)
    HEAP                                     0x200001f8   Section      512  startup_stm32f40_41xxx.o(HEAP)
    Heap_Mem                                 0x200001f8   Data         512  startup_stm32f40_41xxx.o(HEAP)
    STACK                                    0x200003f8   Section     1024  startup_stm32f40_41xxx.o(STACK)
    Stack_Mem                                0x200003f8   Data        1024  startup_stm32f40_41xxx.o(STACK)
    __initial_sp                             0x200007f8   Data           0  startup_stm32f40_41xxx.o(STACK)

    Global Symbols

    Symbol Name                              Value     Ov Type        Size  Object(Section)

    BuildAttributes$$THM_ISAv4$E$P$D$K$B$S$7EM$VFPi3$EXTD16$VFPS$VFMA$PE$A:L22UL41UL21$X:L11$S22US41US21$IEEE1$IW$USESV6$~STKCKD$USESV7$~SHL$OSPACE$ROPI$EBA8$UX$STANDARDLIB$REQ8$PRES8$EABIv2 0x00000000   Number         0  anon$$obj.o ABSOLUTE
    __ARM_use_no_argv                        0x00000000   Number         0  main.o ABSOLUTE
    __ARM_exceptions_init                     - Undefined Weak Reference
    __alloca_initialize                       - Undefined Weak Reference
    __arm_preinit_                            - Undefined Weak Reference
    __cpp_initialize__aeabi_                  - Undefined Weak Reference
    __cxa_finalize                            - Undefined Weak Reference
    __rt_locale                               - Undefined Weak Reference
    __sigvec_lookup                           - Undefined Weak Reference
    _atexit_init                              - Undefined Weak Reference
    _call_atexit_fns                          - Undefined Weak Reference
    _clock_init                               - Undefined Weak Reference
    _fp_trap_init                             - Undefined Weak Reference
    _fp_trap_shutdown                         - Undefined Weak Reference
    _get_lc_collate                           - Undefined Weak Reference
    _get_lc_ctype                             - Undefined Weak Reference
    _get_lc_monetary                          - Undefined Weak Reference
    _get_lc_numeric                           - Undefined Weak Reference
    _get_lc_time                              - Undefined Weak Reference
    _getenv_init                              - Undefined Weak Reference
    _handle_redirection                       - Undefined Weak Reference
    _init_alloc                               - Undefined Weak Reference
    _init_user_alloc                          - Undefined Weak Reference
    _initio                                   - Undefined Weak Reference
    _mutex_acquire                            - Undefined Weak Reference
    _mutex_release                            - Undefined Weak Reference
    _printf_post_padding                      - Undefined Weak Reference
    _printf_pre_padding                       - Undefined Weak Reference
    _printf_truncate_unsigned                 - Undefined Weak Reference
    _rand_init                                - Undefined Weak Reference
    _signal_finish                            - Undefined Weak Reference
    _signal_init                              - Undefined Weak Reference
    _terminate_alloc                          - Undefined Weak Reference
    _terminate_user_alloc                     - Undefined Weak Reference
    _terminateio                              - Undefined Weak Reference
    __Vectors_Size                           0x00000188   Number         0  startup_stm32f40_41xxx.o ABSOLUTE
    __Vectors                                0x08000000   Data           4  startup_stm32f40_41xxx.o(RESET)
    __Vectors_End                            0x08000188   Data           0  startup_stm32f40_41xxx.o(RESET)
    __main                                   0x08000189   Thumb Code     8  __main.o(!!!main)
    __scatterload                            0x08000191   Thumb Code     0  __scatter.o(!!!scatter)
    __scatterload_rt2                        0x08000191   Thumb Code    44  __scatter.o(!!!scatter)
    __scatterload_rt2_thumb_only             0x08000191   Thumb Code     0  __scatter.o(!!!scatter)
    __scatterload_null                       0x0800019f   Thumb Code     0  __scatter.o(!!!scatter)
    __scatterload_copy                       0x080001c5   Thumb Code    26  __scatter_copy.o(!!handler_copy)
    __scatterload_zeroinit                   0x080001e1   Thumb Code    28  __scatter_zi.o(!!handler_zi)
    _printf_percent                          0x080001fd   Thumb Code     0  _printf_percent.o(.ARM.Collect$$_printf_percent$$00000000)
    _printf_percent_end                      0x080001fd   Thumb Code     0  _printf_percent_end.o(.ARM.Collect$$_printf_percent$$00000017)
    __rt_lib_init                            0x08000201   Thumb Code     0  libinit.o(.ARM.Collect$$libinit$$00000000)
    __rt_lib_init_fp_1                       0x08000203   Thumb Code     0  libinit2.o(.ARM.Collect$$libinit$$00000001)
    __rt_lib_init_alloca_1                   0x08000207   Thumb Code     0  libinit2.o(.ARM.Collect$$libinit$$0000002E)
    __rt_lib_init_argv_1                     0x08000207   Thumb Code     0  libinit2.o(.ARM.Collect$$libinit$$0000002C)
    __rt_lib_init_atexit_1                   0x08000207   Thumb Code     0  libinit2.o(.ARM.Collect$$libinit$$0000001B)
    __rt_lib_init_clock_1                    0x08000207   Thumb Code     0  libinit2.o(.ARM.Collect$$libinit$$00000021)
    __rt_lib_init_cpp_1                      0x08000207   Thumb Code     0  libinit2.o(.ARM.Collect$$libinit$$00000032)
    __rt_lib_init_exceptions_1               0x08000207   Thumb Code     0  libinit2.o(.ARM.Collect$$libinit$$00000030)
    __rt_lib_init_fp_trap_1                  0x08000207   Thumb Code     0  libinit2.o(.ARM.Collect$$libinit$$0000001F)
    __rt_lib_init_getenv_1                   0x08000207   Thumb Code     0  libinit2.o(.ARM.Collect$$libinit$$00000023)
    __rt_lib_init_heap_1                     0x08000207   Thumb Code     0  libinit2.o(.ARM.Collect$$libinit$$0000000A)
    __rt_lib_init_lc_collate_1               0x08000207   Thumb Code     0  libinit2.o(.ARM.Collect$$libinit$$00000011)
    __rt_lib_init_lc_ctype_1                 0x08000207   Thumb Code     0  libinit2.o(.ARM.Collect$$libinit$$00000013)
    __rt_lib_init_lc_monetary_1              0x08000207   Thumb Code     0  libinit2.o(.ARM.Collect$$libinit$$00000015)
    __rt_lib_init_lc_numeric_1               0x08000207   Thumb Code     0  libinit2.o(.ARM.Collect$$libinit$$00000017)
    __rt_lib_init_lc_time_1                  0x08000207   Thumb Code     0  libinit2.o(.ARM.Collect$$libinit$$00000019)
    __rt_lib_init_preinit_1                  0x08000207   Thumb Code     0  libinit2.o(.ARM.Collect$$libinit$$00000004)
    __rt_lib_init_rand_1                     0x08000207   Thumb Code     0  libinit2.o(.ARM.Collect$$libinit$$0000000E)
    __rt_lib_init_return                     0x08000207   Thumb Code     0  libinit2.o(.ARM.Collect$$libinit$$00000033)
    __rt_lib_init_signal_1                   0x08000207   Thumb Code     0  libinit2.o(.ARM.Collect$$libinit$$0000001D)
    __rt_lib_init_stdio_1                    0x08000207   Thumb Code     0  libinit2.o(.ARM.Collect$$libinit$$00000025)
    __rt_lib_init_user_alloc_1               0x08000207   Thumb Code     0  libinit2.o(.ARM.Collect$$libinit$$0000000C)
    __rt_lib_shutdown                        0x08000209   Thumb Code     0  libshutdown.o(.ARM.Collect$$libshutdown$$00000000)
    __rt_lib_shutdown_cpp_1                  0x0800020b   Thumb Code     0  libshutdown2.o(.ARM.Collect$$libshutdown$$00000002)
    __rt_lib_shutdown_fp_trap_1              0x0800020b   Thumb Code     0  libshutdown2.o(.ARM.Collect$$libshutdown$$00000007)
    __rt_lib_shutdown_heap_1                 0x0800020b   Thumb Code     0  libshutdown2.o(.ARM.Collect$$libshutdown$$0000000F)
    __rt_lib_shutdown_return                 0x0800020b   Thumb Code     0  libshutdown2.o(.ARM.Collect$$libshutdown$$00000010)
    __rt_lib_shutdown_signal_1               0x0800020b   Thumb Code     0  libshutdown2.o(.ARM.Collect$$libshutdown$$0000000A)
    __rt_lib_shutdown_stdio_1                0x0800020b   Thumb Code     0  libshutdown2.o(.ARM.Collect$$libshutdown$$00000004)
    __rt_lib_shutdown_user_alloc_1           0x0800020b   Thumb Code     0  libshutdown2.o(.ARM.Collect$$libshutdown$$0000000C)
    __rt_entry                               0x0800020d   Thumb Code     0  __rtentry.o(.ARM.Collect$$rtentry$$00000000)
    __rt_entry_presh_1                       0x0800020d   Thumb Code     0  __rtentry2.o(.ARM.Collect$$rtentry$$00000002)
    __rt_entry_sh                            0x0800020d   Thumb Code     0  __rtentry4.o(.ARM.Collect$$rtentry$$00000004)
    __rt_entry_li                            0x08000213   Thumb Code     0  __rtentry2.o(.ARM.Collect$$rtentry$$0000000A)
    __rt_entry_postsh_1                      0x08000213   Thumb Code     0  __rtentry2.o(.ARM.Collect$$rtentry$$00000009)
    __rt_entry_main                          0x08000217   Thumb Code     0  __rtentry2.o(.ARM.Collect$$rtentry$$0000000D)
    __rt_entry_postli_1                      0x08000217   Thumb Code     0  __rtentry2.o(.ARM.Collect$$rtentry$$0000000C)
    __rt_exit                                0x0800021f   Thumb Code     0  rtexit.o(.ARM.Collect$$rtexit$$00000000)
    __rt_exit_ls                             0x08000221   Thumb Code     0  rtexit2.o(.ARM.Collect$$rtexit$$00000003)
    __rt_exit_prels_1                        0x08000221   Thumb Code     0  rtexit2.o(.ARM.Collect$$rtexit$$00000002)
    __rt_exit_exit                           0x08000225   Thumb Code     0  rtexit2.o(.ARM.Collect$$rtexit$$00000004)
    main                                     0x0800022b   Thumb Code    44  main.o(.text)
    NMI_Handler                              0x08000257   Thumb Code     2  stm32f4xx_it.o(.text)
    HardFault_Handler                        0x08000259   Thumb Code     4  stm32f4xx_it.o(.text)
    MemManage_Handler                        0x0800025d   Thumb Code     4  stm32f4xx_it.o(.text)
    BusFault_Handler                         0x08000261   Thumb Code     4  stm32f4xx_it.o(.text)
    UsageFault_Handler                       0x08000265   Thumb Code     4  stm32f4xx_it.o(.text)
    SVC_Handler                              0x08000269   Thumb Code     2  stm32f4xx_it.o(.text)
    DebugMon_Handler                         0x0800026b   Thumb Code     2  stm32f4xx_it.o(.text)
    PendSV_Handler                           0x0800026d   Thumb Code     2  stm32f4xx_it.o(.text)
    SysTick_Handler                          0x0800026f   Thumb Code     2  stm32f4xx_it.o(.text)
    SystemInit                               0x0800034d   Thumb Code    88  system_stm32f4xx.o(.text)
    SystemCoreClockUpdate                    0x080003a5   Thumb Code   174  system_stm32f4xx.o(.text)
    LED_Init                                 0x08000481   Thumb Code    56  led.o(.text)
    SPI3_Init                                0x080004bd   Thumb Code   176  spi.o(.text)
    SPI3_SetSpeed                            0x0800056d   Thumb Code    36  spi.o(.text)
    SPI3_ReadWriteByte                       0x08000591   Thumb Code    50  spi.o(.text)
    ADS_SPI                                  0x080005cd   Thumb Code    50  ads1299.o(.text)
    ads1299_reset                            0x080005ff   Thumb Code    34  ads1299.o(.text)
    ADS_REG                                  0x08000621   Thumb Code    96  ads1299.o(.text)
    ADS_PowerOnInit                          0x08000681   Thumb Code   340  ads1299.o(.text)
    ads1299_gpio_init                        0x080007d5   Thumb Code   112  ads1299.o(.text)
    ads1299_init                             0x08000845   Thumb Code    54  ads1299.o(.text)
    ADS_Read                                 0x0800087b   Thumb Code    28  ads1299.o(.text)
    ads_data_process                         0x08000897   Thumb Code    90  ads1299.o(.text)
    processChar                              0x080008f1   Thumb Code    32  ads1299.o(.text)
    EXTI9_5_IRQHandler                       0x080009bd   Thumb Code    24  exti.o(.text)
    EXTIX_Init                               0x080009d5   Thumb Code    78  exti.o(.text)
    delay_init                               0x08000a25   Thumb Code    52  delay.o(.text)
    delay_us                                 0x08000a59   Thumb Code    72  delay.o(.text)
    delay_xms                                0x08000aa1   Thumb Code    72  delay.o(.text)
    delay_ms                                 0x08000ae9   Thumb Code    56  delay.o(.text)
    _sys_exit                                0x08000b29   Thumb Code     4  usart.o(.text)
    fputc                                    0x08000b2d   Thumb Code    22  usart.o(.text)
    USART1_sendChar                          0x08000b43   Thumb Code    20  usart.o(.text)
    USART1_Print                             0x08000b57   Thumb Code    26  usart.o(.text)
    uart_init                                0x08000c1d   Thumb Code   190  usart.o(.text)
    USART1_IRQHandler                        0x08000cdb   Thumb Code    30  usart.o(.text)
    MYDMA_Enable                             0x08000cf9   Thumb Code    36  usart.o(.text)
    DMA2_Stream7_IRQHandler                  0x08000d1d   Thumb Code    30  usart.o(.text)
    Reset_Handler                            0x08000d51   Thumb Code     8  startup_stm32f40_41xxx.o(.text)
    ADC_IRQHandler                           0x08000d6b   Thumb Code     0  startup_stm32f40_41xxx.o(.text)
    CAN1_RX0_IRQHandler                      0x08000d6b   Thumb Code     0  startup_stm32f40_41xxx.o(.text)
    CAN1_RX1_IRQHandler                      0x08000d6b   Thumb Code     0  startup_stm32f40_41xxx.o(.text)
    CAN1_SCE_IRQHandler                      0x08000d6b   Thumb Code     0  startup_stm32f40_41xxx.o(.text)
    CAN1_TX_IRQHandler                       0x08000d6b   Thumb Code     0  startup_stm32f40_41xxx.o(.text)
    CAN2_RX0_IRQHandler                      0x08000d6b   Thumb Code     0  startup_stm32f40_41xxx.o(.text)
    CAN2_RX1_IRQHandler                      0x08000d6b   Thumb Code     0  startup_stm32f40_41xxx.o(.text)
    CAN2_SCE_IRQHandler                      0x08000d6b   Thumb Code     0  startup_stm32f40_41xxx.o(.text)
    CAN2_TX_IRQHandler                       0x08000d6b   Thumb Code     0  startup_stm32f40_41xxx.o(.text)
    CRYP_IRQHandler                          0x08000d6b   Thumb Code     0  startup_stm32f40_41xxx.o(.text)
    DCMI_IRQHandler                          0x08000d6b   Thumb Code     0  startup_stm32f40_41xxx.o(.text)
    DMA1_Stream0_IRQHandler                  0x08000d6b   Thumb Code     0  startup_stm32f40_41xxx.o(.text)
    DMA1_Stream1_IRQHandler                  0x08000d6b   Thumb Code     0  startup_stm32f40_41xxx.o(.text)
    DMA1_Stream2_IRQHandler                  0x08000d6b   Thumb Code     0  startup_stm32f40_41xxx.o(.text)
    DMA1_Stream3_IRQHandler                  0x08000d6b   Thumb Code     0  startup_stm32f40_41xxx.o(.text)
    DMA1_Stream4_IRQHandler                  0x08000d6b   Thumb Code     0  startup_stm32f40_41xxx.o(.text)
    DMA1_Stream5_IRQHandler                  0x08000d6b   Thumb Code     0  startup_stm32f40_41xxx.o(.text)
    DMA1_Stream6_IRQHandler                  0x08000d6b   Thumb Code     0  startup_stm32f40_41xxx.o(.text)
    DMA1_Stream7_IRQHandler                  0x08000d6b   Thumb Code     0  startup_stm32f40_41xxx.o(.text)
    DMA2_Stream0_IRQHandler                  0x08000d6b   Thumb Code     0  startup_stm32f40_41xxx.o(.text)
    DMA2_Stream1_IRQHandler                  0x08000d6b   Thumb Code     0  startup_stm32f40_41xxx.o(.text)
    DMA2_Stream2_IRQHandler                  0x08000d6b   Thumb Code     0  startup_stm32f40_41xxx.o(.text)
    DMA2_Stream3_IRQHandler                  0x08000d6b   Thumb Code     0  startup_stm32f40_41xxx.o(.text)
    DMA2_Stream4_IRQHandler                  0x08000d6b   Thumb Code     0  startup_stm32f40_41xxx.o(.text)
    DMA2_Stream5_IRQHandler                  0x08000d6b   Thumb Code     0  startup_stm32f40_41xxx.o(.text)
    DMA2_Stream6_IRQHandler                  0x08000d6b   Thumb Code     0  startup_stm32f40_41xxx.o(.text)
    ETH_IRQHandler                           0x08000d6b   Thumb Code     0  startup_stm32f40_41xxx.o(.text)
    ETH_WKUP_IRQHandler                      0x08000d6b   Thumb Code     0  startup_stm32f40_41xxx.o(.text)
    EXTI0_IRQHandler                         0x08000d6b   Thumb Code     0  startup_stm32f40_41xxx.o(.text)
    EXTI15_10_IRQHandler                     0x08000d6b   Thumb Code     0  startup_stm32f40_41xxx.o(.text)
    EXTI1_IRQHandler                         0x08000d6b   Thumb Code     0  startup_stm32f40_41xxx.o(.text)
    EXTI2_IRQHandler                         0x08000d6b   Thumb Code     0  startup_stm32f40_41xxx.o(.text)
    EXTI3_IRQHandler                         0x08000d6b   Thumb Code     0  startup_stm32f40_41xxx.o(.text)
    EXTI4_IRQHandler                         0x08000d6b   Thumb Code     0  startup_stm32f40_41xxx.o(.text)
    FLASH_IRQHandler                         0x08000d6b   Thumb Code     0  startup_stm32f40_41xxx.o(.text)
    FPU_IRQHandler                           0x08000d6b   Thumb Code     0  startup_stm32f40_41xxx.o(.text)
    FSMC_IRQHandler                          0x08000d6b   Thumb Code     0  startup_stm32f40_41xxx.o(.text)
    HASH_RNG_IRQHandler                      0x08000d6b   Thumb Code     0  startup_stm32f40_41xxx.o(.text)
    I2C1_ER_IRQHandler                       0x08000d6b   Thumb Code     0  startup_stm32f40_41xxx.o(.text)
    I2C1_EV_IRQHandler                       0x08000d6b   Thumb Code     0  startup_stm32f40_41xxx.o(.text)
    I2C2_ER_IRQHandler                       0x08000d6b   Thumb Code     0  startup_stm32f40_41xxx.o(.text)
    I2C2_EV_IRQHandler                       0x08000d6b   Thumb Code     0  startup_stm32f40_41xxx.o(.text)
    I2C3_ER_IRQHandler                       0x08000d6b   Thumb Code     0  startup_stm32f40_41xxx.o(.text)
    I2C3_EV_IRQHandler                       0x08000d6b   Thumb Code     0  startup_stm32f40_41xxx.o(.text)
    OTG_FS_IRQHandler                        0x08000d6b   Thumb Code     0  startup_stm32f40_41xxx.o(.text)
    OTG_FS_WKUP_IRQHandler                   0x08000d6b   Thumb Code     0  startup_stm32f40_41xxx.o(.text)
    OTG_HS_EP1_IN_IRQHandler                 0x08000d6b   Thumb Code     0  startup_stm32f40_41xxx.o(.text)
    OTG_HS_EP1_OUT_IRQHandler                0x08000d6b   Thumb Code     0  startup_stm32f40_41xxx.o(.text)
    OTG_HS_IRQHandler                        0x08000d6b   Thumb Code     0  startup_stm32f40_41xxx.o(.text)
    OTG_HS_WKUP_IRQHandler                   0x08000d6b   Thumb Code     0  startup_stm32f40_41xxx.o(.text)
    PVD_IRQHandler                           0x08000d6b   Thumb Code     0  startup_stm32f40_41xxx.o(.text)
    RCC_IRQHandler                           0x08000d6b   Thumb Code     0  startup_stm32f40_41xxx.o(.text)
    RTC_Alarm_IRQHandler                     0x08000d6b   Thumb Code     0  startup_stm32f40_41xxx.o(.text)
    RTC_WKUP_IRQHandler                      0x08000d6b   Thumb Code     0  startup_stm32f40_41xxx.o(.text)
    SDIO_IRQHandler                          0x08000d6b   Thumb Code     0  startup_stm32f40_41xxx.o(.text)
    SPI1_IRQHandler                          0x08000d6b   Thumb Code     0  startup_stm32f40_41xxx.o(.text)
    SPI2_IRQHandler                          0x08000d6b   Thumb Code     0  startup_stm32f40_41xxx.o(.text)
    SPI3_IRQHandler                          0x08000d6b   Thumb Code     0  startup_stm32f40_41xxx.o(.text)
    TAMP_STAMP_IRQHandler                    0x08000d6b   Thumb Code     0  startup_stm32f40_41xxx.o(.text)
    TIM1_BRK_TIM9_IRQHandler                 0x08000d6b   Thumb Code     0  startup_stm32f40_41xxx.o(.text)
    TIM1_CC_IRQHandler                       0x08000d6b   Thumb Code     0  startup_stm32f40_41xxx.o(.text)
    TIM1_TRG_COM_TIM11_IRQHandler            0x08000d6b   Thumb Code     0  startup_stm32f40_41xxx.o(.text)
    TIM1_UP_TIM10_IRQHandler                 0x08000d6b   Thumb Code     0  startup_stm32f40_41xxx.o(.text)
    TIM2_IRQHandler                          0x08000d6b   Thumb Code     0  startup_stm32f40_41xxx.o(.text)
    TIM3_IRQHandler                          0x08000d6b   Thumb Code     0  startup_stm32f40_41xxx.o(.text)
    TIM4_IRQHandler                          0x08000d6b   Thumb Code     0  startup_stm32f40_41xxx.o(.text)
    TIM5_IRQHandler                          0x08000d6b   Thumb Code     0  startup_stm32f40_41xxx.o(.text)
    TIM6_DAC_IRQHandler                      0x08000d6b   Thumb Code     0  startup_stm32f40_41xxx.o(.text)
    TIM7_IRQHandler                          0x08000d6b   Thumb Code     0  startup_stm32f40_41xxx.o(.text)
    TIM8_BRK_TIM12_IRQHandler                0x08000d6b   Thumb Code     0  startup_stm32f40_41xxx.o(.text)
    TIM8_CC_IRQHandler                       0x08000d6b   Thumb Code     0  startup_stm32f40_41xxx.o(.text)
    TIM8_TRG_COM_TIM14_IRQHandler            0x08000d6b   Thumb Code     0  startup_stm32f40_41xxx.o(.text)
    TIM8_UP_TIM13_IRQHandler                 0x08000d6b   Thumb Code     0  startup_stm32f40_41xxx.o(.text)
    UART4_IRQHandler                         0x08000d6b   Thumb Code     0  startup_stm32f40_41xxx.o(.text)
    UART5_IRQHandler                         0x08000d6b   Thumb Code     0  startup_stm32f40_41xxx.o(.text)
    USART2_IRQHandler                        0x08000d6b   Thumb Code     0  startup_stm32f40_41xxx.o(.text)
    USART3_IRQHandler                        0x08000d6b   Thumb Code     0  startup_stm32f40_41xxx.o(.text)
    USART6_IRQHandler                        0x08000d6b   Thumb Code     0  startup_stm32f40_41xxx.o(.text)
    WWDG_IRQHandler                          0x08000d6b   Thumb Code     0  startup_stm32f40_41xxx.o(.text)
    __user_initial_stackheap                 0x08000d6d   Thumb Code     0  startup_stm32f40_41xxx.o(.text)
    NVIC_PriorityGroupConfig                 0x08000d91   Thumb Code    10  misc.o(.text)
    NVIC_Init                                0x08000d9b   Thumb Code   106  misc.o(.text)
    NVIC_SetVectorTable                      0x08000e05   Thumb Code    14  misc.o(.text)
    NVIC_SystemLPConfig                      0x08000e13   Thumb Code    34  misc.o(.text)
    SysTick_CLKSourceConfig                  0x08000e35   Thumb Code    40  misc.o(.text)
    GPIO_DeInit                              0x08000e71   Thumb Code   268  stm32f4xx_gpio.o(.text)
    GPIO_Init                                0x08000f7d   Thumb Code   144  stm32f4xx_gpio.o(.text)
    GPIO_StructInit                          0x0800100d   Thumb Code    18  stm32f4xx_gpio.o(.text)
    GPIO_PinLockConfig                       0x0800101f   Thumb Code    34  stm32f4xx_gpio.o(.text)
    GPIO_ReadInputDataBit                    0x08001041   Thumb Code    18  stm32f4xx_gpio.o(.text)
    GPIO_ReadInputData                       0x08001053   Thumb Code     8  stm32f4xx_gpio.o(.text)
    GPIO_ReadOutputDataBit                   0x0800105b   Thumb Code    18  stm32f4xx_gpio.o(.text)
    GPIO_ReadOutputData                      0x0800106d   Thumb Code     8  stm32f4xx_gpio.o(.text)
    GPIO_SetBits                             0x08001075   Thumb Code     4  stm32f4xx_gpio.o(.text)
    GPIO_ResetBits                           0x08001079   Thumb Code     4  stm32f4xx_gpio.o(.text)
    GPIO_WriteBit                            0x0800107d   Thumb Code    10  stm32f4xx_gpio.o(.text)
    GPIO_Write                               0x08001087   Thumb Code     4  stm32f4xx_gpio.o(.text)
    GPIO_ToggleBits                          0x0800108b   Thumb Code     8  stm32f4xx_gpio.o(.text)
    GPIO_PinAFConfig                         0x08001093   Thumb Code    70  stm32f4xx_gpio.o(.text)
    RCC_DeInit                               0x08001105   Thumb Code    82  stm32f4xx_rcc.o(.text)
    RCC_HSEConfig                            0x08001157   Thumb Code    14  stm32f4xx_rcc.o(.text)
    RCC_GetFlagStatus                        0x08001165   Thumb Code    60  stm32f4xx_rcc.o(.text)
    RCC_WaitForHSEStartUp                    0x080011a1   Thumb Code    56  stm32f4xx_rcc.o(.text)
    RCC_AdjustHSICalibrationValue            0x080011d9   Thumb Code    20  stm32f4xx_rcc.o(.text)
    RCC_HSICmd                               0x080011ed   Thumb Code     6  stm32f4xx_rcc.o(.text)
    RCC_LSEConfig                            0x080011f3   Thumb Code    46  stm32f4xx_rcc.o(.text)
    RCC_LSICmd                               0x08001221   Thumb Code     6  stm32f4xx_rcc.o(.text)
    RCC_PLLConfig                            0x08001227   Thumb Code    32  stm32f4xx_rcc.o(.text)
    RCC_PLLCmd                               0x08001247   Thumb Code     6  stm32f4xx_rcc.o(.text)
    RCC_PLLI2SConfig                         0x0800124d   Thumb Code    14  stm32f4xx_rcc.o(.text)
    RCC_PLLI2SCmd                            0x0800125b   Thumb Code     6  stm32f4xx_rcc.o(.text)
    RCC_PLLSAIConfig                         0x08001261   Thumb Code    20  stm32f4xx_rcc.o(.text)
    RCC_PLLSAICmd                            0x08001275   Thumb Code     6  stm32f4xx_rcc.o(.text)
    RCC_ClockSecuritySystemCmd               0x0800127b   Thumb Code     6  stm32f4xx_rcc.o(.text)
    RCC_MCO1Config                           0x08001281   Thumb Code    28  stm32f4xx_rcc.o(.text)
    RCC_MCO2Config                           0x0800129d   Thumb Code    28  stm32f4xx_rcc.o(.text)
    RCC_SYSCLKConfig                         0x080012b9   Thumb Code    20  stm32f4xx_rcc.o(.text)
    RCC_GetSYSCLKSource                      0x080012cd   Thumb Code    12  stm32f4xx_rcc.o(.text)
    RCC_HCLKConfig                           0x080012d9   Thumb Code    20  stm32f4xx_rcc.o(.text)
    RCC_PCLK1Config                          0x080012ed   Thumb Code    20  stm32f4xx_rcc.o(.text)
    RCC_PCLK2Config                          0x08001301   Thumb Code    22  stm32f4xx_rcc.o(.text)
    RCC_GetClocksFreq                        0x08001317   Thumb Code   222  stm32f4xx_rcc.o(.text)
    RCC_RTCCLKConfig                         0x080013f5   Thumb Code    54  stm32f4xx_rcc.o(.text)
    RCC_RTCCLKCmd                            0x0800142b   Thumb Code     8  stm32f4xx_rcc.o(.text)
    RCC_BackupResetCmd                       0x08001433   Thumb Code     8  stm32f4xx_rcc.o(.text)
    RCC_I2SCLKConfig                         0x0800143b   Thumb Code     6  stm32f4xx_rcc.o(.text)
    RCC_SAIPLLI2SClkDivConfig                0x08001441   Thumb Code    26  stm32f4xx_rcc.o(.text)
    RCC_SAIPLLSAIClkDivConfig                0x0800145b   Thumb Code    28  stm32f4xx_rcc.o(.text)
    RCC_SAIBlockACLKConfig                   0x08001477   Thumb Code    20  stm32f4xx_rcc.o(.text)
    RCC_SAIBlockBCLKConfig                   0x0800148b   Thumb Code    20  stm32f4xx_rcc.o(.text)
    RCC_LTDCCLKDivConfig                     0x0800149f   Thumb Code    20  stm32f4xx_rcc.o(.text)
    RCC_TIMCLKPresConfig                     0x080014b3   Thumb Code     6  stm32f4xx_rcc.o(.text)
    RCC_AHB1PeriphClockCmd                   0x080014b9   Thumb Code    34  stm32f4xx_rcc.o(.text)
    RCC_AHB2PeriphClockCmd                   0x080014db   Thumb Code    78  stm32f4xx_rcc.o(.text)
    RCC_AHB3PeriphClockCmd                   0x08001529   Thumb Code    34  stm32f4xx_rcc.o(.text)
    RCC_APB1PeriphClockCmd                   0x0800154b   Thumb Code    34  stm32f4xx_rcc.o(.text)
    RCC_APB2PeriphClockCmd                   0x0800156d   Thumb Code    34  stm32f4xx_rcc.o(.text)
    RCC_AHB1PeriphResetCmd                   0x0800158f   Thumb Code    34  stm32f4xx_rcc.o(.text)
    RCC_AHB2PeriphResetCmd                   0x080015b1   Thumb Code    34  stm32f4xx_rcc.o(.text)
    RCC_AHB3PeriphResetCmd                   0x080015d3   Thumb Code    34  stm32f4xx_rcc.o(.text)
    RCC_APB1PeriphResetCmd                   0x080015f5   Thumb Code    34  stm32f4xx_rcc.o(.text)
    RCC_APB2PeriphResetCmd                   0x08001617   Thumb Code    34  stm32f4xx_rcc.o(.text)
    RCC_AHB1PeriphClockLPModeCmd             0x08001639   Thumb Code    34  stm32f4xx_rcc.o(.text)
    RCC_AHB2PeriphClockLPModeCmd             0x0800165b   Thumb Code    34  stm32f4xx_rcc.o(.text)
    RCC_AHB3PeriphClockLPModeCmd             0x0800167d   Thumb Code    34  stm32f4xx_rcc.o(.text)
    RCC_APB1PeriphClockLPModeCmd             0x0800169f   Thumb Code    34  stm32f4xx_rcc.o(.text)
    RCC_APB2PeriphClockLPModeCmd             0x080016c1   Thumb Code    34  stm32f4xx_rcc.o(.text)
    RCC_LSEModeConfig                        0x080016e3   Thumb Code    40  stm32f4xx_rcc.o(.text)
    RCC_ITConfig                             0x0800170b   Thumb Code    34  stm32f4xx_rcc.o(.text)
    RCC_ClearFlag                            0x0800172d   Thumb Code    18  stm32f4xx_rcc.o(.text)
    RCC_GetITStatus                          0x0800173f   Thumb Code    22  stm32f4xx_rcc.o(.text)
    RCC_ClearITPendingBit                    0x08001755   Thumb Code     8  stm32f4xx_rcc.o(.text)
    SPI_I2S_DeInit                           0x08001761   Thumb Code   152  stm32f4xx_spi.o(.text)
    SPI_Init                                 0x080017f9   Thumb Code    60  stm32f4xx_spi.o(.text)
    I2S_Init                                 0x08001835   Thumb Code   396  stm32f4xx_spi.o(.text)
    SPI_StructInit                           0x080019c1   Thumb Code    24  stm32f4xx_spi.o(.text)
    I2S_StructInit                           0x080019d9   Thumb Code    20  stm32f4xx_spi.o(.text)
    SPI_Cmd                                  0x080019ed   Thumb Code    24  stm32f4xx_spi.o(.text)
    I2S_Cmd                                  0x08001a05   Thumb Code    24  stm32f4xx_spi.o(.text)
    SPI_DataSizeConfig                       0x08001a1d   Thumb Code    18  stm32f4xx_spi.o(.text)
    SPI_BiDirectionalLineConfig              0x08001a2f   Thumb Code    28  stm32f4xx_spi.o(.text)
    SPI_NSSInternalSoftwareConfig            0x08001a4b   Thumb Code    30  stm32f4xx_spi.o(.text)
    SPI_SSOutputCmd                          0x08001a69   Thumb Code    24  stm32f4xx_spi.o(.text)
    SPI_TIModeCmd                            0x08001a81   Thumb Code    24  stm32f4xx_spi.o(.text)
    I2S_FullDuplexConfig                     0x08001a99   Thumb Code    80  stm32f4xx_spi.o(.text)
    SPI_I2S_ReceiveData                      0x08001ae9   Thumb Code     6  stm32f4xx_spi.o(.text)
    SPI_I2S_SendData                         0x08001aef   Thumb Code     4  stm32f4xx_spi.o(.text)
    SPI_CalculateCRC                         0x08001af3   Thumb Code    24  stm32f4xx_spi.o(.text)
    SPI_TransmitCRC                          0x08001b0b   Thumb Code    10  stm32f4xx_spi.o(.text)
    SPI_GetCRC                               0x08001b15   Thumb Code    16  stm32f4xx_spi.o(.text)
    SPI_GetCRCPolynomial                     0x08001b25   Thumb Code     6  stm32f4xx_spi.o(.text)
    SPI_I2S_DMACmd                           0x08001b2b   Thumb Code    18  stm32f4xx_spi.o(.text)
    SPI_I2S_ITConfig                         0x08001b3d   Thumb Code    68  stm32f4xx_spi.o(.text)
    SPI_I2S_GetFlagStatus                    0x08001b81   Thumb Code    18  stm32f4xx_spi.o(.text)
    SPI_I2S_ClearFlag                        0x08001b93   Thumb Code     6  stm32f4xx_spi.o(.text)
    SPI_I2S_GetITStatus                      0x08001b99   Thumb Code    52  stm32f4xx_spi.o(.text)
    SPI_I2S_ClearITPendingBit                0x08001bcd   Thumb Code    20  stm32f4xx_spi.o(.text)
    SYSCFG_DeInit                            0x08001be1   Thumb Code    22  stm32f4xx_syscfg.o(.text)
    SYSCFG_MemoryRemapConfig                 0x08001bf7   Thumb Code     6  stm32f4xx_syscfg.o(.text)
    SYSCFG_MemorySwappingBank                0x08001bfd   Thumb Code     6  stm32f4xx_syscfg.o(.text)
    SYSCFG_EXTILineConfig                    0x08001c03   Thumb Code    66  stm32f4xx_syscfg.o(.text)
    SYSCFG_ETH_MediaInterfaceConfig          0x08001c45   Thumb Code     8  stm32f4xx_syscfg.o(.text)
    SYSCFG_CompensationCellCmd               0x08001c4d   Thumb Code     6  stm32f4xx_syscfg.o(.text)
    SYSCFG_GetCompensationCellStatus         0x08001c53   Thumb Code    22  stm32f4xx_syscfg.o(.text)
    USART_DeInit                             0x08001c75   Thumb Code   206  stm32f4xx_usart.o(.text)
    USART_Init                               0x08001d43   Thumb Code   204  stm32f4xx_usart.o(.text)
    USART_StructInit                         0x08001e0f   Thumb Code    24  stm32f4xx_usart.o(.text)
    USART_ClockInit                          0x08001e27   Thumb Code    32  stm32f4xx_usart.o(.text)
    USART_ClockStructInit                    0x08001e47   Thumb Code    12  stm32f4xx_usart.o(.text)
    USART_Cmd                                0x08001e53   Thumb Code    24  stm32f4xx_usart.o(.text)
    USART_SetPrescaler                       0x08001e6b   Thumb Code    16  stm32f4xx_usart.o(.text)
    USART_OverSampling8Cmd                   0x08001e7b   Thumb Code    22  stm32f4xx_usart.o(.text)
    USART_OneBitMethodCmd                    0x08001e91   Thumb Code    24  stm32f4xx_usart.o(.text)
    USART_SendData                           0x08001ea9   Thumb Code     8  stm32f4xx_usart.o(.text)
    USART_ReceiveData                        0x08001eb1   Thumb Code    10  stm32f4xx_usart.o(.text)
    USART_SetAddress                         0x08001ebb   Thumb Code    18  stm32f4xx_usart.o(.text)
    USART_ReceiverWakeUpCmd                  0x08001ecd   Thumb Code    24  stm32f4xx_usart.o(.text)
    USART_WakeUpConfig                       0x08001ee5   Thumb Code    18  stm32f4xx_usart.o(.text)
    USART_LINBreakDetectLengthConfig         0x08001ef7   Thumb Code    18  stm32f4xx_usart.o(.text)
    USART_LINCmd                             0x08001f09   Thumb Code    24  stm32f4xx_usart.o(.text)
    USART_SendBreak                          0x08001f21   Thumb Code    10  stm32f4xx_usart.o(.text)
    USART_HalfDuplexCmd                      0x08001f2b   Thumb Code    24  stm32f4xx_usart.o(.text)
    USART_SetGuardTime                       0x08001f43   Thumb Code    16  stm32f4xx_usart.o(.text)
    USART_SmartCardCmd                       0x08001f53   Thumb Code    24  stm32f4xx_usart.o(.text)
    USART_SmartCardNACKCmd                   0x08001f6b   Thumb Code    24  stm32f4xx_usart.o(.text)
    USART_IrDAConfig                         0x08001f83   Thumb Code    18  stm32f4xx_usart.o(.text)
    USART_IrDACmd                            0x08001f95   Thumb Code    24  stm32f4xx_usart.o(.text)
    USART_DMACmd                             0x08001fad   Thumb Code    18  stm32f4xx_usart.o(.text)
    USART_ITConfig                           0x08001fbf   Thumb Code    74  stm32f4xx_usart.o(.text)
    USART_GetFlagStatus                      0x08002009   Thumb Code    26  stm32f4xx_usart.o(.text)
    USART_ClearFlag                          0x08002023   Thumb Code    18  stm32f4xx_usart.o(.text)
    USART_GetITStatus                        0x08002035   Thumb Code   118  stm32f4xx_usart.o(.text)
    USART_ClearITPendingBit                  0x080020ab   Thumb Code    30  stm32f4xx_usart.o(.text)
    EXTI_DeInit                              0x080020c9   Thumb Code    28  stm32f4xx_exti.o(.text)
    EXTI_Init                                0x080020e5   Thumb Code   142  stm32f4xx_exti.o(.text)
    EXTI_StructInit                          0x08002173   Thumb Code    16  stm32f4xx_exti.o(.text)
    EXTI_GenerateSWInterrupt                 0x08002183   Thumb Code    16  stm32f4xx_exti.o(.text)
    EXTI_GetFlagStatus                       0x08002193   Thumb Code    22  stm32f4xx_exti.o(.text)
    EXTI_ClearFlag                           0x080021a9   Thumb Code     8  stm32f4xx_exti.o(.text)
    EXTI_GetITStatus                         0x080021b1   Thumb Code    22  stm32f4xx_exti.o(.text)
    EXTI_ClearITPendingBit                   0x080021c7   Thumb Code     8  stm32f4xx_exti.o(.text)
    DMA_DeInit                               0x080021d9   Thumb Code   324  stm32f4xx_dma.o(.text)
    DMA_Init                                 0x0800231d   Thumb Code    82  stm32f4xx_dma.o(.text)
    DMA_StructInit                           0x0800236f   Thumb Code    34  stm32f4xx_dma.o(.text)
    DMA_Cmd                                  0x08002391   Thumb Code    22  stm32f4xx_dma.o(.text)
    DMA_PeriphIncOffsetSizeConfig            0x080023a7   Thumb Code    22  stm32f4xx_dma.o(.text)
    DMA_FlowControllerConfig                 0x080023bd   Thumb Code    22  stm32f4xx_dma.o(.text)
    DMA_SetCurrDataCounter                   0x080023d3   Thumb Code     4  stm32f4xx_dma.o(.text)
    DMA_GetCurrDataCounter                   0x080023d7   Thumb Code     8  stm32f4xx_dma.o(.text)
    DMA_DoubleBufferModeConfig               0x080023df   Thumb Code    24  stm32f4xx_dma.o(.text)
    DMA_DoubleBufferModeCmd                  0x080023f7   Thumb Code    22  stm32f4xx_dma.o(.text)
    DMA_MemoryTargetConfig                   0x0800240d   Thumb Code    10  stm32f4xx_dma.o(.text)
    DMA_GetCurrentMemoryTarget               0x08002417   Thumb Code    20  stm32f4xx_dma.o(.text)
    DMA_GetCmdStatus                         0x0800242b   Thumb Code    20  stm32f4xx_dma.o(.text)
    DMA_GetFIFOStatus                        0x0800243f   Thumb Code    12  stm32f4xx_dma.o(.text)
    DMA_GetFlagStatus                        0x0800244b   Thumb Code    56  stm32f4xx_dma.o(.text)
    DMA_ClearFlag                            0x08002483   Thumb Code    40  stm32f4xx_dma.o(.text)
    DMA_ITConfig                             0x080024ab   Thumb Code    58  stm32f4xx_dma.o(.text)
    DMA_GetITStatus                          0x080024e5   Thumb Code    84  stm32f4xx_dma.o(.text)
    DMA_ClearITPendingBit                    0x08002539   Thumb Code    40  stm32f4xx_dma.o(.text)
    __use_no_semihosting                     0x08002581   Thumb Code     2  use_no_semi_2.o(.text)
    __2printf                                0x08002585   Thumb Code    20  noretval__2printf.o(.text)
    __printf                                 0x0800259d   Thumb Code   104  __printf.o(.text)
    __aeabi_memcpy                           0x08002605   Thumb Code     0  rt_memcpy_v6.o(.text)
    __rt_memcpy                              0x08002605   Thumb Code   138  rt_memcpy_v6.o(.text)
    _memcpy_lastbytes                        0x0800266b   Thumb Code     0  rt_memcpy_v6.o(.text)
    __use_two_region_memory                  0x0800268f   Thumb Code     2  heapauxi.o(.text)
    __rt_heap_escrow$2region                 0x08002691   Thumb Code     2  heapauxi.o(.text)
    __rt_heap_expand$2region                 0x08002693   Thumb Code     2  heapauxi.o(.text)
    __I$use$semihosting                      0x08002695   Thumb Code     0  use_no_semi.o(.text)
    __use_no_semihosting_swi                 0x08002695   Thumb Code     2  use_no_semi.o(.text)
    _printf_char_file                        0x08002699   Thumb Code    32  _printf_char_file.o(.text)
    __aeabi_memcpy4                          0x080026bd   Thumb Code     0  rt_memcpy_w.o(.text)
    __aeabi_memcpy8                          0x080026bd   Thumb Code     0  rt_memcpy_w.o(.text)
    __rt_memcpy_w                            0x080026bd   Thumb Code   100  rt_memcpy_w.o(.text)
    _memcpy_lastbytes_aligned                0x08002705   Thumb Code     0  rt_memcpy_w.o(.text)
    _printf_char_common                      0x0800272b   Thumb Code    32  _printf_char_common.o(.text)
    ferror                                   0x08002751   Thumb Code     8  ferror.o(.text)
    __user_setup_stackheap                   0x08002759   Thumb Code    74  sys_stackheap_outer.o(.text)
    exit                                     0x080027a3   Thumb Code    18  exit.o(.text)
    __user_libspace                          0x080027b5   Thumb Code     8  libspace.o(.text)
    __user_perproc_libspace                  0x080027b5   Thumb Code     0  libspace.o(.text)
    __user_perthread_libspace                0x080027b5   Thumb Code     0  libspace.o(.text)
    _fp_init                                 0x080027bd   Thumb Code    10  fpinit.o(x$fpl$fpinit)
    __fplib_config_fpu_vfp                   0x080027c5   Thumb Code     0  fpinit.o(x$fpl$fpinit)
    __fplib_config_pureend_doubles           0x080027c5   Thumb Code     0  fpinit.o(x$fpl$fpinit)
    Region$$Table$$Base                      0x080027c8   Number         0  anon$$obj.o(Region$$Table)
    Region$$Table$$Limit                     0x080027e8   Number         0  anon$$obj.o(Region$$Table)
    SystemCoreClock                          0x20000000   Data           4  system_stm32f4xx.o(.data)
    AHBPrescTable                            0x20000004   Data          16  system_stm32f4xx.o(.data)
    ads_data                                 0x20000014   Data          33  ads1299.o(.data)
    stream_data                              0x20000035   Data           1  ads1299.o(.data)
    __stdout                                 0x20000040   Data           4  usart.o(.data)
    USART_RX_STA                             0x20000044   Data           2  usart.o(.data)
    uart_send_data                           0x200000af   Data          33  usart.o(.bss)
    USART_RX_BUF                             0x200000d0   Data         200  usart.o(.bss)
    __libspace_start                         0x20000198   Data          96  libspace.o(.bss)
    __temporary_stack_top$libspace           0x200001f8   Data           0  libspace.o(.bss)



==============================================================================

Memory Map of the image

  Image Entry point : 0x08000189

  Load Region LR_IROM1 (Base: 0x08000000, Size: 0x00002840, Max: 0x00100000, ABSOLUTE)

    Execution Region ER_IROM1 (Exec base: 0x08000000, Load base: 0x08000000, Size: 0x000027e8, Max: 0x00100000, ABSOLUTE)

    Exec Addr    Load Addr    Size         Type   Attr      Idx    E Section Name        Object

    0x08000000   0x08000000   0x00000188   Data   RO          466    RESET               startup_stm32f40_41xxx.o
    0x08000188   0x08000188   0x00000008   Code   RO          713  * !!!main             c_w.l(__main.o)
    0x08000190   0x08000190   0x00000034   Code   RO          883    !!!scatter          c_w.l(__scatter.o)
    0x080001c4   0x080001c4   0x0000001a   Code   RO          885    !!handler_copy      c_w.l(__scatter_copy.o)
    0x080001de   0x080001de   0x00000002   PAD
    0x080001e0   0x080001e0   0x0000001c   Code   RO          887    !!handler_zi        c_w.l(__scatter_zi.o)
    0x080001fc   0x080001fc   0x00000000   Code   RO          708    .ARM.Collect$$_printf_percent$$00000000  c_w.l(_printf_percent.o)
    0x080001fc   0x080001fc   0x00000004   Code   RO          722    .ARM.Collect$$_printf_percent$$00000017  c_w.l(_printf_percent_end.o)
    0x08000200   0x08000200   0x00000002   Code   RO          757    .ARM.Collect$$libinit$$00000000  c_w.l(libinit.o)
    0x08000202   0x08000202   0x00000004   Code   RO          763    .ARM.Collect$$libinit$$00000001  c_w.l(libinit2.o)
    0x08000206   0x08000206   0x00000000   Code   RO          766    .ARM.Collect$$libinit$$00000004  c_w.l(libinit2.o)
    0x08000206   0x08000206   0x00000000   Code   RO          769    .ARM.Collect$$libinit$$0000000A  c_w.l(libinit2.o)
    0x08000206   0x08000206   0x00000000   Code   RO          771    .ARM.Collect$$libinit$$0000000C  c_w.l(libinit2.o)
    0x08000206   0x08000206   0x00000000   Code   RO          773    .ARM.Collect$$libinit$$0000000E  c_w.l(libinit2.o)
    0x08000206   0x08000206   0x00000000   Code   RO          776    .ARM.Collect$$libinit$$00000011  c_w.l(libinit2.o)
    0x08000206   0x08000206   0x00000000   Code   RO          778    .ARM.Collect$$libinit$$00000013  c_w.l(libinit2.o)
    0x08000206   0x08000206   0x00000000   Code   RO          780    .ARM.Collect$$libinit$$00000015  c_w.l(libinit2.o)
    0x08000206   0x08000206   0x00000000   Code   RO          782    .ARM.Collect$$libinit$$00000017  c_w.l(libinit2.o)
    0x08000206   0x08000206   0x00000000   Code   RO          784    .ARM.Collect$$libinit$$00000019  c_w.l(libinit2.o)
    0x08000206   0x08000206   0x00000000   Code   RO          786    .ARM.Collect$$libinit$$0000001B  c_w.l(libinit2.o)
    0x08000206   0x08000206   0x00000000   Code   RO          788    .ARM.Collect$$libinit$$0000001D  c_w.l(libinit2.o)
    0x08000206   0x08000206   0x00000000   Code   RO          790    .ARM.Collect$$libinit$$0000001F  c_w.l(libinit2.o)
    0x08000206   0x08000206   0x00000000   Code   RO          792    .ARM.Collect$$libinit$$00000021  c_w.l(libinit2.o)
    0x08000206   0x08000206   0x00000000   Code   RO          794    .ARM.Collect$$libinit$$00000023  c_w.l(libinit2.o)
    0x08000206   0x08000206   0x00000000   Code   RO          796    .ARM.Collect$$libinit$$00000025  c_w.l(libinit2.o)
    0x08000206   0x08000206   0x00000000   Code   RO          800    .ARM.Collect$$libinit$$0000002C  c_w.l(libinit2.o)
    0x08000206   0x08000206   0x00000000   Code   RO          802    .ARM.Collect$$libinit$$0000002E  c_w.l(libinit2.o)
    0x08000206   0x08000206   0x00000000   Code   RO          804    .ARM.Collect$$libinit$$00000030  c_w.l(libinit2.o)
    0x08000206   0x08000206   0x00000000   Code   RO          806    .ARM.Collect$$libinit$$00000032  c_w.l(libinit2.o)
    0x08000206   0x08000206   0x00000002   Code   RO          807    .ARM.Collect$$libinit$$00000033  c_w.l(libinit2.o)
    0x08000208   0x08000208   0x00000002   Code   RO          825    .ARM.Collect$$libshutdown$$00000000  c_w.l(libshutdown.o)
    0x0800020a   0x0800020a   0x00000000   Code   RO          835    .ARM.Collect$$libshutdown$$00000002  c_w.l(libshutdown2.o)
    0x0800020a   0x0800020a   0x00000000   Code   RO          837    .ARM.Collect$$libshutdown$$00000004  c_w.l(libshutdown2.o)
    0x0800020a   0x0800020a   0x00000000   Code   RO          840    .ARM.Collect$$libshutdown$$00000007  c_w.l(libshutdown2.o)
    0x0800020a   0x0800020a   0x00000000   Code   RO          843    .ARM.Collect$$libshutdown$$0000000A  c_w.l(libshutdown2.o)
    0x0800020a   0x0800020a   0x00000000   Code   RO          845    .ARM.Collect$$libshutdown$$0000000C  c_w.l(libshutdown2.o)
    0x0800020a   0x0800020a   0x00000000   Code   RO          848    .ARM.Collect$$libshutdown$$0000000F  c_w.l(libshutdown2.o)
    0x0800020a   0x0800020a   0x00000002   Code   RO          849    .ARM.Collect$$libshutdown$$00000010  c_w.l(libshutdown2.o)
    0x0800020c   0x0800020c   0x00000000   Code   RO          717    .ARM.Collect$$rtentry$$00000000  c_w.l(__rtentry.o)
    0x0800020c   0x0800020c   0x00000000   Code   RO          726    .ARM.Collect$$rtentry$$00000002  c_w.l(__rtentry2.o)
    0x0800020c   0x0800020c   0x00000006   Code   RO          738    .ARM.Collect$$rtentry$$00000004  c_w.l(__rtentry4.o)
    0x08000212   0x08000212   0x00000000   Code   RO          728    .ARM.Collect$$rtentry$$00000009  c_w.l(__rtentry2.o)
    0x08000212   0x08000212   0x00000004   Code   RO          729    .ARM.Collect$$rtentry$$0000000A  c_w.l(__rtentry2.o)
    0x08000216   0x08000216   0x00000000   Code   RO          731    .ARM.Collect$$rtentry$$0000000C  c_w.l(__rtentry2.o)
    0x08000216   0x08000216   0x00000008   Code   RO          732    .ARM.Collect$$rtentry$$0000000D  c_w.l(__rtentry2.o)
    0x0800021e   0x0800021e   0x00000002   Code   RO          761    .ARM.Collect$$rtexit$$00000000  c_w.l(rtexit.o)
    0x08000220   0x08000220   0x00000000   Code   RO          809    .ARM.Collect$$rtexit$$00000002  c_w.l(rtexit2.o)
    0x08000220   0x08000220   0x00000004   Code   RO          810    .ARM.Collect$$rtexit$$00000003  c_w.l(rtexit2.o)
    0x08000224   0x08000224   0x00000006   Code   RO          811    .ARM.Collect$$rtexit$$00000004  c_w.l(rtexit2.o)
    0x0800022a   0x0800022a   0x0000002c   Code   RO            3    .text               main.o
    0x08000256   0x08000256   0x0000001a   Code   RO          171    .text               stm32f4xx_it.o
    0x08000270   0x08000270   0x00000210   Code   RO          220    .text               system_stm32f4xx.o
    0x08000480   0x08000480   0x0000003c   Code   RO          246    .text               led.o
    0x080004bc   0x080004bc   0x00000110   Code   RO          325    .text               spi.o
    0x080005cc   0x080005cc   0x000003f0   Code   RO          345    .text               ads1299.o
    0x080009bc   0x080009bc   0x00000066   Code   RO          375    .text               exti.o
    0x08000a22   0x08000a22   0x00000002   PAD
    0x08000a24   0x08000a24   0x00000104   Code   RO          395    .text               delay.o
    0x08000b28   0x08000b28   0x00000228   Code   RO          435    .text               usart.o
    0x08000d50   0x08000d50   0x00000040   Code   RO          467    .text               startup_stm32f40_41xxx.o
    0x08000d90   0x08000d90   0x000000e0   Code   RO          473    .text               misc.o
    0x08000e70   0x08000e70   0x00000294   Code   RO          493    .text               stm32f4xx_gpio.o
    0x08001104   0x08001104   0x0000065c   Code   RO          536    .text               stm32f4xx_rcc.o
    0x08001760   0x08001760   0x00000480   Code   RO          558    .text               stm32f4xx_spi.o
    0x08001be0   0x08001be0   0x00000094   Code   RO          578    .text               stm32f4xx_syscfg.o
    0x08001c74   0x08001c74   0x00000454   Code   RO          598    .text               stm32f4xx_usart.o
    0x080020c8   0x080020c8   0x00000110   Code   RO          618    .text               stm32f4xx_exti.o
    0x080021d8   0x080021d8   0x000003a8   Code   RO          638    .text               stm32f4xx_dma.o
    0x08002580   0x08002580   0x00000002   Code   RO          658    .text               c_w.l(use_no_semi_2.o)
    0x08002582   0x08002582   0x00000002   PAD
    0x08002584   0x08002584   0x00000018   Code   RO          662    .text               c_w.l(noretval__2printf.o)
    0x0800259c   0x0800259c   0x00000068   Code   RO          664    .text               c_w.l(__printf.o)
    0x08002604   0x08002604   0x0000008a   Code   RO          709    .text               c_w.l(rt_memcpy_v6.o)
    0x0800268e   0x0800268e   0x00000006   Code   RO          711    .text               c_w.l(heapauxi.o)
    0x08002694   0x08002694   0x00000002   Code   RO          715    .text               c_w.l(use_no_semi.o)
    0x08002696   0x08002696   0x00000002   PAD
    0x08002698   0x08002698   0x00000024   Code   RO          720    .text               c_w.l(_printf_char_file.o)
    0x080026bc   0x080026bc   0x00000064   Code   RO          723    .text               c_w.l(rt_memcpy_w.o)
    0x08002720   0x08002720   0x00000030   Code   RO          740    .text               c_w.l(_printf_char_common.o)
    0x08002750   0x08002750   0x00000008   Code   RO          742    .text               c_w.l(ferror.o)
    0x08002758   0x08002758   0x0000004a   Code   RO          746    .text               c_w.l(sys_stackheap_outer.o)
    0x080027a2   0x080027a2   0x00000012   Code   RO          750    .text               c_w.l(exit.o)
    0x080027b4   0x080027b4   0x00000008   Code   RO          758    .text               c_w.l(libspace.o)
    0x080027bc   0x080027bc   0x0000000a   Code   RO          817    x$fpl$fpinit        fz_wm.l(fpinit.o)
    0x080027c6   0x080027c6   0x00000002   PAD
    0x080027c8   0x080027c8   0x00000020   Data   RO          881    Region$$Table       anon$$obj.o


    Execution Region RW_IRAM1 (Exec base: 0x20000000, Load base: 0x080027e8, Size: 0x000007f8, Max: 0x00020000, ABSOLUTE)

    Exec Addr    Load Addr    Size         Type   Attr      Idx    E Section Name        Object

    0x20000000   0x080027e8   0x00000014   Data   RW          221    .data               system_stm32f4xx.o
    0x20000014   0x080027fc   0x00000028   Data   RW          347    .data               ads1299.o
    0x2000003c   0x08002824   0x00000004   Data   RW          396    .data               delay.o
    0x20000040   0x08002828   0x00000006   Data   RW          437    .data               usart.o
    0x20000046   0x0800282e   0x00000010   Data   RW          537    .data               stm32f4xx_rcc.o
    0x20000056   0x0800283e   0x00000002   PAD
    0x20000058        -       0x00000057   Zero   RW          346    .bss                ads1299.o
    0x200000af        -       0x000000e9   Zero   RW          436    .bss                usart.o
    0x20000198        -       0x00000060   Zero   RW          759    .bss                c_w.l(libspace.o)
    0x200001f8        -       0x00000200   Zero   RW          465    HEAP                startup_stm32f40_41xxx.o
    0x200003f8        -       0x00000400   Zero   RW          464    STACK               startup_stm32f40_41xxx.o


==============================================================================

Image component sizes


      Code (inc. data)   RO Data    RW Data    ZI Data      Debug   Object Name

      1008        172          0         40         87       3904   ads1299.o
       260          8          0          4          0       1541   delay.o
       102          0          0          0          0        748   exti.o
        60          4          0          0          0        555   led.o
        44          0          0          0          0     285623   main.o
       224         20          0          0          0       1877   misc.o
       272         10          0          0          0       1101   spi.o
        64         26        392          0       1536        856   startup_stm32f40_41xxx.o
       936         32          0          0          0       6453   stm32f4xx_dma.o
       272         10          0          0          0       2347   stm32f4xx_exti.o
       660         44          0          0          0       4217   stm32f4xx_gpio.o
        26          0          0          0          0       1254   stm32f4xx_it.o
      1628         52          0         16          0      13124   stm32f4xx_rcc.o
      1152         36          0          0          0       6969   stm32f4xx_spi.o
       148         12          0          0          0       1873   stm32f4xx_syscfg.o
      1108         34          0          0          0       7944   stm32f4xx_usart.o
       528         46          0         20          0       1867   system_stm32f4xx.o
       552         22          0          6        233       4699   usart.o

    ----------------------------------------------------------------------
      9046        528        424         88       1856     346952   Object Totals
         0          0         32          0          0          0   (incl. Generated)
         2          0          0          2          0          0   (incl. Padding)

    ----------------------------------------------------------------------

      Code (inc. data)   RO Data    RW Data    ZI Data      Debug   Library Member Name

         8          0          0          0          0         68   __main.o
       104          0          0          0          0         84   __printf.o
         0          0          0          0          0          0   __rtentry.o
        12          0          0          0          0          0   __rtentry2.o
         6          0          0          0          0          0   __rtentry4.o
        52          8          0          0          0          0   __scatter.o
        26          0          0          0          0          0   __scatter_copy.o
        28          0          0          0          0          0   __scatter_zi.o
        48          6          0          0          0         96   _printf_char_common.o
        36          4          0          0          0         80   _printf_char_file.o
         0          0          0          0          0          0   _printf_percent.o
         4          0          0          0          0          0   _printf_percent_end.o
        18          0          0          0          0         80   exit.o
         8          0          0          0          0         68   ferror.o
         6          0          0          0          0        152   heapauxi.o
         2          0          0          0          0          0   libinit.o
         6          0          0          0          0          0   libinit2.o
         2          0          0          0          0          0   libshutdown.o
         2          0          0          0          0          0   libshutdown2.o
         8          4          0          0         96         68   libspace.o
        24          4          0          0          0         84   noretval__2printf.o
       138          0          0          0          0         68   rt_memcpy_v6.o
       100          0          0          0          0         80   rt_memcpy_w.o
         2          0          0          0          0          0   rtexit.o
        10          0          0          0          0          0   rtexit2.o
        74          0          0          0          0         80   sys_stackheap_outer.o
         2          0          0          0          0         68   use_no_semi.o
         2          0          0          0          0         68   use_no_semi_2.o
        10          0          0          0          0        116   fpinit.o

    ----------------------------------------------------------------------
       746         26          0          0         96       1260   Library Totals
         8          0          0          0          0          0   (incl. Padding)

    ----------------------------------------------------------------------

      Code (inc. data)   RO Data    RW Data    ZI Data      Debug   Library Name

       728         26          0          0         96       1144   c_w.l
        10          0          0          0          0        116   fz_wm.l

    ----------------------------------------------------------------------
       746         26          0          0         96       1260   Library Totals

    ----------------------------------------------------------------------

==============================================================================


      Code (inc. data)   RO Data    RW Data    ZI Data      Debug   

      9792        554        424         88       1952     344192   Grand Totals
      9792        554        424         88       1952     344192   ELF Image Totals
      9792        554        424         88          0          0   ROM Totals

==============================================================================

    Total RO  Size (Code + RO Data)                10216 (   9.98kB)
    Total RW  Size (RW Data + ZI Data)              2040 (   1.99kB)
    Total ROM Size (Code + RO Data + RW Data)      10304 (  10.06kB)

==============================================================================

