Component: ARM Compiler 5.06 update 6 (build 750) Tool: armlink [4d35ed]

==============================================================================

Section Cross References

    main.o(.text) refers to misc.o(.text) for NVIC_PriorityGroupConfig
    main.o(.text) refers to delay.o(.text) for delay_init
    main.o(.text) refers to usart.o(.text) for uart_init
    main.o(.text) refers to led.o(.text) for LED_Init
    main.o(.text) refers to spi.o(.text) for SPI1_Init
    main.o(.text) refers to ads1299.o(.text) for ads1299_init
    main.o(.text) refers to imu.o(.text) for imu_init
    main.o(.text) refers to exti.o(.text) for EXTIX_Init
    system_stm32f4xx.o(.text) refers to system_stm32f4xx.o(.data) for SystemCoreClock
    led.o(.text) refers to stm32f4xx_rcc.o(.text) for RCC_AHB1PeriphClockCmd
    led.o(.text) refers to stm32f4xx_gpio.o(.text) for GPIO_Init
    key.o(.text) refers to stm32f4xx_rcc.o(.text) for RCC_AHB1PeriphClockCmd
    key.o(.text) refers to stm32f4xx_gpio.o(.text) for GPIO_Init
    key.o(.text) refers to delay.o(.text) for delay_ms
    key.o(.text) refers to key.o(.data) for key_up
    spi.o(.text) refers to stm32f4xx_spi.o(.text) for SPI_I2S_SendData
    spi.o(.text) refers to delay.o(.text) for delay_us
    spi.o(.text) refers to stm32f4xx_rcc.o(.text) for RCC_AHB1PeriphClockCmd
    spi.o(.text) refers to stm32f4xx_gpio.o(.text) for GPIO_Init
    ads1299.o(.text) refers to _printf_percent.o(.ARM.Collect$$_printf_percent$$00000000) for _printf_percent
    ads1299.o(.text) refers to _printf_x.o(.ARM.Collect$$_printf_percent$$0000000C) for _printf_x
    ads1299.o(.text) refers to _printf_hex_int.o(.text) for _printf_longlong_hex
    ads1299.o(.text) refers to noretval__2printf.o(.text) for __2printf
    ads1299.o(.text) refers to spi.o(.text) for SPI_TX
    ads1299.o(.text) refers to delay.o(.text) for delay_us
    ads1299.o(.text) refers to stm32f4xx_rcc.o(.text) for RCC_AHB1PeriphClockCmd
    ads1299.o(.text) refers to stm32f4xx_gpio.o(.text) for GPIO_Init
    ads1299.o(.text) refers to rt_memcpy_v6.o(.text) for __aeabi_memcpy
    ads1299.o(.text) refers to usart.o(.text) for USART1_Print
    ads1299.o(.text) refers to ads1299.o(.bss) for DATA_REC
    ads1299.o(.text) refers to ads1299.o(.data) for ads_data
    ads1299.o(.text) refers to usart.o(.bss) for uart_send_data
    exti.o(.text) refers to stm32f4xx_exti.o(.text) for EXTI_GetFlagStatus
    exti.o(.text) refers to ads1299.o(.text) for ads_data_process
    exti.o(.text) refers to stm32f4xx_rcc.o(.text) for RCC_APB2PeriphClockCmd
    exti.o(.text) refers to stm32f4xx_syscfg.o(.text) for SYSCFG_EXTILineConfig
    exti.o(.text) refers to misc.o(.text) for NVIC_Init
    imu.o(.text) refers to _printf_pad.o(.text) for _printf_pre_padding
    imu.o(.text) refers to _printf_percent.o(.ARM.Collect$$_printf_percent$$00000000) for _printf_percent
    imu.o(.text) refers to _printf_f.o(.ARM.Collect$$_printf_percent$$00000003) for _printf_f
    imu.o(.text) refers to printf1.o(x$fpl$printf1) for _printf_fp_dec
    imu.o(.text) refers to myiic.o(.text) for IIC_Start
    imu.o(.text) refers to dflt_clz.o(x$fpl$dflt) for __aeabi_i2d
    imu.o(.text) refers to ddiv.o(x$fpl$ddiv) for __aeabi_ddiv
    imu.o(.text) refers to daddsub_clz.o(x$fpl$dadd) for __aeabi_dadd
    imu.o(.text) refers to d2f.o(x$fpl$d2f) for __aeabi_d2f
    imu.o(.text) refers to delay.o(.text) for delay_ms
    imu.o(.text) refers to f2d.o(x$fpl$f2d) for __aeabi_f2d
    imu.o(.text) refers to dmul.o(x$fpl$dmul) for __aeabi_dmul
    imu.o(.text) refers to imu.o(.data) for imu
    imu.o(.text) refers to imu.o(.bss) for accel_fliter_3
    imu.o(.text) refers to imu.o(.constdata) for fliter_num
    imu.o(.text) refers to fabs.o(i.__hardfp_fabs) for __hardfp_fabs
    imu.o(.text) refers to drleqf.o(x$fpl$drleqf) for __aeabi_cdrcmple
    imu.o(.text) refers to sqrt.o(i.__hardfp_sqrt) for __hardfp_sqrt
    imu.o(.text) refers to atan2.o(i.__hardfp_atan2) for __hardfp_atan2
    imu.o(.text) refers to asin.o(i.__hardfp_asin) for __hardfp_asin
    imu.o(.text) refers to basic.o(x$fpl$basic) for __aeabi_dneg
    imu.o(.text) refers to noretval__2printf.o(.text) for __2printf
    myiic.o(.text) refers to stm32f4xx_rcc.o(.text) for RCC_AHB1PeriphClockCmd
    myiic.o(.text) refers to stm32f4xx_gpio.o(.text) for GPIO_Init
    myiic.o(.text) refers to delay.o(.text) for delay_us
    delay.o(.text) refers to misc.o(.text) for SysTick_CLKSourceConfig
    delay.o(.text) refers to delay.o(.data) for fac_us
    usart.o(.rev16_text) refers (Special) to use_no_semi_2.o(.text) for __use_no_semihosting
    usart.o(.revsh_text) refers (Special) to use_no_semi_2.o(.text) for __use_no_semihosting
    usart.o(.text) refers (Special) to use_no_semi_2.o(.text) for __use_no_semihosting
    usart.o(.text) refers to stm32f4xx_rcc.o(.text) for RCC_AHB1PeriphClockCmd
    usart.o(.text) refers to stm32f4xx_gpio.o(.text) for GPIO_PinAFConfig
[...]
    .text                                    0x08004204   Section        0  __printf_ss_wp.o(.text)
    .text                                    0x08004364   Section      138  rt_memcpy_v6.o(.text)
    .text                                    0x080043ee   Section        0  heapauxi.o(.text)
    .text                                    0x080043f4   Section        2  use_no_semi.o(.text)
    .text                                    0x080043f6   Section        0  _rserrno.o(.text)
    .text                                    0x0800440c   Section        0  _printf_intcommon.o(.text)
    .text                                    0x080044be   Section        0  _printf_fp_dec.o(.text)
    _fp_digits                               0x080044c1   Thumb Code   432  _printf_fp_dec.o(.text)
    .text                                    0x080048dc   Section        0  _printf_char_file.o(.text)
    .text                                    0x08004900   Section      100  rt_memcpy_w.o(.text)
    .text                                    0x08004964   Section        8  rt_locale_intlibspace.o(.text)
    .text                                    0x0800496c   Section        8  rt_errno_addr_intlibspace.o(.text)
    .text                                    0x08004974   Section      138  lludiv10.o(.text)
    .text                                    0x08004a00   Section        0  _printf_char_common.o(.text)
    _printf_input_char                       0x08004a01   Thumb Code    10  _printf_char_common.o(.text)
    .text                                    0x08004a30   Section        0  _printf_fp_infnan.o(.text)
    .text                                    0x08004ab0   Section        0  bigflt0.o(.text)
    .text                                    0x08004b94   Section        0  ferror.o(.text)
    .text                                    0x08004b9c   Section        8  libspace.o(.text)
    .text                                    0x08004ba4   Section       74  sys_stackheap_outer.o(.text)
    .text                                    0x08004bee   Section        0  exit.o(.text)
    .text                                    0x08004c00   Section      128  strcmpv7m.o(.text)
    CL$$btod_d2e                             0x08004c80   Section       62  btod.o(CL$$btod_d2e)
    CL$$btod_d2e_denorm_low                  0x08004cbe   Section       70  btod.o(CL$$btod_d2e_denorm_low)
    CL$$btod_d2e_norm_op1                    0x08004d04   Section       96  btod.o(CL$$btod_d2e_norm_op1)
    CL$$btod_div_common                      0x08004d64   Section      824  btod.o(CL$$btod_div_common)
    CL$$btod_e2e                             0x0800509c   Section      220  btod.o(CL$$btod_e2e)
    CL$$btod_ediv                            0x08005178   Section       42  btod.o(CL$$btod_ediv)
    CL$$btod_emul                            0x080051a2   Section       42  btod.o(CL$$btod_emul)
    CL$$btod_mult_common                     0x080051cc   Section      580  btod.o(CL$$btod_mult_common)
    i.__ARM_fpclassify                       0x08005410   Section        0  fpclassify.o(i.__ARM_fpclassify)
    i.__hardfp_asin                          0x08005440   Section        0  asin.o(i.__hardfp_asin)
    i.__hardfp_atan                          0x080057a0   Section        0  atan.o(i.__hardfp_atan)
    i.__hardfp_atan2                         0x08005a78   Section        0  atan2.o(i.__hardfp_atan2)
    i.__hardfp_fabs                          0x08005c68   Section        0  fabs.o(i.__hardfp_fabs)
    i.__hardfp_sqrt                          0x08005c7c   Section        0  sqrt.o(i.__hardfp_sqrt)
    i.__kernel_poly                          0x08005cf6   Section        0  poly.o(i.__kernel_poly)
    i.__mathlib_dbl_infnan                   0x08005dee   Section        0  dunder.o(i.__mathlib_dbl_infnan)
    i.__mathlib_dbl_infnan2                  0x08005e02   Section        0  dunder.o(i.__mathlib_dbl_infnan2)
    i.__mathlib_dbl_invalid                  0x08005e18   Section        0  dunder.o(i.__mathlib_dbl_invalid)
    i.__mathlib_dbl_underflow                0x08005e38   Section        0  dunder.o(i.__mathlib_dbl_underflow)
    i._is_digit                              0x08005e58   Section        0  __printf_wp.o(i._is_digit)
    i.atan                                   0x08005e66   Section        0  atan.o(i.atan)
    i.fabs                                   0x08005e76   Section        0  fabs.o(i.fabs)
    i.sqrt                                   0x08005e8e   Section        0  sqrt.o(i.sqrt)
    locale$$code                             0x08005efc   Section       44  lc_numeric_c.o(locale$$code)
    x$fpl$basic                              0x08005f28   Section       24  basic.o(x$fpl$basic)
    $v0                                      0x08005f28   Number         0  basic.o(x$fpl$basic)
    x$fpl$d2f                                0x08005f40   Section       98  d2f.o(x$fpl$d2f)
    $v0                                      0x08005f40   Number         0  d2f.o(x$fpl$d2f)
    x$fpl$dadd                               0x08005fa4   Section      336  daddsub_clz.o(x$fpl$dadd)
    $v0                                      0x08005fa4   Number         0  daddsub_clz.o(x$fpl$dadd)
    _dadd1                                   0x08005fb5   Thumb Code     0  daddsub_clz.o(x$fpl$dadd)
    x$fpl$dcmpinf                            0x080060f4   Section       24  dcmpi.o(x$fpl$dcmpinf)
    $v0                                      0x080060f4   Number         0  dcmpi.o(x$fpl$dcmpinf)
    x$fpl$ddiv                               0x0800610c   Section      688  ddiv.o(x$fpl$ddiv)
    $v0                                      0x0800610c   Number         0  ddiv.o(x$fpl$ddiv)
    ddiv_entry                               0x08006113   Thumb Code     0  ddiv.o(x$fpl$ddiv)
    x$fpl$dflt                               0x080063bc   Section       46  dflt_clz.o(x$fpl$dflt)
    $v0                                      0x080063bc   Number         0  dflt_clz.o(x$fpl$dflt)
    x$fpl$dleqf                              0x080063ec   Section      120  dleqf.o(x$fpl$dleqf)
    $v0                                      0x080063ec   Number         0  dleqf.o(x$fpl$dleqf)
    x$fpl$dmul                               0x08006464   Section      340  dmul.o(x$fpl$dmul)
    $v0                                      0x08006464   Number         0  dmul.o(x$fpl$dmul)
    x$fpl$dnaninf                            0x080065b8   Section      156  dnaninf.o(x$fpl$dnaninf)
    $v0                                      0x080065b8   Number         0  dnaninf.o(x$fpl$dnaninf)
    x$fpl$dretinf                            0x08006654   Section       12  dretinf.o(x$fpl$dretinf)
    $v0                                      0x08006654   Number         0  dretinf.o(x$fpl$dretinf)
    x$fpl$drleqf                             0x08006660   Section      108  drleqf.o(x$fpl$drleqf)
    $v0                                      0x08006660   Number         0  drleqf.o(x$fpl$drleqf)
    x$fpl$drsb                               0x080066cc   Section       22  daddsub_clz.o(x$fpl$drsb)
    $v0                                      0x080066cc   Number         0  daddsub_clz.o(x$fpl$drsb)
    x$fpl$dsqrt                              0x080066e4   Section      408  dsqrt_umaal.o(x$fpl$dsqrt)
    $v0                                      0x080066e4   Number         0  dsqrt_umaal.o(x$fpl$dsqrt)
    x$fpl$dsub                               0x0800687c   Section      468  daddsub_clz.o(x$fpl$dsub)
    $v0                                      0x0800687c   Number         0  daddsub_clz.o(x$fpl$dsub)
    _dsub1                                   0x0800688d   Thumb Code     0  daddsub_clz.o(x$fpl$dsub)
    x$fpl$f2d                                0x08006a50   Section       86  f2d.o(x$fpl$f2d)
    $v0                                      0x08006a50   Number         0  f2d.o(x$fpl$f2d)
    x$fpl$fnaninf                            0x08006aa6   Section      140  fnaninf.o(x$fpl$fnaninf)
    $v0                                      0x08006aa6   Number         0  fnaninf.o(x$fpl$fnaninf)
    x$fpl$fpinit                             0x08006b32   Section       10  fpinit.o(x$fpl$fpinit)
    $v0                                      0x08006b32   Number         0  fpinit.o(x$fpl$fpinit)
    x$fpl$fretinf                            0x08006b3c   Section       10  fretinf.o(x$fpl$fretinf)
    $v0                                      0x08006b3c   Number         0  fretinf.o(x$fpl$fretinf)
    x$fpl$printf1                            0x08006b46   Section        4  printf1.o(x$fpl$printf1)
    $v0                                      0x08006b46   Number         0  printf1.o(x$fpl$printf1)
    x$fpl$usenofp                            0x08006b4a   Section        0  usenofp.o(x$fpl$usenofp)
    .constdata                               0x08006b50   Section       24  imu.o(.constdata)
    fliter_num                               0x08006b50   Data          24  imu.o(.constdata)
    .constdata                               0x08006b68   Section       40  _printf_hex_int.o(.constdata)
    uc_hextab                                0x08006b68   Data          20  _printf_hex_int.o(.constdata)
    lc_hextab                                0x08006b7c   Data          20  _printf_hex_int.o(.constdata)
    .constdata                               0x08006b90   Section       80  asin.o(.constdata)
    pS                                       0x08006b90   Data          48  asin.o(.constdata)
    qS                                       0x08006bc0   Data          32  asin.o(.constdata)
    .constdata                               0x08006be0   Section      152  atan.o(.constdata)
    atanhi                                   0x08006be0   Data          32  atan.o(.constdata)
    atanlo                                   0x08006c00   Data          32  atan.o(.constdata)
    aTodd                                    0x08006c20   Data          40  atan.o(.constdata)
    aTeven                                   0x08006c48   Data          48  atan.o(.constdata)
    .constdata                               0x08006c78   Section        8  qnan.o(.constdata)
    .constdata                               0x08006c80   Section      148  bigflt0.o(.constdata)
    tenpwrs_x                                0x08006c80   Data          60  bigflt0.o(.constdata)
    tenpwrs_i                                0x08006cbc   Data          64  bigflt0.o(.constdata)
    locale$$data                             0x08006d34   Section       28  lc_numeric_c.o(locale$$data)
    __lcnum_c_name                           0x08006d38   Data           2  lc_numeric_c.o(locale$$data)
    __lcnum_c_start                          0x08006d40   Data           0  lc_numeric_c.o(locale$$data)
    __lcnum_c_point                          0x08006d4c   Data           0  lc_numeric_c.o(locale$$data)
    __lcnum_c_thousands                      0x08006d4e   Data           0  lc_numeric_c.o(locale$$data)
    __lcnum_c_grouping                       0x08006d4f   Data           0  lc_numeric_c.o(locale$$data)
    __lcnum_c_end                            0x08006d50   Data           0  lc_numeric_c.o(locale$$data)
    .data                                    0x20000000   Section       20  system_stm32f4xx.o(.data)
    .data                                    0x20000014   Section       44  ads1299.o(.data)
    count                                    0x20000038   Data           4  ads1299.o(.data)
    ticktick                                 0x2000003c   Data           4  ads1299.o(.data)
    .data                                    0x20000040   Section      200  imu.o(.data)
    twoKp                                    0x2000004c   Data           4  imu.o(.data)
    twoKi                                    0x20000050   Data           4  imu.o(.data)
    integralFBx                              0x20000054   Data           4  imu.o(.data)
    integralFBy                              0x20000058   Data           4  imu.o(.data)
    integralFBz                              0x2000005c   Data           4  imu.o(.data)
    gx                                       0x20000070   Data           4  imu.o(.data)
    gy                                       0x20000074   Data           4  imu.o(.data)
    gz                                       0x20000078   Data           4  imu.o(.data)
    ax                                       0x2000007c   Data           4  imu.o(.data)
    ay                                       0x20000080   Data           4  imu.o(.data)
    az                                       0x20000084   Data           4  imu.o(.data)
    mx                                       0x20000088   Data           4  imu.o(.data)
    my                                       0x2000008c   Data           4  imu.o(.data)
    mz                                       0x20000090   Data           4  imu.o(.data)
    imu                                      0x2000009c   Data          92  imu.o(.data)
    updata_count                             0x200000f8   Data           1  imu.o(.data)
    init_quaternion_flag                     0x200000f9   Data           1  imu.o(.data)
    yaw_temp                                 0x200000fc   Data           4  imu.o(.data)
    last_yaw_temp                            0x20000100   Data           4  imu.o(.data)
    yaw_count                                0x20000104   Data           4  imu.o(.data)
    .data                                    0x20000108   Section        4  delay.o(.data)
    fac_us                                   0x20000108   Data           1  delay.o(.data)
    fac_ms                                   0x2000010a   Data           2  delay.o(.data)
    .data                                    0x2000010c   Section        6  usart.o(.data)
    .data                                    0x20000112   Section       16  stm32f4xx_rcc.o(.data)
    APBAHBPrescTable                         0x20000112   Data          16  stm32f4xx_rcc.o(.data)
    .bss                                     0x20000124   Section       87  ads1299.o(.bss)
    DATA_ADS                                 0x20000124   Data          27  ads1299.o(.bss)
    HEX                                      0x20000140   Data          32  ads1299.o(.bss)
    DATA_REC                                 0x20000160   Data          27  ads1299.o(.bss)
    .bss                                     0x20000180   Section      160  imu.o(.bss)
    accel_fliter_1                           0x200001d8   Data          24  imu.o(.bss)
    accel_fliter_2                           0x200001f0   Data          24  imu.o(.bss)
    accel_fliter_3                           0x20000208   Data          24  imu.o(.bss)
    .bss                                     0x20000220   Section      233  usart.o(.bss)
    .bss                                     0x2000030c   Section       96  libspace.o(.bss)
    HEAP                                     0x20000370   Section      512  startup_stm32f40_41xxx.o(HEAP)
    Heap_Mem                                 0x20000370   Data         512  startup_stm32f40_41xxx.o(HEAP)
    STACK                                    0x20000570   Section     1024  startup_stm32f40_41xxx.o(STACK)
    Stack_Mem                                0x20000570   Data        1024  startup_stm32f40_41xxx.o(STACK)
    __initial_sp                             0x20000970   Data           0  startup_stm32f40_41xxx.o(STACK)

    Global Symbols

    Symbol Name                              Value     Ov Type        Size  Object(Section)

    BuildAttributes$$THM_ISAv4$E$P$D$K$B$S$7EM$VFPi3$EXTD16$VFPS$VFMA$PE$A:L22UL41UL21$X:L11$S22US41US21$IEEE1$IW$USESV6$~STKCKD$USESV7$~SHL$OTIME$ROPI$IEEEX$EBA8$UX$STANDARDLIB$REQ8$PRES8$EABIv2 0x00000000   Number         0  anon$$obj.o ABSOLUTE
    __ARM_use_no_argv                        0x00000000   Number         0  main.o ABSOLUTE
    _printf_flags                            0x00000000   Number         0  printf_stubs.o ABSOLUTE
    _printf_return_value                     0x00000000   Number         0  printf_stubs.o ABSOLUTE
    _printf_sizespec                         0x00000000   Number         0  printf_stubs.o ABSOLUTE
    _printf_widthprec                        0x00000000   Number         0  printf_stubs.o ABSOLUTE
    __ARM_exceptions_init                     - Undefined Weak Reference
    __alloca_initialize                       - Undefined Weak Reference
    __arm_preinit_                            - Undefined Weak Reference
    __cpp_initialize__aeabi_                  - Undefined Weak Reference
    __cxa_finalize                            - Undefined Weak Reference
    __sigvec_lookup                           - Undefined Weak Reference
    _atexit_init                              - Undefined Weak Reference
    _call_atexit_fns                          - Undefined Weak Reference
    _clock_init                               - Undefined Weak Reference
    _fp_trap_init                             - Undefined Weak Reference
    _fp_trap_shutdown                         - Undefined Weak Reference
    _get_lc_collate                           - Undefined Weak Reference
    _get_lc_ctype                             - Undefined Weak Reference
    _get_lc_monetary                          - Undefined Weak Reference
    _get_lc_time                              - Undefined Weak Reference
    _getenv_init                              - Undefined Weak Reference
    _handle_redirection                       - Undefined Weak Reference
    _init_alloc                               - Undefined Weak Reference
    _init_user_alloc                          - Undefined Weak Reference
    _initio                                   - Undefined Weak Reference
    _mutex_acquire                            - Undefined Weak Reference
    _mutex_release                            - Undefined Weak Reference
    _printf_truncate_unsigned                 - Undefined Weak Reference
    _rand_init                                - Undefined Weak Reference
    _signal_finish                            - Undefined Weak Reference
    _signal_init                              - Undefined Weak Reference
    _terminate_alloc                          - Undefined Weak Reference
    _terminate_user_alloc                     - Undefined Weak Reference
    _terminateio                              - Undefined Weak Reference
    __Vectors_Size                           0x00000188   Number         0  startup_stm32f40_41xxx.o ABSOLUTE
    __Vectors                                0x08000000   Data           4  startup_stm32f40_41xxx.o(RESET)
    __Vectors_End                            0x08000188   Data           0  startup_stm32f40_41xxx.o(RESET)
    __main                                   0x08000189   Thumb Code     8  __main.o(!!!main)
    __scatterload                            0x08000191   Thumb Code     0  __scatter.o(!!!scatter)
    __scatterload_rt2                        0x08000191   Thumb Code    44  __scatter.o(!!!scatter)
    __scatterload_rt2_thumb_only             0x08000191   Thumb Code     0  __scatter.o(!!!scatter)
    __scatterload_null                       0x0800019f   Thumb Code     0  __scatter.o(!!!scatter)
    __scatterload_copy                       0x080001c5   Thumb Code    26  __scatter_copy.o(!!handler_copy)
    __scatterload_zeroinit                   0x080001e1   Thumb Code    28  __scatter_zi.o(!!handler_zi)
    _printf_f                                0x080001fd   Thumb Code     0  _printf_f.o(.ARM.Collect$$_printf_percent$$00000003)
    _printf_percent                          0x080001fd   Thumb Code     0  _printf_percent.o(.ARM.Collect$$_printf_percent$$00000000)
    _printf_x                                0x08000203   Thumb Code     0  _printf_x.o(.ARM.Collect$$_printf_percent$$0000000C)
    _printf_percent_end                      0x08000209   Thumb Code     0  _printf_percent_end.o(.ARM.Collect$$_printf_percent$$00000017)
    __rt_lib_init                            0x0800020d   Thumb Code     0  libinit.o(.ARM.Collect$$libinit$$00000000)
    __rt_lib_init_fp_1                       0x0800020f   Thumb Code     0  libinit2.o(.ARM.Collect$$libinit$$00000001)
    __rt_lib_init_heap_1                     0x08000213   Thumb Code     0  libinit2.o(.ARM.Collect$$libinit$$0000000A)
    __rt_lib_init_lc_common                  0x08000213   Thumb Code     0  libinit2.o(.ARM.Collect$$libinit$$0000000F)
    __rt_lib_init_preinit_1                  0x08000213   Thumb Code     0  libinit2.o(.ARM.Collect$$libinit$$00000004)
    __rt_lib_init_rand_1                     0x08000213   Thumb Code     0  libinit2.o(.ARM.Collect$$libinit$$0000000E)
    __rt_lib_init_user_alloc_1               0x08000213   Thumb Code     0  libinit2.o(.ARM.Collect$$libinit$$0000000C)
    __rt_lib_init_lc_collate_1               0x08000219   Thumb Code     0  libinit2.o(.ARM.Collect$$libinit$$00000011)
    __rt_lib_init_lc_ctype_1                 0x08000219   Thumb Code     0  libinit2.o(.ARM.Collect$$libinit$$00000013)
    __rt_lib_init_lc_monetary_1              0x08000219   Thumb Code     0  libinit2.o(.ARM.Collect$$libinit$$00000015)
    __rt_lib_init_lc_numeric_2               0x08000219   Thumb Code     0  libinit2.o(.ARM.Collect$$libinit$$00000016)
    __rt_lib_init_alloca_1                   0x08000223   Thumb Code     0  libinit2.o(.ARM.Collect$$libinit$$0000002E)
    __rt_lib_init_argv_1                     0x08000223   Thumb Code     0  libinit2.o(.ARM.Collect$$libinit$$0000002C)
    __rt_lib_init_atexit_1                   0x08000223   Thumb Code     0  libinit2.o(.ARM.Collect$$libinit$$0000001B)
    __rt_lib_init_clock_1                    0x08000223   Thumb Code     0  libinit2.o(.ARM.Collect$$libinit$$00000021)
    __rt_lib_init_cpp_1                      0x08000223   Thumb Code     0  libinit2.o(.ARM.Collect$$libinit$$00000032)
    __rt_lib_init_exceptions_1               0x08000223   Thumb Code     0  libinit2.o(.ARM.Collect$$libinit$$00000030)
    __rt_lib_init_fp_trap_1                  0x08000223   Thumb Code     0  libinit2.o(.ARM.Collect$$libinit$$0000001F)
    __rt_lib_init_getenv_1                   0x08000223   Thumb Code     0  libinit2.o(.ARM.Collect$$libinit$$00000023)
    __rt_lib_init_lc_numeric_1               0x08000223   Thumb Code     0  libinit2.o(.ARM.Collect$$libinit$$00000017)
    __rt_lib_init_lc_time_1                  0x08000223   Thumb Code     0  libinit2.o(.ARM.Collect$$libinit$$00000019)
    __rt_lib_init_return                     0x08000223   Thumb Code     0  libinit2.o(.ARM.Collect$$libinit$$00000033)
    __rt_lib_init_signal_1                   0x08000223   Thumb Code     0  libinit2.o(.ARM.Collect$$libinit$$0000001D)
    __rt_lib_init_stdio_1                    0x08000223   Thumb Code     0  libinit2.o(.ARM.Collect$$libinit$$00000025)
    __rt_lib_shutdown                        0x08000225   Thumb Code     0  libshutdown.o(.ARM.Collect$$libshutdown$$00000000)
    __rt_lib_shutdown_cpp_1                  0x08000227   Thumb Code     0  libshutdown2.o(.ARM.Collect$$libshutdown$$00000002)
    __rt_lib_shutdown_fp_trap_1              0x08000227   Thumb Code     0  libshutdown2.o(.ARM.Collect$$libshutdown$$00000007)
    __rt_lib_shutdown_heap_1                 0x08000227   Thumb Code     0  libshutdown2.o(.ARM.Collect$$libshutdown$$0000000F)
    __rt_lib_shutdown_return                 0x08000227   Thumb Code     0  libshutdown2.o(.ARM.Collect$$libshutdown$$00000010)
    __rt_lib_shutdown_signal_1               0x08000227   Thumb Code     0  libshutdown2.o(.ARM.Collect$$libshutdown$$0000000A)
    __rt_lib_shutdown_stdio_1                0x08000227   Thumb Code     0  libshutdown2.o(.ARM.Collect$$libshutdown$$00000004)
    __rt_lib_shutdown_user_alloc_1           0x08000227   Thumb Code     0  libshutdown2.o(.ARM.Collect$$libshutdown$$0000000C)
    __rt_entry                               0x08000229   Thumb Code     0  __rtentry.o(.ARM.Collect$$rtentry$$00000000)
    __rt_entry_presh_1                       0x08000229   Thumb Code     0  __rtentry2.o(.ARM.Collect$$rtentry$$00000002)
    __rt_entry_sh                            0x08000229   Thumb Code     0  __rtentry4.o(.ARM.Collect$$rtentry$$00000004)
    __rt_entry_li                            0x0800022f   Thumb Code     0  __rtentry2.o(.ARM.Collect$$rtentry$$0000000A)
    __rt_entry_postsh_1                      0x0800022f   Thumb Code     0  __rtentry2.o(.ARM.Collect$$rtentry$$00000009)
    __rt_entry_main                          0x08000233   Thumb Code     0  __rtentry2.o(.ARM.Collect$$rtentry$$0000000D)
    __rt_entry_postli_1                      0x08000233   Thumb Code     0  __rtentry2.o(.ARM.Collect$$rtentry$$0000000C)
    __rt_exit                                0x0800023b   Thumb Code     0  rtexit.o(.ARM.Collect$$rtexit$$00000000)
    __rt_exit_ls                             0x0800023d   Thumb Code     0  rtexit2.o(.ARM.Collect$$rtexit$$00000003)
    __rt_exit_prels_1                        0x0800023d   Thumb Code     0  rtexit2.o(.ARM.Collect$$rtexit$$00000002)
    __rt_exit_exit                           0x08000241   Thumb Code     0  rtexit2.o(.ARM.Collect$$rtexit$$00000004)
    main                                     0x08000247   Thumb Code    52  main.o(.text)
    NMI_Handler                              0x0800027b   Thumb Code     2  stm32f4xx_it.o(.text)
    HardFault_Handler                        0x0800027d   Thumb Code     4  stm32f4xx_it.o(.text)
    MemManage_Handler                        0x08000281   Thumb Code     4  stm32f4xx_it.o(.text)
    BusFault_Handler                         0x08000285   Thumb Code     4  stm32f4xx_it.o(.text)
    UsageFault_Handler                       0x08000289   Thumb Code     4  stm32f4xx_it.o(.text)
    SVC_Handler                              0x0800028d   Thumb Code     2  stm32f4xx_it.o(.text)
    DebugMon_Handler                         0x0800028f   Thumb Code     2  stm32f4xx_it.o(.text)
    PendSV_Handler                           0x08000291   Thumb Code     2  stm32f4xx_it.o(.text)
    SysTick_Handler                          0x08000293   Thumb Code     2  stm32f4xx_it.o(.text)
    SystemInit                               0x08000371   Thumb Code    88  system_stm32f4xx.o(.text)
    SystemCoreClockUpdate                    0x080003c9   Thumb Code   174  system_stm32f4xx.o(.text)
    LED_Init                                 0x080004a5   Thumb Code    56  led.o(.text)
    SPI_TX                                   0x080004e1   Thumb Code    70  spi.o(.text)
    SPI1_Init                                0x08000527   Thumb Code   184  spi.o(.text)
    SPI1_SetSpeed                            0x080005df   Thumb Code    36  spi.o(.text)
    ads1299_reset                            0x0800060d   Thumb Code    34  ads1299.o(.text)
    ads1299_write_reg                        0x0800062f   Thumb Code    34  ads1299.o(.text)
    ads1299_read_reg                         0x08000651   Thumb Code    36  ads1299.o(.text)
    ADS_PowerOnInit                          0x08000675   Thumb Code   318  ads1299.o(.text)
    ads1299_gpio_init                        0x080007b3   Thumb Code   216  ads1299.o(.text)
    ads1299_init                             0x0800088b   Thumb Code    28  ads1299.o(.text)
    ADS_Read                                 0x080008a7   Thumb Code    28  ads1299.o(.text)
    ads_data_process                         0x080008c3   Thumb Code    76  ads1299.o(.text)
    processChar                              0x0800090f   Thumb Code    32  ads1299.o(.text)
    EXTI9_5_IRQHandler                       0x080009f5   Thumb Code    24  exti.o(.text)
    EXTIX_Init                               0x08000a0d   Thumb Code    78  exti.o(.text)
    MPU_Write_Len                            0x08000a5d   Thumb Code    96  imu.o(.text)
    MPU_Read_Len                             0x08000abd   Thumb Code   116  imu.o(.text)
    MPU_Write_Byte                           0x08000b31   Thumb Code    68  imu.o(.text)
    MPU_Read_Byte                            0x08000b75   Thumb Code    58  imu.o(.text)
    MPU_Set_Gyro_Fsr                         0x08000baf   Thumb Code    16  imu.o(.text)
    MPU_Set_Accel_Fsr                        0x08000bbf   Thumb Code    16  imu.o(.text)
    MPU_Set_LPF                              0x08000bcf   Thumb Code    58  imu.o(.text)
    MPU_Set_Rate                             0x08000c09   Thumb Code    58  imu.o(.text)
    MPU_Get_Temperature                      0x08000c43   Thumb Code   110  imu.o(.text)
    MPU_Get_Gyroscope                        0x08000cb1   Thumb Code    80  imu.o(.text)
    MPU_Get_Accelerometer                    0x08000d01   Thumb Code    80  imu.o(.text)
    MPU_Init                                 0x08000d51   Thumb Code   122  imu.o(.text)
    init_quaternion                          0x08001277   Thumb Code   764  imu.o(.text)
    get_mpu_accel_gyro_offset                0x08001631   Thumb Code   326  imu.o(.text)
    imu_init                                 0x08002677   Thumb Code    52  imu.o(.text)
    imu_main                                 0x080026ab   Thumb Code   182  imu.o(.text)
    get_yaw_angle                            0x08002761   Thumb Code    10  imu.o(.text)
    get_pit_angle                            0x0800276b   Thumb Code    10  imu.o(.text)
    get_imu_wx                               0x08002775   Thumb Code    18  imu.o(.text)
    get_imu_wy                               0x08002787   Thumb Code    18  imu.o(.text)
    get_imu_wz                               0x08002799   Thumb Code    18  imu.o(.text)
    IIC_Init                                 0x08002835   Thumb Code    72  myiic.o(.text)
    IIC_Start                                0x0800287d   Thumb Code    68  myiic.o(.text)
    IIC_Stop                                 0x080028c1   Thumb Code    62  myiic.o(.text)
    IIC_Wait_Ack                             0x080028ff   Thumb Code    82  myiic.o(.text)
    IIC_Ack                                  0x08002951   Thumb Code    66  myiic.o(.text)
    IIC_NAck                                 0x08002993   Thumb Code    66  myiic.o(.text)
    IIC_Send_Byte                            0x080029d5   Thumb Code    90  myiic.o(.text)
    IIC_Read_Byte                            0x08002a2f   Thumb Code    94  myiic.o(.text)
    delay_init                               0x08002a99   Thumb Code    52  delay.o(.text)
    delay_us                                 0x08002acd   Thumb Code    72  delay.o(.text)
    delay_xms                                0x08002b15   Thumb Code    72  delay.o(.text)
    delay_ms                                 0x08002b5d   Thumb Code    56  delay.o(.text)
    _sys_exit                                0x08002b9d   Thumb Code     4  usart.o(.text)
    fputc                                    0x08002ba1   Thumb Code    22  usart.o(.text)
    USART1_sendChar                          0x08002bb7   Thumb Code    20  usart.o(.text)
    USART1_Print                             0x08002bcb   Thumb Code    26  usart.o(.text)
    uart_init                                0x08002be5   Thumb Code   172  usart.o(.text)
    USART1_IRQHandler                        0x08002c91   Thumb Code    30  usart.o(.text)
    Reset_Handler                            0x08002cb9   Thumb Code     8  startup_stm32f40_41xxx.o(.text)
    ADC_IRQHandler                           0x08002cd3   Thumb Code     0  startup_stm32f40_41xxx.o(.text)
    CAN1_RX0_IRQHandler                      0x08002cd3   Thumb Code     0  startup_stm32f40_41xxx.o(.text)
    CAN1_RX1_IRQHandler                      0x08002cd3   Thumb Code     0  startup_stm32f40_41xxx.o(.text)
    CAN1_SCE_IRQHandler                      0x08002cd3   Thumb Code     0  startup_stm32f40_41xxx.o(.text)
    CAN1_TX_IRQHandler                       0x08002cd3   Thumb Code     0  startup_stm32f40_41xxx.o(.text)
    CAN2_RX0_IRQHandler                      0x08002cd3   Thumb Code     0  startup_stm32f40_41xxx.o(.text)
    CAN2_RX1_IRQHandler                      0x08002cd3   Thumb Code     0  startup_stm32f40_41xxx.o(.text)
    CAN2_SCE_IRQHandler                      0x08002cd3   Thumb Code     0  startup_stm32f40_41xxx.o(.text)
    CAN2_TX_IRQHandler                       0x08002cd3   Thumb Code     0  startup_stm32f40_41xxx.o(.text)
    CRYP_IRQHandler                          0x08002cd3   Thumb Code     0  startup_stm32f40_41xxx.o(.text)
    DCMI_IRQHandler                          0x08002cd3   Thumb Code     0  startup_stm32f40_41xxx.o(.text)
    DMA1_Stream0_IRQHandler                  0x08002cd3   Thumb Code     0  startup_stm32f40_41xxx.o(.text)
    DMA1_Stream1_IRQHandler                  0x08002cd3   Thumb Code     0  startup_stm32f40_41xxx.o(.text)
    DMA1_Stream2_IRQHandler                  0x08002cd3   Thumb Code     0  startup_stm32f40_41xxx.o(.text)
    DMA1_Stream3_IRQHandler                  0x08002cd3   Thumb Code     0  startup_stm32f40_41xxx.o(.text)
    DMA1_Stream4_IRQHandler                  0x08002cd3   Thumb Code     0  startup_stm32f40_41xxx.o(.text)
    DMA1_Stream5_IRQHandler                  0x08002cd3   Thumb Code     0  startup_stm32f40_41xxx.o(.text)
    DMA1_Stream6_IRQHandler                  0x08002cd3   Thumb Code     0  startup_stm32f40_41xxx.o(.text)
    DMA1_Stream7_IRQHandler                  0x08002cd3   Thumb Code     0  startup_stm32f40_41xxx.o(.text)
    DMA2_Stream0_IRQHandler                  0x08002cd3   Thumb Code     0  startup_stm32f40_41xxx.o(.text)
    DMA2_Stream1_IRQHandler                  0x08002cd3   Thumb Code     0  startup_stm32f40_41xxx.o(.text)
    DMA2_Stream2_IRQHandler                  0x08002cd3   Thumb Code     0  startup_stm32f40_41xxx.o(.text)
    DMA2_Stream3_IRQHandler                  0x08002cd3   Thumb Code     0  startup_stm32f40_41xxx.o(.text)
    DMA2_Stream4_IRQHandler                  0x08002cd3   Thumb Code     0  startup_stm32f40_41xxx.o(.text)
    DMA2_Stream5_IRQHandler                  0x08002cd3   Thumb Code     0  startup_stm32f40_41xxx.o(.text)
    DMA2_Stream6_IRQHandler                  0x08002cd3   Thumb Code     0  startup_stm32f40_41xxx.o(.text)
    DMA2_Stream7_IRQHandler                  0x08002cd3   Thumb Code     0  startup_stm32f40_41xxx.o(.text)
    ETH_IRQHandler                           0x08002cd3   Thumb Code     0  startup_stm32f40_41xxx.o(.text)
    ETH_WKUP_IRQHandler                      0x08002cd3   Thumb Code     0  startup_stm32f40_41xxx.o(.text)
    EXTI0_IRQHandler                         0x08002cd3   Thumb Code     0  startup_stm32f40_41xxx.o(.text)
    EXTI15_10_IRQHandler                     0x08002cd3   Thumb Code     0  startup_stm32f40_41xxx.o(.text)
    EXTI1_IRQHandler                         0x08002cd3   Thumb Code     0  startup_stm32f40_41xxx.o(.text)
    EXTI2_IRQHandler                         0x08002cd3   Thumb Code     0  startup_stm32f40_41xxx.o(.text)
    EXTI3_IRQHandler                         0x08002cd3   Thumb Code     0  startup_stm32f40_41xxx.o(.text)
    EXTI4_IRQHandler                         0x08002cd3   Thumb Code     0  startup_stm32f40_41xxx.o(.text)
    FLASH_IRQHandler                         0x08002cd3   Thumb Code     0  startup_stm32f40_41xxx.o(.text)
    FPU_IRQHandler                           0x08002cd3   Thumb Code     0  startup_stm32f40_41xxx.o(.text)
    FSMC_IRQHandler                          0x08002cd3   Thumb Code     0  startup_stm32f40_41xxx.o(.text)
    HASH_RNG_IRQHandler                      0x08002cd3   Thumb Code     0  startup_stm32f40_41xxx.o(.text)
    I2C1_ER_IRQHandler                       0x08002cd3   Thumb Code     0  startup_stm32f40_41xxx.o(.text)
    I2C1_EV_IRQHandler                       0x08002cd3   Thumb Code     0  startup_stm32f40_41xxx.o(.text)
    I2C2_ER_IRQHandler                       0x08002cd3   Thumb Code     0  startup_stm32f40_41xxx.o(.text)
    I2C2_EV_IRQHandler                       0x08002cd3   Thumb Code     0  startup_stm32f40_41xxx.o(.text)
    I2C3_ER_IRQHandler                       0x08002cd3   Thumb Code     0  startup_stm32f40_41xxx.o(.text)
    I2C3_EV_IRQHandler                       0x08002cd3   Thumb Code     0  startup_stm32f40_41xxx.o(.text)
    OTG_FS_IRQHandler                        0x08002cd3   Thumb Code     0  startup_stm32f40_41xxx.o(.text)
    OTG_FS_WKUP_IRQHandler                   0x08002cd3   Thumb Code     0  startup_stm32f40_41xxx.o(.text)
    OTG_HS_EP1_IN_IRQHandler                 0x08002cd3   Thumb Code     0  startup_stm32f40_41xxx.o(.text)
    OTG_HS_EP1_OUT_IRQHandler                0x08002cd3   Thumb Code     0  startup_stm32f40_41xxx.o(.text)
    OTG_HS_IRQHandler                        0x08002cd3   Thumb Code     0  startup_stm32f40_41xxx.o(.text)
    OTG_HS_WKUP_IRQHandler                   0x08002cd3   Thumb Code     0  startup_stm32f40_41xxx.o(.text)
    PVD_IRQHandler                           0x08002cd3   Thumb Code     0  startup_stm32f40_41xxx.o(.text)
    RCC_IRQHandler                           0x08002cd3   Thumb Code     0  startup_stm32f40_41xxx.o(.text)
    RTC_Alarm_IRQHandler                     0x08002cd3   Thumb Code     0  startup_stm32f40_41xxx.o(.text)
    RTC_WKUP_IRQHandler                      0x08002cd3   Thumb Code     0  startup_stm32f40_41xxx.o(.text)
    SDIO_IRQHandler                          0x08002cd3   Thumb Code     0  startup_stm32f40_41xxx.o(.text)
    SPI1_IRQHandler                          0x08002cd3   Thumb Code     0  startup_stm32f40_41xxx.o(.text)
    SPI2_IRQHandler                          0x08002cd3   Thumb Code     0  startup_stm32f40_41xxx.o(.text)
    SPI3_IRQHandler                          0x08002cd3   Thumb Code     0  startup_stm32f40_41xxx.o(.text)
    TAMP_STAMP_IRQHandler                    0x08002cd3   Thumb Code     0  startup_stm32f40_41xxx.o(.text)
    TIM1_BRK_TIM9_IRQHandler                 0x08002cd3   Thumb Code     0  startup_stm32f40_41xxx.o(.text)
    TIM1_CC_IRQHandler                       0x08002cd3   Thumb Code     0  startup_stm32f40_41xxx.o(.text)
    TIM1_TRG_COM_TIM11_IRQHandler            0x08002cd3   Thumb Code     0  startup_stm32f40_41xxx.o(.text)
    TIM1_UP_TIM10_IRQHandler                 0x08002cd3   Thumb Code     0  startup_stm32f40_41xxx.o(.text)
    TIM2_IRQHandler                          0x08002cd3   Thumb Code     0  startup_stm32f40_41xxx.o(.text)
    TIM3_IRQHandler                          0x08002cd3   Thumb Code     0  startup_stm32f40_41xxx.o(.text)
    TIM4_IRQHandler                          0x08002cd3   Thumb Code     0  startup_stm32f40_41xxx.o(.text)
    TIM5_IRQHandler                          0x08002cd3   Thumb Code     0  startup_stm32f40_41xxx.o(.text)
    TIM6_DAC_IRQHandler                      0x08002cd3   Thumb Code     0  startup_stm32f40_41xxx.o(.text)
    TIM7_IRQHandler                          0x08002cd3   Thumb Code     0  startup_stm32f40_41xxx.o(.text)
    TIM8_BRK_TIM12_IRQHandler                0x08002cd3   Thumb Code     0  startup_stm32f40_41xxx.o(.text)
    TIM8_CC_IRQHandler                       0x08002cd3   Thumb Code     0  startup_stm32f40_41xxx.o(.text)
    TIM8_TRG_COM_TIM14_IRQHandler            0x08002cd3   Thumb Code     0  startup_stm32f40_41xxx.o(.text)
    TIM8_UP_TIM13_IRQHandler                 0x08002cd3   Thumb Code     0  startup_stm32f40_41xxx.o(.text)
    UART4_IRQHandler                         0x08002cd3   Thumb Code     0  startup_stm32f40_41xxx.o(.text)
    UART5_IRQHandler                         0x08002cd3   Thumb Code     0  startup_stm32f40_41xxx.o(.text)
    USART2_IRQHandler                        0x08002cd3   Thumb Code     0  startup_stm32f40_41xxx.o(.text)
    USART3_IRQHandler                        0x08002cd3   Thumb Code     0  startup_stm32f40_41xxx.o(.text)
    USART6_IRQHandler                        0x08002cd3   Thumb Code     0  startup_stm32f40_41xxx.o(.text)
    WWDG_IRQHandler                          0x08002cd3   Thumb Code     0  startup_stm32f40_41xxx.o(.text)
    __user_initial_stackheap                 0x08002cd5   Thumb Code     0  startup_stm32f40_41xxx.o(.text)
    NVIC_PriorityGroupConfig                 0x08002cf9   Thumb Code    10  misc.o(.text)
    NVIC_Init                                0x08002d03   Thumb Code   106  misc.o(.text)
    NVIC_SetVectorTable                      0x08002d6d   Thumb Code    14  misc.o(.text)
    NVIC_SystemLPConfig                      0x08002d7b   Thumb Code    34  misc.o(.text)
    SysTick_CLKSourceConfig                  0x08002d9d   Thumb Code    40  misc.o(.text)
    GPIO_DeInit                              0x08002dd9   Thumb Code   268  stm32f4xx_gpio.o(.text)
    GPIO_Init                                0x08002ee5   Thumb Code   144  stm32f4xx_gpio.o(.text)
    GPIO_StructInit                          0x08002f75   Thumb Code    18  stm32f4xx_gpio.o(.text)
    GPIO_PinLockConfig                       0x08002f87   Thumb Code    34  stm32f4xx_gpio.o(.text)
    GPIO_ReadInputDataBit                    0x08002fa9   Thumb Code    18  stm32f4xx_gpio.o(.text)
    GPIO_ReadInputData                       0x08002fbb   Thumb Code     8  stm32f4xx_gpio.o(.text)
    GPIO_ReadOutputDataBit                   0x08002fc3   Thumb Code    18  stm32f4xx_gpio.o(.text)
    GPIO_ReadOutputData                      0x08002fd5   Thumb Code     8  stm32f4xx_gpio.o(.text)
    GPIO_SetBits                             0x08002fdd   Thumb Code     4  stm32f4xx_gpio.o(.text)
    GPIO_ResetBits                           0x08002fe1   Thumb Code     4  stm32f4xx_gpio.o(.text)
    GPIO_WriteBit                            0x08002fe5   Thumb Code    10  stm32f4xx_gpio.o(.text)
    GPIO_Write                               0x08002fef   Thumb Code     4  stm32f4xx_gpio.o(.text)
    GPIO_ToggleBits                          0x08002ff3   Thumb Code     8  stm32f4xx_gpio.o(.text)
    GPIO_PinAFConfig                         0x08002ffb   Thumb Code    70  stm32f4xx_gpio.o(.text)
    RCC_DeInit                               0x0800306d   Thumb Code    82  stm32f4xx_rcc.o(.text)
    RCC_HSEConfig                            0x080030bf   Thumb Code    14  stm32f4xx_rcc.o(.text)
    RCC_GetFlagStatus                        0x080030cd   Thumb Code    60  stm32f4xx_rcc.o(.text)
    RCC_WaitForHSEStartUp                    0x08003109   Thumb Code    56  stm32f4xx_rcc.o(.text)
    RCC_AdjustHSICalibrationValue            0x08003141   Thumb Code    20  stm32f4xx_rcc.o(.text)
    RCC_HSICmd                               0x08003155   Thumb Code     6  stm32f4xx_rcc.o(.text)
    RCC_LSEConfig                            0x0800315b   Thumb Code    46  stm32f4xx_rcc.o(.text)
    RCC_LSICmd                               0x08003189   Thumb Code     6  stm32f4xx_rcc.o(.text)
    RCC_PLLConfig                            0x0800318f   Thumb Code    32  stm32f4xx_rcc.o(.text)
    RCC_PLLCmd                               0x080031af   Thumb Code     6  stm32f4xx_rcc.o(.text)
    RCC_PLLI2SConfig                         0x080031b5   Thumb Code    14  stm32f4xx_rcc.o(.text)
    RCC_PLLI2SCmd                            0x080031c3   Thumb Code     6  stm32f4xx_rcc.o(.text)
    RCC_PLLSAIConfig                         0x080031c9   Thumb Code    20  stm32f4xx_rcc.o(.text)
    RCC_PLLSAICmd                            0x080031dd   Thumb Code     6  stm32f4xx_rcc.o(.text)
    RCC_ClockSecuritySystemCmd               0x080031e3   Thumb Code     6  stm32f4xx_rcc.o(.text)
    RCC_MCO1Config                           0x080031e9   Thumb Code    28  stm32f4xx_rcc.o(.text)
    RCC_MCO2Config                           0x08003205   Thumb Code    28  stm32f4xx_rcc.o(.text)
    RCC_SYSCLKConfig                         0x08003221   Thumb Code    20  stm32f4xx_rcc.o(.text)
    RCC_GetSYSCLKSource                      0x08003235   Thumb Code    12  stm32f4xx_rcc.o(.text)
    RCC_HCLKConfig                           0x08003241   Thumb Code    20  stm32f4xx_rcc.o(.text)
    RCC_PCLK1Config                          0x08003255   Thumb Code    20  stm32f4xx_rcc.o(.text)
    RCC_PCLK2Config                          0x08003269   Thumb Code    22  stm32f4xx_rcc.o(.text)
    RCC_GetClocksFreq                        0x0800327f   Thumb Code   222  stm32f4xx_rcc.o(.text)
    RCC_RTCCLKConfig                         0x0800335d   Thumb Code    54  stm32f4xx_rcc.o(.text)
    RCC_RTCCLKCmd                            0x08003393   Thumb Code     8  stm32f4xx_rcc.o(.text)
    RCC_BackupResetCmd                       0x0800339b   Thumb Code     8  stm32f4xx_rcc.o(.text)
    RCC_I2SCLKConfig                         0x080033a3   Thumb Code     6  stm32f4xx_rcc.o(.text)
    RCC_SAIPLLI2SClkDivConfig                0x080033a9   Thumb Code    26  stm32f4xx_rcc.o(.text)
    RCC_SAIPLLSAIClkDivConfig                0x080033c3   Thumb Code    28  stm32f4xx_rcc.o(.text)
    RCC_SAIBlockACLKConfig                   0x080033df   Thumb Code    20  stm32f4xx_rcc.o(.text)
    RCC_SAIBlockBCLKConfig                   0x080033f3   Thumb Code    20  stm32f4xx_rcc.o(.text)
    RCC_LTDCCLKDivConfig                     0x08003407   Thumb Code    20  stm32f4xx_rcc.o(.text)
    RCC_TIMCLKPresConfig                     0x0800341b   Thumb Code     6  stm32f4xx_rcc.o(.text)
    RCC_AHB1PeriphClockCmd                   0x08003421   Thumb Code    34  stm32f4xx_rcc.o(.text)
    RCC_AHB2PeriphClockCmd                   0x08003443   Thumb Code    78  stm32f4xx_rcc.o(.text)
    RCC_AHB3PeriphClockCmd                   0x08003491   Thumb Code    34  stm32f4xx_rcc.o(.text)
    RCC_APB1PeriphClockCmd                   0x080034b3   Thumb Code    34  stm32f4xx_rcc.o(.text)
    RCC_APB2PeriphClockCmd                   0x080034d5   Thumb Code    34  stm32f4xx_rcc.o(.text)
    RCC_AHB1PeriphResetCmd                   0x080034f7   Thumb Code    34  stm32f4xx_rcc.o(.text)
    RCC_AHB2PeriphResetCmd                   0x08003519   Thumb Code    34  stm32f4xx_rcc.o(.text)
    RCC_AHB3PeriphResetCmd                   0x0800353b   Thumb Code    34  stm32f4xx_rcc.o(.text)
    RCC_APB1PeriphResetCmd                   0x0800355d   Thumb Code    34  stm32f4xx_rcc.o(.text)
    RCC_APB2PeriphResetCmd                   0x0800357f   Thumb Code    34  stm32f4xx_rcc.o(.text)
    RCC_AHB1PeriphClockLPModeCmd             0x080035a1   Thumb Code    34  stm32f4xx_rcc.o(.text)
    RCC_AHB2PeriphClockLPModeCmd             0x080035c3   Thumb Code    34  stm32f4xx_rcc.o(.text)
    RCC_AHB3PeriphClockLPModeCmd             0x080035e5   Thumb Code    34  stm32f4xx_rcc.o(.text)
    RCC_APB1PeriphClockLPModeCmd             0x08003607   Thumb Code    34  stm32f4xx_rcc.o(.text)
    RCC_APB2PeriphClockLPModeCmd             0x08003629   Thumb Code    34  stm32f4xx_rcc.o(.text)
    RCC_LSEModeConfig                        0x0800364b   Thumb Code    40  stm32f4xx_rcc.o(.text)
    RCC_ITConfig                             0x08003673   Thumb Code    34  stm32f4xx_rcc.o(.text)
    RCC_ClearFlag                            0x08003695   Thumb Code    18  stm32f4xx_rcc.o(.text)
    RCC_GetITStatus                          0x080036a7   Thumb Code    22  stm32f4xx_rcc.o(.text)
    RCC_ClearITPendingBit                    0x080036bd   Thumb Code     8  stm32f4xx_rcc.o(.text)
    SPI_I2S_DeInit                           0x080036c9   Thumb Code   152  stm32f4xx_spi.o(.text)
    SPI_Init                                 0x08003761   Thumb Code    60  stm32f4xx_spi.o(.text)
    I2S_Init                                 0x0800379d   Thumb Code   396  stm32f4xx_spi.o(.text)
    SPI_StructInit                           0x08003929   Thumb Code    24  stm32f4xx_spi.o(.text)
    I2S_StructInit                           0x08003941   Thumb Code    20  stm32f4xx_spi.o(.text)
    SPI_Cmd                                  0x08003955   Thumb Code    24  stm32f4xx_spi.o(.text)
    I2S_Cmd                                  0x0800396d   Thumb Code    24  stm32f4xx_spi.o(.text)
    SPI_DataSizeConfig                       0x08003985   Thumb Code    18  stm32f4xx_spi.o(.text)
    SPI_BiDirectionalLineConfig              0x08003997   Thumb Code    28  stm32f4xx_spi.o(.text)
    SPI_NSSInternalSoftwareConfig            0x080039b3   Thumb Code    30  stm32f4xx_spi.o(.text)
    SPI_SSOutputCmd                          0x080039d1   Thumb Code    24  stm32f4xx_spi.o(.text)
    SPI_TIModeCmd                            0x080039e9   Thumb Code    24  stm32f4xx_spi.o(.text)
    I2S_FullDuplexConfig                     0x08003a01   Thumb Code    80  stm32f4xx_spi.o(.text)
    SPI_I2S_ReceiveData                      0x08003a51   Thumb Code     6  stm32f4xx_spi.o(.text)
    SPI_I2S_SendData                         0x08003a57   Thumb Code     4  stm32f4xx_spi.o(.text)
    SPI_CalculateCRC                         0x08003a5b   Thumb Code    24  stm32f4xx_spi.o(.text)
    SPI_TransmitCRC                          0x08003a73   Thumb Code    10  stm32f4xx_spi.o(.text)
    SPI_GetCRC                               0x08003a7d   Thumb Code    16  stm32f4xx_spi.o(.text)
    SPI_GetCRCPolynomial                     0x08003a8d   Thumb Code     6  stm32f4xx_spi.o(.text)
    SPI_I2S_DMACmd                           0x08003a93   Thumb Code    18  stm32f4xx_spi.o(.text)
    SPI_I2S_ITConfig                         0x08003aa5   Thumb Code    68  stm32f4xx_spi.o(.text)
    SPI_I2S_GetFlagStatus                    0x08003ae9   Thumb Code    18  stm32f4xx_spi.o(.text)
    SPI_I2S_ClearFlag                        0x08003afb   Thumb Code     6  stm32f4xx_spi.o(.text)
    SPI_I2S_GetITStatus                      0x08003b01   Thumb Code    52  stm32f4xx_spi.o(.text)
    SPI_I2S_ClearITPendingBit                0x08003b35   Thumb Code    20  stm32f4xx_spi.o(.text)
    SYSCFG_DeInit                            0x08003b49   Thumb Code    22  stm32f4xx_syscfg.o(.text)
    SYSCFG_MemoryRemapConfig                 0x08003b5f   Thumb Code     6  stm32f4xx_syscfg.o(.text)
    SYSCFG_MemorySwappingBank                0x08003b65   Thumb Code     6  stm32f4xx_syscfg.o(.text)
    SYSCFG_EXTILineConfig                    0x08003b6b   Thumb Code    66  stm32f4xx_syscfg.o(.text)
    SYSCFG_ETH_MediaInterfaceConfig          0x08003bad   Thumb Code     8  stm32f4xx_syscfg.o(.text)
    SYSCFG_CompensationCellCmd               0x08003bb5   Thumb Code     6  stm32f4xx_syscfg.o(.text)
    SYSCFG_GetCompensationCellStatus         0x08003bbb   Thumb Code    22  stm32f4xx_syscfg.o(.text)
    USART_DeInit                             0x08003bdd   Thumb Code   206  stm32f4xx_usart.o(.text)
    USART_Init                               0x08003cab   Thumb Code   204  stm32f4xx_usart.o(.text)
    USART_StructInit                         0x08003d77   Thumb Code    24  stm32f4xx_usart.o(.text)
    USART_ClockInit                          0x08003d8f   Thumb Code    32  stm32f4xx_usart.o(.text)
    USART_ClockStructInit                    0x08003daf   Thumb Code    12  stm32f4xx_usart.o(.text)
    USART_Cmd                                0x08003dbb   Thumb Code    24  stm32f4xx_usart.o(.text)
    USART_SetPrescaler                       0x08003dd3   Thumb Code    16  stm32f4xx_usart.o(.text)
    USART_OverSampling8Cmd                   0x08003de3   Thumb Code    22  stm32f4xx_usart.o(.text)
    USART_OneBitMethodCmd                    0x08003df9   Thumb Code    24  stm32f4xx_usart.o(.text)
    USART_SendData                           0x08003e11   Thumb Code     8  stm32f4xx_usart.o(.text)
    USART_ReceiveData                        0x08003e19   Thumb Code    10  stm32f4xx_usart.o(.text)
    USART_SetAddress                         0x08003e23   Thumb Code    18  stm32f4xx_usart.o(.text)
    USART_ReceiverWakeUpCmd                  0x08003e35   Thumb Code    24  stm32f4xx_usart.o(.text)
    USART_WakeUpConfig                       0x08003e4d   Thumb Code    18  stm32f4xx_usart.o(.text)
    USART_LINBreakDetectLengthConfig         0x08003e5f   Thumb Code    18  stm32f4xx_usart.o(.text)
    USART_LINCmd                             0x08003e71   Thumb Code    24  stm32f4xx_usart.o(.text)
    USART_SendBreak                          0x08003e89   Thumb Code    10  stm32f4xx_usart.o(.text)
    USART_HalfDuplexCmd                      0x08003e93   Thumb Code    24  stm32f4xx_usart.o(.text)
    USART_SetGuardTime                       0x08003eab   Thumb Code    16  stm32f4xx_usart.o(.text)
    USART_SmartCardCmd                       0x08003ebb   Thumb Code    24  stm32f4xx_usart.o(.text)
    USART_SmartCardNACKCmd                   0x08003ed3   Thumb Code    24  stm32f4xx_usart.o(.text)
    USART_IrDAConfig                         0x08003eeb   Thumb Code    18  stm32f4xx_usart.o(.text)
    USART_IrDACmd                            0x08003efd   Thumb Code    24  stm32f4xx_usart.o(.text)
    USART_DMACmd                             0x08003f15   Thumb Code    18  stm32f4xx_usart.o(.text)
    USART_ITConfig                           0x08003f27   Thumb Code    74  stm32f4xx_usart.o(.text)
    USART_GetFlagStatus                      0x08003f71   Thumb Code    26  stm32f4xx_usart.o(.text)
    USART_ClearFlag                          0x08003f8b   Thumb Code    18  stm32f4xx_usart.o(.text)
    USART_GetITStatus                        0x08003f9d   Thumb Code   118  stm32f4xx_usart.o(.text)
    USART_ClearITPendingBit                  0x08004013   Thumb Code    30  stm32f4xx_usart.o(.text)
    EXTI_DeInit                              0x08004031   Thumb Code    28  stm32f4xx_exti.o(.text)
    EXTI_Init                                0x0800404d   Thumb Code   142  stm32f4xx_exti.o(.text)
    EXTI_StructInit                          0x080040db   Thumb Code    16  stm32f4xx_exti.o(.text)
    EXTI_GenerateSWInterrupt                 0x080040eb   Thumb Code    16  stm32f4xx_exti.o(.text)
    EXTI_GetFlagStatus                       0x080040fb   Thumb Code    22  stm32f4xx_exti.o(.text)
    EXTI_ClearFlag                           0x08004111   Thumb Code     8  stm32f4xx_exti.o(.text)
    EXTI_GetITStatus                         0x08004119   Thumb Code    22  stm32f4xx_exti.o(.text)
    EXTI_ClearITPendingBit                   0x0800412f   Thumb Code     8  stm32f4xx_exti.o(.text)
    __use_no_semihosting                     0x08004141   Thumb Code     2  use_no_semi_2.o(.text)
    __2printf                                0x08004145   Thumb Code    20  noretval__2printf.o(.text)
    _printf_pre_padding                      0x0800415d   Thumb Code    44  _printf_pad.o(.text)
    _printf_post_padding                     0x08004189   Thumb Code    34  _printf_pad.o(.text)
    _printf_int_hex                          0x080041ad   Thumb Code    84  _printf_hex_int.o(.text)
    _printf_longlong_hex                     0x080041ad   Thumb Code     0  _printf_hex_int.o(.text)
    __printf                                 0x08004205   Thumb Code   352  __printf_ss_wp.o(.text)
    __aeabi_memcpy                           0x08004365   Thumb Code     0  rt_memcpy_v6.o(.text)
    __rt_memcpy                              0x08004365   Thumb Code   138  rt_memcpy_v6.o(.text)
    _memcpy_lastbytes                        0x080043cb   Thumb Code     0  rt_memcpy_v6.o(.text)
    __use_two_region_memory                  0x080043ef   Thumb Code     2  heapauxi.o(.text)
    __rt_heap_escrow$2region                 0x080043f1   Thumb Code     2  heapauxi.o(.text)
    __rt_heap_expand$2region                 0x080043f3   Thumb Code     2  heapauxi.o(.text)
    __I$use$semihosting                      0x080043f5   Thumb Code     0  use_no_semi.o(.text)
    __use_no_semihosting_swi                 0x080043f5   Thumb Code     2  use_no_semi.o(.text)
    __read_errno                             0x080043f7   Thumb Code    10  _rserrno.o(.text)
    __set_errno                              0x08004401   Thumb Code    12  _rserrno.o(.text)
    _printf_int_common                       0x0800440d   Thumb Code   178  _printf_intcommon.o(.text)
    __lib_sel_fp_printf                      0x080044bf   Thumb Code     2  _printf_fp_dec.o(.text)
    _printf_fp_dec_real                      0x08004671   Thumb Code   620  _printf_fp_dec.o(.text)
    _printf_char_file                        0x080048dd   Thumb Code    32  _printf_char_file.o(.text)
    __aeabi_memcpy4                          0x08004901   Thumb Code     0  rt_memcpy_w.o(.text)
    __aeabi_memcpy8                          0x08004901   Thumb Code     0  rt_memcpy_w.o(.text)
    __rt_memcpy_w                            0x08004901   Thumb Code   100  rt_memcpy_w.o(.text)
    _memcpy_lastbytes_aligned                0x08004949   Thumb Code     0  rt_memcpy_w.o(.text)
    __rt_locale                              0x08004965   Thumb Code     8  rt_locale_intlibspace.o(.text)
    __aeabi_errno_addr                       0x0800496d   Thumb Code     8  rt_errno_addr_intlibspace.o(.text)
    __errno$intlibspace                      0x0800496d   Thumb Code     0  rt_errno_addr_intlibspace.o(.text)
    __rt_errno_addr$intlibspace              0x0800496d   Thumb Code     0  rt_errno_addr_intlibspace.o(.text)
    _ll_udiv10                               0x08004975   Thumb Code   138  lludiv10.o(.text)
    _printf_char_common                      0x08004a0b   Thumb Code    32  _printf_char_common.o(.text)
    _printf_fp_infnan                        0x08004a31   Thumb Code   112  _printf_fp_infnan.o(.text)
    _btod_etento                             0x08004ab1   Thumb Code   224  bigflt0.o(.text)
    ferror                                   0x08004b95   Thumb Code     8  ferror.o(.text)
    __user_libspace                          0x08004b9d   Thumb Code     8  libspace.o(.text)
    __user_perproc_libspace                  0x08004b9d   Thumb Code     0  libspace.o(.text)
    __user_perthread_libspace                0x08004b9d   Thumb Code     0  libspace.o(.text)
    __user_setup_stackheap                   0x08004ba5   Thumb Code    74  sys_stackheap_outer.o(.text)
    exit                                     0x08004bef   Thumb Code    18  exit.o(.text)
    strcmp                                   0x08004c01   Thumb Code   128  strcmpv7m.o(.text)
    _btod_d2e                                0x08004c81   Thumb Code    62  btod.o(CL$$btod_d2e)
    _d2e_denorm_low                          0x08004cbf   Thumb Code    70  btod.o(CL$$btod_d2e_denorm_low)
    _d2e_norm_op1                            0x08004d05   Thumb Code    96  btod.o(CL$$btod_d2e_norm_op1)
    __btod_div_common                        0x08004d65   Thumb Code   696  btod.o(CL$$btod_div_common)
    _e2e                                     0x0800509d   Thumb Code   220  btod.o(CL$$btod_e2e)
    _btod_ediv                               0x08005179   Thumb Code    42  btod.o(CL$$btod_ediv)
    _btod_emul                               0x080051a3   Thumb Code    42  btod.o(CL$$btod_emul)
    __btod_mult_common                       0x080051cd   Thumb Code   580  btod.o(CL$$btod_mult_common)
    __ARM_fpclassify                         0x08005411   Thumb Code    48  fpclassify.o(i.__ARM_fpclassify)
    __hardfp_asin                            0x08005441   Thumb Code   770  asin.o(i.__hardfp_asin)
    __hardfp_atan                            0x080057a1   Thumb Code   622  atan.o(i.__hardfp_atan)
    __hardfp_atan2                           0x08005a79   Thumb Code   432  atan2.o(i.__hardfp_atan2)
    __hardfp_fabs                            0x08005c69   Thumb Code    20  fabs.o(i.__hardfp_fabs)
    __hardfp_sqrt                            0x08005c7d   Thumb Code   122  sqrt.o(i.__hardfp_sqrt)
    __kernel_poly                            0x08005cf7   Thumb Code   248  poly.o(i.__kernel_poly)
    __mathlib_dbl_infnan                     0x08005def   Thumb Code    20  dunder.o(i.__mathlib_dbl_infnan)
    __mathlib_dbl_infnan2                    0x08005e03   Thumb Code    20  dunder.o(i.__mathlib_dbl_infnan2)
    __mathlib_dbl_invalid                    0x08005e19   Thumb Code    24  dunder.o(i.__mathlib_dbl_invalid)
    __mathlib_dbl_underflow                  0x08005e39   Thumb Code    24  dunder.o(i.__mathlib_dbl_underflow)
    _is_digit                                0x08005e59   Thumb Code    14  __printf_wp.o(i._is_digit)
    atan                                     0x08005e67   Thumb Code    16  atan.o(i.atan)
    fabs                                     0x08005e77   Thumb Code    24  fabs.o(i.fabs)
    sqrt                                     0x08005e8f   Thumb Code   110  sqrt.o(i.sqrt)
    _get_lc_numeric                          0x08005efd   Thumb Code    44  lc_numeric_c.o(locale$$code)
    __aeabi_dneg                             0x08005f29   Thumb Code     0  basic.o(x$fpl$basic)
    _dneg                                    0x08005f29   Thumb Code     6  basic.o(x$fpl$basic)
    __aeabi_fneg                             0x08005f2f   Thumb Code     0  basic.o(x$fpl$basic)
    _fneg                                    0x08005f2f   Thumb Code     6  basic.o(x$fpl$basic)
    _dabs                                    0x08005f35   Thumb Code     6  basic.o(x$fpl$basic)
    _fabs                                    0x08005f3b   Thumb Code     6  basic.o(x$fpl$basic)
    __aeabi_d2f                              0x08005f41   Thumb Code     0  d2f.o(x$fpl$d2f)
    _d2f                                     0x08005f41   Thumb Code    98  d2f.o(x$fpl$d2f)
    __aeabi_dadd                             0x08005fa5   Thumb Code     0  daddsub_clz.o(x$fpl$dadd)
    _dadd                                    0x08005fa5   Thumb Code   332  daddsub_clz.o(x$fpl$dadd)
    __fpl_dcmp_Inf                           0x080060f5   Thumb Code    24  dcmpi.o(x$fpl$dcmpinf)
    __aeabi_ddiv                             0x0800610d   Thumb Code     0  ddiv.o(x$fpl$ddiv)
    _ddiv                                    0x0800610d   Thumb Code   552  ddiv.o(x$fpl$ddiv)
    __aeabi_i2d                              0x080063bd   Thumb Code     0  dflt_clz.o(x$fpl$dflt)
    _dflt                                    0x080063bd   Thumb Code    46  dflt_clz.o(x$fpl$dflt)
    __aeabi_cdcmple                          0x080063ed   Thumb Code     0  dleqf.o(x$fpl$dleqf)
    _dcmple                                  0x080063ed   Thumb Code   120  dleqf.o(x$fpl$dleqf)
    __fpl_dcmple_InfNaN                      0x0800644f   Thumb Code     0  dleqf.o(x$fpl$dleqf)
    __aeabi_dmul                             0x08006465   Thumb Code     0  dmul.o(x$fpl$dmul)
    _dmul                                    0x08006465   Thumb Code   332  dmul.o(x$fpl$dmul)
    __fpl_dnaninf                            0x080065b9   Thumb Code   156  dnaninf.o(x$fpl$dnaninf)
    __fpl_dretinf                            0x08006655   Thumb Code    12  dretinf.o(x$fpl$dretinf)
    __aeabi_cdrcmple                         0x08006661   Thumb Code     0  drleqf.o(x$fpl$drleqf)
    _drcmple                                 0x08006661   Thumb Code   108  drleqf.o(x$fpl$drleqf)
    __aeabi_drsub                            0x080066cd   Thumb Code     0  daddsub_clz.o(x$fpl$drsb)
    _drsb                                    0x080066cd   Thumb Code    22  daddsub_clz.o(x$fpl$drsb)
    _dsqrt                                   0x080066e5   Thumb Code   404  dsqrt_umaal.o(x$fpl$dsqrt)
    __aeabi_dsub                             0x0800687d   Thumb Code     0  daddsub_clz.o(x$fpl$dsub)
    _dsub                                    0x0800687d   Thumb Code   464  daddsub_clz.o(x$fpl$dsub)
    __aeabi_f2d                              0x08006a51   Thumb Code     0  f2d.o(x$fpl$f2d)
    _f2d                                     0x08006a51   Thumb Code    86  f2d.o(x$fpl$f2d)
    __fpl_fnaninf                            0x08006aa7   Thumb Code   140  fnaninf.o(x$fpl$fnaninf)
    _fp_init                                 0x08006b33   Thumb Code    10  fpinit.o(x$fpl$fpinit)
    __fplib_config_fpu_vfp                   0x08006b3b   Thumb Code     0  fpinit.o(x$fpl$fpinit)
    __fplib_config_pureend_doubles           0x08006b3b   Thumb Code     0  fpinit.o(x$fpl$fpinit)
    __fpl_fretinf                            0x08006b3d   Thumb Code    10  fretinf.o(x$fpl$fretinf)
    _printf_fp_dec                           0x08006b47   Thumb Code     4  printf1.o(x$fpl$printf1)
    __I$use$fp                               0x08006b4a   Number         0  usenofp.o(x$fpl$usenofp)
    __mathlib_zero                           0x08006c78   Data           8  qnan.o(.constdata)
    Region$$Table$$Base                      0x08006d14   Number         0  anon$$obj.o(Region$$Table)
    Region$$Table$$Limit                     0x08006d34   Number         0  anon$$obj.o(Region$$Table)
    SystemCoreClock                          0x20000000   Data           4  system_stm32f4xx.o(.data)
    AHBPrescTable                            0x20000004   Data          16  system_stm32f4xx.o(.data)
    ads_data                                 0x20000014   Data          33  ads1299.o(.data)
    stream_data                              0x20000035   Data           1  ads1299.o(.data)
    imu_yaw_angle                            0x20000040   Data           4  imu.o(.data)
    imu_yaw_angular_speed                    0x20000044   Data           4  imu.o(.data)
    imu_pitch_angular_speed                  0x20000048   Data           4  imu.o(.data)
    q0                                       0x20000060   Data           4  imu.o(.data)
    q1                                       0x20000064   Data           4  imu.o(.data)
    q2                                       0x20000068   Data           4  imu.o(.data)
    q3                                       0x2000006c   Data           4  imu.o(.data)
    ist_buff                                 0x20000094   Data           6  imu.o(.data)
    __stdout                                 0x2000010c   Data           4  usart.o(.data)
    USART_RX_STA                             0x20000110   Data           2  usart.o(.data)
    mpu_buff                                 0x20000180   Data          14  imu.o(.bss)
    IST8310_FIFO                             0x20000190   Data          72  imu.o(.bss)
    uart_send_data                           0x20000220   Data          33  usart.o(.bss)
    USART_RX_BUF                             0x20000241   Data         200  usart.o(.bss)
    __libspace_start                         0x2000030c   Data          96  libspace.o(.bss)
    __temporary_stack_top$libspace           0x2000036c   Data           0  libspace.o(.bss)



==============================================================================

Memory Map of the image

  Image Entry point : 0x08000189

  Load Region LR_IROM1 (Base: 0x08000000, Size: 0x00006e74, Max: 0x00100000, ABSOLUTE)

    Execution Region ER_IROM1 (Exec base: 0x08000000, Load base: 0x08000000, Size: 0x00006d50, Max: 0x00100000, ABSOLUTE)

    Exec Addr    Load Addr    Size         Type   Attr      Idx    E Section Name        Object

    0x08000000   0x08000000   0x00000188   Data   RO          613    RESET               startup_stm32f40_41xxx.o
    0x08000188   0x08000188   0x00000008   Code   RO          863  * !!!main             c_w.l(__main.o)
    0x08000190   0x08000190   0x00000034   Code   RO         1203    !!!scatter          c_w.l(__scatter.o)
    0x080001c4   0x080001c4   0x0000001a   Code   RO         1205    !!handler_copy      c_w.l(__scatter_copy.o)
    0x080001de   0x080001de   0x00000002   PAD
    0x080001e0   0x080001e0   0x0000001c   Code   RO         1207    !!handler_zi        c_w.l(__scatter_zi.o)
    0x080001fc   0x080001fc   0x00000000   Code   RO          858    .ARM.Collect$$_printf_percent$$00000000  c_w.l(_printf_percent.o)
    0x080001fc   0x080001fc   0x00000006   Code   RO          857    .ARM.Collect$$_printf_percent$$00000003  c_w.l(_printf_f.o)
    0x08000202   0x08000202   0x00000006   Code   RO          856    .ARM.Collect$$_printf_percent$$0000000C  c_w.l(_printf_x.o)
    0x08000208   0x08000208   0x00000004   Code   RO          948    .ARM.Collect$$_printf_percent$$00000017  c_w.l(_printf_percent_end.o)
    0x0800020c   0x0800020c   0x00000002   Code   RO         1080    .ARM.Collect$$libinit$$00000000  c_w.l(libinit.o)
    0x0800020e   0x0800020e   0x00000004   Code   RO         1081    .ARM.Collect$$libinit$$00000001  c_w.l(libinit2.o)
    0x08000212   0x08000212   0x00000000   Code   RO         1084    .ARM.Collect$$libinit$$00000004  c_w.l(libinit2.o)
    0x08000212   0x08000212   0x00000000   Code   RO         1087    .ARM.Collect$$libinit$$0000000A  c_w.l(libinit2.o)
    0x08000212   0x08000212   0x00000000   Code   RO         1089    .ARM.Collect$$libinit$$0000000C  c_w.l(libinit2.o)
    0x08000212   0x08000212   0x00000000   Code   RO         1091    .ARM.Collect$$libinit$$0000000E  c_w.l(libinit2.o)
    0x08000212   0x08000212   0x00000006   Code   RO         1092    .ARM.Collect$$libinit$$0000000F  c_w.l(libinit2.o)
    0x08000218   0x08000218   0x00000000   Code   RO         1094    .ARM.Collect$$libinit$$00000011  c_w.l(libinit2.o)
    0x08000218   0x08000218   0x00000000   Code   RO         1096    .ARM.Collect$$libinit$$00000013  c_w.l(libinit2.o)
    0x08000218   0x08000218   0x00000000   Code   RO         1098    .ARM.Collect$$libinit$$00000015  c_w.l(libinit2.o)
    0x08000218   0x08000218   0x0000000a   Code   RO         1099    .ARM.Collect$$libinit$$00000016  c_w.l(libinit2.o)
    0x08000222   0x08000222   0x00000000   Code   RO         1100    .ARM.Collect$$libinit$$00000017  c_w.l(libinit2.o)
    0x08000222   0x08000222   0x00000000   Code   RO         1102    .ARM.Collect$$libinit$$00000019  c_w.l(libinit2.o)
    0x08000222   0x08000222   0x00000000   Code   RO         1104    .ARM.Collect$$libinit$$0000001B  c_w.l(libinit2.o)
    0x08000222   0x08000222   0x00000000   Code   RO         1106    .ARM.Collect$$libinit$$0000001D  c_w.l(libinit2.o)
    0x08000222   0x08000222   0x00000000   Code   RO         1108    .ARM.Collect$$libinit$$0000001F  c_w.l(libinit2.o)
    0x08000222   0x08000222   0x00000000   Code   RO         1110    .ARM.Collect$$libinit$$00000021  c_w.l(libinit2.o)
    0x08000222   0x08000222   0x00000000   Code   RO         1112    .ARM.Collect$$libinit$$00000023  c_w.l(libinit2.o)
    0x08000222   0x08000222   0x00000000   Code   RO         1114    .ARM.Collect$$libinit$$00000025  c_w.l(libinit2.o)
    0x08000222   0x08000222   0x00000000   Code   RO         1118    .ARM.Collect$$libinit$$0000002C  c_w.l(libinit2.o)
    0x08000222   0x08000222   0x00000000   Code   RO         1120    .ARM.Collect$$libinit$$0000002E  c_w.l(libinit2.o)
    0x08000222   0x08000222   0x00000000   Code   RO         1122    .ARM.Collect$$libinit$$00000030  c_w.l(libinit2.o)
    0x08000222   0x08000222   0x00000000   Code   RO         1124    .ARM.Collect$$libinit$$00000032  c_w.l(libinit2.o)
    0x08000222   0x08000222   0x00000002   Code   RO         1125    .ARM.Collect$$libinit$$00000033  c_w.l(libinit2.o)
    0x08000224   0x08000224   0x00000002   Code   RO         1153    .ARM.Collect$$libshutdown$$00000000  c_w.l(libshutdown.o)
    0x08000226   0x08000226   0x00000000   Code   RO         1162    .ARM.Collect$$libshutdown$$00000002  c_w.l(libshutdown2.o)
    0x08000226   0x08000226   0x00000000   Code   RO         1164    .ARM.Collect$$libshutdown$$00000004  c_w.l(libshutdown2.o)
    0x08000226   0x08000226   0x00000000   Code   RO         1167    .ARM.Collect$$libshutdown$$00000007  c_w.l(libshutdown2.o)
    0x08000226   0x08000226   0x00000000   Code   RO         1170    .ARM.Collect$$libshutdown$$0000000A  c_w.l(libshutdown2.o)
    0x08000226   0x08000226   0x00000000   Code   RO         1172    .ARM.Collect$$libshutdown$$0000000C  c_w.l(libshutdown2.o)
    0x08000226   0x08000226   0x00000000   Code   RO         1175    .ARM.Collect$$libshutdown$$0000000F  c_w.l(libshutdown2.o)
    0x08000226   0x08000226   0x00000002   Code   RO         1176    .ARM.Collect$$libshutdown$$00000010  c_w.l(libshutdown2.o)
    0x08000228   0x08000228   0x00000000   Code   RO          939    .ARM.Collect$$rtentry$$00000000  c_w.l(__rtentry.o)
    0x08000228   0x08000228   0x00000000   Code   RO          998    .ARM.Collect$$rtentry$$00000002  c_w.l(__rtentry2.o)
    0x08000228   0x08000228   0x00000006   Code   RO         1010    .ARM.Collect$$rtentry$$00000004  c_w.l(__rtentry4.o)
    0x0800022e   0x0800022e   0x00000000   Code   RO         1000    .ARM.Collect$$rtentry$$00000009  c_w.l(__rtentry2.o)
    0x0800022e   0x0800022e   0x00000004   Code   RO         1001    .ARM.Collect$$rtentry$$0000000A  c_w.l(__rtentry2.o)
    0x08000232   0x08000232   0x00000000   Code   RO         1003    .ARM.Collect$$rtentry$$0000000C  c_w.l(__rtentry2.o)
    0x08000232   0x08000232   0x00000008   Code   RO         1004    .ARM.Collect$$rtentry$$0000000D  c_w.l(__rtentry2.o)
    0x0800023a   0x0800023a   0x00000002   Code   RO         1126    .ARM.Collect$$rtexit$$00000000  c_w.l(rtexit.o)
    0x0800023c   0x0800023c   0x00000000   Code   RO         1133    .ARM.Collect$$rtexit$$00000002  c_w.l(rtexit2.o)
    0x0800023c   0x0800023c   0x00000004   Code   RO         1134    .ARM.Collect$$rtexit$$00000003  c_w.l(rtexit2.o)
    0x08000240   0x08000240   0x00000006   Code   RO         1135    .ARM.Collect$$rtexit$$00000004  c_w.l(rtexit2.o)
    0x08000246   0x08000246   0x00000034   Code   RO            3    .text               main.o
    0x0800027a   0x0800027a   0x0000001a   Code   RO          164    .text               stm32f4xx_it.o
    0x08000294   0x08000294   0x00000210   Code   RO          288    .text               system_stm32f4xx.o
    0x080004a4   0x080004a4   0x0000003c   Code   RO          314    .text               led.o
    0x080004e0   0x080004e0   0x0000012c   Code   RO          393    .text               spi.o
    0x0800060c   0x0800060c   0x000003e8   Code   RO          413    .text               ads1299.o
    0x080009f4   0x080009f4   0x00000066   Code   RO          443    .text               exti.o
    0x08000a5a   0x08000a5a   0x00000002   PAD
    0x08000a5c   0x08000a5c   0x00001dd8   Code   RO          477    .text               imu.o
    0x08002834   0x08002834   0x00000264   Code   RO          522    .text               myiic.o
    0x08002a98   0x08002a98   0x00000104   Code   RO          542    .text               delay.o
    0x08002b9c   0x08002b9c   0x0000011c   Code   RO          582    .text               usart.o
    0x08002cb8   0x08002cb8   0x00000040   Code   RO          614    .text               startup_stm32f40_41xxx.o
    0x08002cf8   0x08002cf8   0x000000e0   Code   RO          620    .text               misc.o
    0x08002dd8   0x08002dd8   0x00000294   Code   RO          640    .text               stm32f4xx_gpio.o
    0x0800306c   0x0800306c   0x0000065c   Code   RO          683    .text               stm32f4xx_rcc.o
    0x080036c8   0x080036c8   0x00000480   Code   RO          705    .text               stm32f4xx_spi.o
    0x08003b48   0x08003b48   0x00000094   Code   RO          725    .text               stm32f4xx_syscfg.o
    0x08003bdc   0x08003bdc   0x00000454   Code   RO          745    .text               stm32f4xx_usart.o
    0x08004030   0x08004030   0x00000110   Code   RO          765    .text               stm32f4xx_exti.o
    0x08004140   0x08004140   0x00000002   Code   RO          805    .text               c_w.l(use_no_semi_2.o)
    0x08004142   0x08004142   0x00000002   PAD
    0x08004144   0x08004144   0x00000018   Code   RO          809    .text               c_w.l(noretval__2printf.o)
    0x0800415c   0x0800415c   0x0000004e   Code   RO          813    .text               c_w.l(_printf_pad.o)
    0x080041aa   0x080041aa   0x00000002   PAD
    0x080041ac   0x080041ac   0x00000058   Code   RO          818    .text               c_w.l(_printf_hex_int.o)
    0x08004204   0x08004204   0x00000160   Code   RO          851    .text               c_w.l(__printf_ss_wp.o)
    0x08004364   0x08004364   0x0000008a   Code   RO          859    .text               c_w.l(rt_memcpy_v6.o)
    0x080043ee   0x080043ee   0x00000006   Code   RO          861    .text               c_w.l(heapauxi.o)
    0x080043f4   0x080043f4   0x00000002   Code   RO          937    .text               c_w.l(use_no_semi.o)
    0x080043f6   0x080043f6   0x00000016   Code   RO          940    .text               c_w.l(_rserrno.o)
    0x0800440c   0x0800440c   0x000000b2   Code   RO          942    .text               c_w.l(_printf_intcommon.o)
    0x080044be   0x080044be   0x0000041e   Code   RO          944    .text               c_w.l(_printf_fp_dec.o)
    0x080048dc   0x080048dc   0x00000024   Code   RO          946    .text               c_w.l(_printf_char_file.o)
    0x08004900   0x08004900   0x00000064   Code   RO          949    .text               c_w.l(rt_memcpy_w.o)
    0x08004964   0x08004964   0x00000008   Code   RO         1015    .text               c_w.l(rt_locale_intlibspace.o)
    0x0800496c   0x0800496c   0x00000008   Code   RO         1020    .text               c_w.l(rt_errno_addr_intlibspace.o)
    0x08004974   0x08004974   0x0000008a   Code   RO         1022    .text               c_w.l(lludiv10.o)
    0x080049fe   0x080049fe   0x00000002   PAD
    0x08004a00   0x08004a00   0x00000030   Code   RO         1024    .text               c_w.l(_printf_char_common.o)
    0x08004a30   0x08004a30   0x00000080   Code   RO         1026    .text               c_w.l(_printf_fp_infnan.o)
    0x08004ab0   0x08004ab0   0x000000e4   Code   RO         1028    .text               c_w.l(bigflt0.o)
    0x08004b94   0x08004b94   0x00000008   Code   RO         1053    .text               c_w.l(ferror.o)
    0x08004b9c   0x08004b9c   0x00000008   Code   RO         1064    .text               c_w.l(libspace.o)
    0x08004ba4   0x08004ba4   0x0000004a   Code   RO         1067    .text               c_w.l(sys_stackheap_outer.o)
    0x08004bee   0x08004bee   0x00000012   Code   RO         1071    .text               c_w.l(exit.o)
    0x08004c00   0x08004c00   0x00000080   Code   RO         1073    .text               c_w.l(strcmpv7m.o)
    0x08004c80   0x08004c80   0x0000003e   Code   RO         1031    CL$$btod_d2e        c_w.l(btod.o)
    0x08004cbe   0x08004cbe   0x00000046   Code   RO         1033    CL$$btod_d2e_denorm_low  c_w.l(btod.o)
    0x08004d04   0x08004d04   0x00000060   Code   RO         1032    CL$$btod_d2e_norm_op1  c_w.l(btod.o)
    0x08004d64   0x08004d64   0x00000338   Code   RO         1041    CL$$btod_div_common  c_w.l(btod.o)
    0x0800509c   0x0800509c   0x000000dc   Code   RO         1038    CL$$btod_e2e        c_w.l(btod.o)
    0x08005178   0x08005178   0x0000002a   Code   RO         1035    CL$$btod_ediv       c_w.l(btod.o)
    0x080051a2   0x080051a2   0x0000002a   Code   RO         1034    CL$$btod_emul       c_w.l(btod.o)
    0x080051cc   0x080051cc   0x00000244   Code   RO         1040    CL$$btod_mult_common  c_w.l(btod.o)
    0x08005410   0x08005410   0x00000030   Code   RO          992    i.__ARM_fpclassify  m_wm.l(fpclassify.o)
    0x08005440   0x08005440   0x00000360   Code   RO          893    i.__hardfp_asin     m_wm.l(asin.o)
    0x080057a0   0x080057a0   0x000002d8   Code   RO          964    i.__hardfp_atan     m_wm.l(atan.o)
    0x08005a78   0x08005a78   0x000001f0   Code   RO          907    i.__hardfp_atan2    m_wm.l(atan2.o)
    0x08005c68   0x08005c68   0x00000014   Code   RO          919    i.__hardfp_fabs     m_wm.l(fabs.o)
    0x08005c7c   0x08005c7c   0x0000007a   Code   RO          925    i.__hardfp_sqrt     m_wm.l(sqrt.o)
    0x08005cf6   0x08005cf6   0x000000f8   Code   RO          994    i.__kernel_poly     m_wm.l(poly.o)
    0x08005dee   0x08005dee   0x00000014   Code   RO          979    i.__mathlib_dbl_infnan  m_wm.l(dunder.o)
    0x08005e02   0x08005e02   0x00000014   Code   RO          980    i.__mathlib_dbl_infnan2  m_wm.l(dunder.o)
    0x08005e16   0x08005e16   0x00000002   PAD
    0x08005e18   0x08005e18   0x00000020   Code   RO          981    i.__mathlib_dbl_invalid  m_wm.l(dunder.o)
    0x08005e38   0x08005e38   0x00000020   Code   RO          984    i.__mathlib_dbl_underflow  m_wm.l(dunder.o)
    0x08005e58   0x08005e58   0x0000000e   Code   RO          846    i._is_digit         c_w.l(__printf_wp.o)
    0x08005e66   0x08005e66   0x00000010   Code   RO          966    i.atan              m_wm.l(atan.o)
    0x08005e76   0x08005e76   0x00000018   Code   RO          921    i.fabs              m_wm.l(fabs.o)
    0x08005e8e   0x08005e8e   0x0000006e   Code   RO          927    i.sqrt              m_wm.l(sqrt.o)
    0x08005efc   0x08005efc   0x0000002c   Code   RO         1058    locale$$code        c_w.l(lc_numeric_c.o)
    0x08005f28   0x08005f28   0x00000018   Code   RO          865    x$fpl$basic         fz_wm.l(basic.o)
    0x08005f40   0x08005f40   0x00000062   Code   RO          867    x$fpl$d2f           fz_wm.l(d2f.o)
    0x08005fa2   0x08005fa2   0x00000002   PAD
    0x08005fa4   0x08005fa4   0x00000150   Code   RO          869    x$fpl$dadd          fz_wm.l(daddsub_clz.o)
    0x080060f4   0x080060f4   0x00000018   Code   RO         1060    x$fpl$dcmpinf       fz_wm.l(dcmpi.o)
    0x0800610c   0x0800610c   0x000002b0   Code   RO          876    x$fpl$ddiv          fz_wm.l(ddiv.o)
    0x080063bc   0x080063bc   0x0000002e   Code   RO          880    x$fpl$dflt          fz_wm.l(dflt_clz.o)
    0x080063ea   0x080063ea   0x00000002   PAD
    0x080063ec   0x080063ec   0x00000078   Code   RO          951    x$fpl$dleqf         fz_wm.l(dleqf.o)
    0x08006464   0x08006464   0x00000154   Code   RO          885    x$fpl$dmul          fz_wm.l(dmul.o)
    0x080065b8   0x080065b8   0x0000009c   Code   RO          953    x$fpl$dnaninf       fz_wm.l(dnaninf.o)
    0x08006654   0x08006654   0x0000000c   Code   RO          955    x$fpl$dretinf       fz_wm.l(dretinf.o)
    0x08006660   0x08006660   0x0000006c   Code   RO          887    x$fpl$drleqf        fz_wm.l(drleqf.o)
    0x080066cc   0x080066cc   0x00000016   Code   RO          870    x$fpl$drsb          fz_wm.l(daddsub_clz.o)
    0x080066e2   0x080066e2   0x00000002   PAD
    0x080066e4   0x080066e4   0x00000198   Code   RO          957    x$fpl$dsqrt         fz_wm.l(dsqrt_umaal.o)
    0x0800687c   0x0800687c   0x000001d4   Code   RO          871    x$fpl$dsub          fz_wm.l(daddsub_clz.o)
    0x08006a50   0x08006a50   0x00000056   Code   RO          889    x$fpl$f2d           fz_wm.l(f2d.o)
    0x08006aa6   0x08006aa6   0x0000008c   Code   RO          959    x$fpl$fnaninf       fz_wm.l(fnaninf.o)
    0x08006b32   0x08006b32   0x0000000a   Code   RO         1130    x$fpl$fpinit        fz_wm.l(fpinit.o)
    0x08006b3c   0x08006b3c   0x0000000a   Code   RO          961    x$fpl$fretinf       fz_wm.l(fretinf.o)
    0x08006b46   0x08006b46   0x00000004   Code   RO          891    x$fpl$printf1       fz_wm.l(printf1.o)
    0x08006b4a   0x08006b4a   0x00000000   Code   RO          963    x$fpl$usenofp       fz_wm.l(usenofp.o)
    0x08006b4a   0x08006b4a   0x00000006   PAD
    0x08006b50   0x08006b50   0x00000018   Data   RO          479    .constdata          imu.o
    0x08006b68   0x08006b68   0x00000028   Data   RO          819    .constdata          c_w.l(_printf_hex_int.o)
    0x08006b90   0x08006b90   0x00000050   Data   RO          896    .constdata          m_wm.l(asin.o)
    0x08006be0   0x08006be0   0x00000098   Data   RO          967    .constdata          m_wm.l(atan.o)
    0x08006c78   0x08006c78   0x00000008   Data   RO          996    .constdata          m_wm.l(qnan.o)
    0x08006c80   0x08006c80   0x00000094   Data   RO         1029    .constdata          c_w.l(bigflt0.o)
    0x08006d14   0x08006d14   0x00000020   Data   RO         1201    Region$$Table       anon$$obj.o
    0x08006d34   0x08006d34   0x0000001c   Data   RO         1057    locale$$data        c_w.l(lc_numeric_c.o)


    Execution Region RW_IRAM1 (Exec base: 0x20000000, Load base: 0x08006d50, Size: 0x00000970, Max: 0x00020000, ABSOLUTE)

    Exec Addr    Load Addr    Size         Type   Attr      Idx    E Section Name        Object

    0x20000000   0x08006d50   0x00000014   Data   RW          289    .data               system_stm32f4xx.o
    0x20000014   0x08006d64   0x0000002c   Data   RW          415    .data               ads1299.o
    0x20000040   0x08006d90   0x000000c8   Data   RW          480    .data               imu.o
    0x20000108   0x08006e58   0x00000004   Data   RW          543    .data               delay.o
    0x2000010c   0x08006e5c   0x00000006   Data   RW          584    .data               usart.o
    0x20000112   0x08006e62   0x00000010   Data   RW          684    .data               stm32f4xx_rcc.o
    0x20000122   0x08006e72   0x00000002   PAD
    0x20000124        -       0x00000057   Zero   RW          414    .bss                ads1299.o
    0x2000017b   0x08006e72   0x00000005   PAD
    0x20000180        -       0x000000a0   Zero   RW          478    .bss                imu.o
    0x20000220        -       0x000000e9   Zero   RW          583    .bss                usart.o
    0x20000309   0x08006e72   0x00000003   PAD
    0x2000030c        -       0x00000060   Zero   RW         1065    .bss                c_w.l(libspace.o)
    0x2000036c   0x08006e72   0x00000004   PAD
    0x20000370        -       0x00000200   Zero   RW          612    HEAP                startup_stm32f40_41xxx.o
    0x20000570        -       0x00000400   Zero   RW          611    STACK               startup_stm32f40_41xxx.o


==============================================================================

Image component sizes


      Code (inc. data)   RO Data    RW Data    ZI Data      Debug   Object Name

      1000        198          0         44         87       3835   ads1299.o
       260          8          0          4          0       1557   delay.o
       102          0          0          0          0        728   exti.o
      7640        610         24        200        160      12413   imu.o
        60          4          0          0          0     232155   led.o
        52          0          0          0          0     257627   main.o
       224         20          0          0          0       1897   misc.o
       612         12          0          0          0       1964   myiic.o
       300         10          0          0          0       1073   spi.o
        64         26        392          0       1536        856   startup_stm32f40_41xxx.o
       272         10          0          0          0       2367   stm32f4xx_exti.o
       660         44          0          0          0       4237   stm32f4xx_gpio.o
        26          0          0          0          0      37734   stm32f4xx_it.o
      1628         52          0         16          0      13152   stm32f4xx_rcc.o
      1152         36          0          0          0       6985   stm32f4xx_spi.o
       148         12          0          0          0       1885   stm32f4xx_syscfg.o
      1108         34          0          0          0       7960   stm32f4xx_usart.o
       528         46          0         20          0       1895   system_stm32f4xx.o
       284         10          0          6        233       3854   usart.o

    ----------------------------------------------------------------------
     16122       1132        448        292       2024     594174   Object Totals
         0          0         32          0          0          0   (incl. Generated)
         2          0          0          2          8          0   (incl. Padding)

    ----------------------------------------------------------------------

      Code (inc. data)   RO Data    RW Data    ZI Data      Debug   Library Member Name

         8          0          0          0          0         68   __main.o
       352          0          0          0          0         88   __printf_ss_wp.o
        14          0          0          0          0         68   __printf_wp.o
         0          0          0          0          0          0   __rtentry.o
        12          0          0          0          0          0   __rtentry2.o
         6          0          0          0          0          0   __rtentry4.o
        52          8          0          0          0          0   __scatter.o
        26          0          0          0          0          0   __scatter_copy.o
        28          0          0          0          0          0   __scatter_zi.o
        48          6          0          0          0         96   _printf_char_common.o
        36          4          0          0          0         80   _printf_char_file.o
         6          0          0          0          0          0   _printf_f.o
      1054          0          0          0          0        216   _printf_fp_dec.o
       128         16          0          0          0         84   _printf_fp_infnan.o
        88          4         40          0          0         88   _printf_hex_int.o
       178          0          0          0          0         88   _printf_intcommon.o
        78          0          0          0          0        108   _printf_pad.o
         0          0          0          0          0          0   _printf_percent.o
         4          0          0          0          0          0   _printf_percent_end.o
         6          0          0          0          0          0   _printf_x.o
        22          0          0          0          0        100   _rserrno.o
       228          4        148          0          0         96   bigflt0.o
      1936        128          0          0          0        672   btod.o
        18          0          0          0          0         80   exit.o
         8          0          0          0          0         68   ferror.o
         6          0          0          0          0        152   heapauxi.o
        44         10         28          0          0         76   lc_numeric_c.o
         2          0          0          0          0          0   libinit.o
        22          0          0          0          0          0   libinit2.o
         2          0          0          0          0          0   libshutdown.o
         2          0          0          0          0          0   libshutdown2.o
         8          4          0          0         96         68   libspace.o
       138          0          0          0          0         80   lludiv10.o
        24          4          0          0          0         84   noretval__2printf.o
         8          4          0          0          0         68   rt_errno_addr_intlibspace.o
         8          4          0          0          0         68   rt_locale_intlibspace.o
       138          0          0          0          0         68   rt_memcpy_v6.o
       100          0          0          0          0         80   rt_memcpy_w.o
         2          0          0          0          0          0   rtexit.o
        10          0          0          0          0          0   rtexit2.o
       128          0          0          0          0         68   strcmpv7m.o
        74          0          0          0          0         80   sys_stackheap_outer.o
         2          0          0          0          0         68   use_no_semi.o
         2          0          0          0          0         68   use_no_semi_2.o
        24          0          0          0          0        164   basic.o
        98          4          0          0          0        140   d2f.o
       826         16          0          0          0        492   daddsub_clz.o
        24          0          0          0          0        116   dcmpi.o
       688        140          0          0          0        256   ddiv.o
        46          0          0          0          0        116   dflt_clz.o
       120          4          0          0          0        140   dleqf.o
       340         12          0          0          0        152   dmul.o
       156          4          0          0          0        140   dnaninf.o
        12          0          0          0          0        116   dretinf.o
       108          0          0          0          0        128   drleqf.o
       408         56          0          0          0        168   dsqrt_umaal.o
        86          4          0          0          0        132   f2d.o
       140          4          0          0          0        132   fnaninf.o
        10          0          0          0          0        116   fpinit.o
        10          0          0          0          0        116   fretinf.o
         4          0          0          0          0        116   printf1.o
         0          0          0          0          0          0   usenofp.o
       864         94         80          0          0        280   asin.o
       744        106        152          0          0        352   atan.o
       496         64          0          0          0        192   atan2.o
       104         16          0          0          0        496   dunder.o
        44          0          0          0          0        248   fabs.o
        48          0          0          0          0        124   fpclassify.o
       248          0          0          0          0        152   poly.o
         0          0          8          0          0          0   qnan.o
       232          0          0          0          0        296   sqrt.o

    ----------------------------------------------------------------------
     10958        720        456          0        100       7908   Library Totals
        22          0          0          0          4          0   (incl. Padding)

    ----------------------------------------------------------------------

      Code (inc. data)   RO Data    RW Data    ZI Data      Debug   Library Name

      5056        196        216          0         96       3028   c_w.l
      3100        244          0          0          0       2740   fz_wm.l
      2780        280        240          0          0       2140   m_wm.l

    ----------------------------------------------------------------------
     10958        720        456          0        100       7908   Library Totals

    ----------------------------------------------------------------------

==============================================================================


      Code (inc. data)   RO Data    RW Data    ZI Data      Debug   

     27080       1852        904        292       2124     593818   Grand Totals
     27080       1852        904        292       2124     593818   ELF Image Totals
     27080       1852        904        292          0          0   ROM Totals

==============================================================================

    Total RO  Size (Code + RO Data)                27984 (  27.33kB)
    Total RW  Size (RW Data + ZI Data)              2416 (   2.36kB)
    Total ROM Size (Code + RO Data + RW Data)      28276 (  27.61kB)

==============================================================================

